==== production-off
==== production-on
==== seam-off
==== seam-on
==== production-ownership-off
==== production-ownership-on
==== seam-ownership-off
==== seam-ownership-on
==== production-depth-off
==== production-depth-on
==== seam-depth-off
==== seam-depth-on
==== production-admission-off
==== production-admission-on
==== seam-admission-off
==== seam-admission-on
==== production-jitter-on
==== seam-jitter-on
==== production-taa-on
==== seam-taa-on
==== production-ownership-taa-on
==== seam-ownership-taa-on
==== bench-1280x768-taa-off
==== bench-1280x768-taa-on
==== bench-5120x1440-taa-off
==== bench-5120x1440-taa-on
==== production-lazy-on
==== seam-lazy-on
==== seam-ownership-lazy-on
==== seam-taa-lazy-on
==== production-burst-perdraw
==== production-burst-lazy
==== seam-burst-perdraw
==== seam-burst-lazy
==== seam-taa-camera-on
==== seam-taa-camera-sentinel1-on
==== seam-taa-camera-sentinel2-on
==== seam-taa-sentinel2-nocamera-on
==== seam-taa-envmap
==== production-shadow-off
==== seam-shadow-off
==== seam-taa-shadow-off
==== seam-lazy-shadow-off
==== seam-burst-perdraw-shadow-off
==== seam-burst-lazy-shadow-off
==== seam-taa-hook-on
==== seam-taa-hook-unpatched
