motion_capture_mode requested=0 enabled=0 reason=write_exclusion_unavailable scope=private_rigid_diagnostic temporal_consumer=0
motion_output_mode requested=0 scope=live_same_draw_diagnostic history_requires=object_trace,object_lifetime temporal_consumer=0 taa=0 taa_debug=0 jitter=0 jitter_samples=8 cut_median_px=48.000 cut_missing=0.250 rt_mode=perdraw frame_log=60 sentinel=auto camera_cut_deg=20.00 camera_log=300 state_shadow=1 scene_hook=0 hdr=0 taa_k=-1.00000
x3-modern-renderer version=0.4 schema=2 capture_start=1 capture_frames=0 pointer_bits=32
telemetry_start schema=1 qpc_frequency=10000000 qpc=9458209208150 anchor=proxy_initialize cpu_only=1
application_admission_mode requested=0 enabled=0 live_replay=0 coverage_complete=0
telemetry_span name=backend_load qpc_begin=9458209214703 qpc_end=9458210039960 thread=828 success=1 error=0
backend path=C:\windows\system32\d3d9.dll
object_trace active=0 status=disabled recovery_required=0
camera_state active=0 status=disabled
scene_hook active=0 status=disabled
object_lifetime active=0 status=disabled recovery_required=0 baseline_complete=0 baseline_entries=0
telemetry_span name=direct3d_create9 qpc_begin=9458210042874 qpc_end=9458219708045 thread=828 success=1
adapter description=NVIDIA GeForce 8800 GTX driver=nvd3dum.dll vendor=000010de device=00000191
telemetry_summary device=0 frame=0 reason=interval qpc=9458219721471 since_start_us=1051332.100 interval_us=1051332.100 position_suppressed=0 cursor_changes_suppressed=0
telemetry_metric device=0 name=lock_wait count=1 failures=0 total_us=0.500 min_us=0.500 max_us=0.500 bytes=0 buckets=1,0,0,0,0,0
telemetry_presentation phase=create_before device=0 thread=828 focus_window=046401c6 device_window=046401c6 width=64 height=64 format=0 count=0 msaa=0 quality=0 swap_effect=1 windowed=1 auto_depth=0 depth_format=0 flags=00000000 refresh=0 interval=2147483648
create_device adapter=0 flags=00000040 width=64 height=64 format=0 windowed=1 msaa=0 interval=2147483648
telemetry_presentation phase=create_after device=0 thread=828 focus_window=046401c6 device_window=046401c6 width=64 height=64 format=22 count=1 msaa=0 quality=0 swap_effect=1 windowed=1 auto_depth=0 depth_format=0 flags=00000000 refresh=0 interval=2147483648
create_device_result hr=00000000
capture_caps result=00000000 streams=16 vs_float_count=256 ps_version=ffff0300
device_hooked ptr=00115a78 device=1 ex=0
shader kind=ps id=c294f234bcdafae7 bytes=20 dumped=1
telemetry_first_present device=1 frame=0 qpc=9458221548736 since_start_us=1234058.600 capture=0 reset_count=0
telemetry_window_context device=1 frame=0 render_thread=828 window_thread=828 gui_ok=1 gui_active=00000000 gui_focus=00000000 gui_capture=00000000 clip_ok=1 clip=-1512,0,5120,1440 monitor_ok=1 monitor=0,0,5120,1440 work=0,31,5120,1440
telemetry_window device=1 frame=0 qpc=9458221553786 window=046401c6 foreground=00000000 thread_focus=00000000 iconic=0 visible=1 style=14cf0000 exstyle=00000100 window_rect=80,80,240,240 client_rect=0,0,152,126
telemetry_cursor_poll device=1 frame=0 qpc=9458221553786 flags=1 cursor=00000000 x=3004 y=1328
telemetry_present_window device=1 frame=0 override=00000000 device_window=046401c6 result=00000000
frame_end device=1 frame=0 draws=0 capture=0 present=00000000
telemetry_presentation phase=reset_before device=1 thread=828 focus_window=046401c6 device_window=046401c6 width=64 height=64 format=22 count=1 msaa=0 quality=0 swap_effect=1 windowed=1 auto_depth=0 depth_format=0 flags=00000000 refresh=0 interval=2147483648
reset_begin ptr=00115a78 device=1
telemetry_presentation phase=reset_after device=1 thread=828 focus_window=046401c6 device_window=046401c6 width=64 height=64 format=22 count=1 msaa=0 quality=0 swap_effect=1 windowed=1 auto_depth=0 depth_format=0 flags=00000000 refresh=0 interval=2147483648
telemetry_summary device=1 frame=1 reason=reset qpc=9458221661135 since_start_us=1245298.500 interval_us=27903.100 position_suppressed=0 cursor_changes_suppressed=0
telemetry_metric device=1 name=present_normal count=1 failures=0 total_us=448.000 min_us=448.000 max_us=448.000 bytes=0 buckets=0,0,1,0,0,0
telemetry_metric device=1 name=shader_ps_backend count=1 failures=0 total_us=680.700 min_us=680.700 max_us=680.700 bytes=0 buckets=0,0,1,0,0,0
telemetry_metric device=1 name=texture count=5 failures=2 total_us=273.400 min_us=1.200 max_us=254.200 bytes=0 buckets=4,0,1,0,0,0
telemetry_metric device=1 name=cube_texture count=1 failures=0 total_us=87.500 min_us=87.500 max_us=87.500 bytes=0 buckets=0,1,0,0,0,0
telemetry_metric device=1 name=volume_texture count=1 failures=0 total_us=49.900 min_us=49.900 max_us=49.900 bytes=0 buckets=0,1,0,0,0,0
telemetry_metric device=1 name=render_target count=1 failures=0 total_us=58.800 min_us=58.800 max_us=58.800 bytes=0 buckets=0,1,0,0,0,0
telemetry_metric device=1 name=depth_stencil count=1 failures=0 total_us=27.400 min_us=27.400 max_us=27.400 bytes=0 buckets=0,1,0,0,0,0
telemetry_metric device=1 name=vertex_buffer count=2 failures=0 total_us=176.600 min_us=2.500 max_us=174.100 bytes=128 buckets=1,0,1,0,0,0
telemetry_metric device=1 name=index_buffer count=1 failures=0 total_us=53.700 min_us=53.700 max_us=53.700 bytes=6 buckets=0,1,0,0,0,0
telemetry_metric device=1 name=reset count=1 failures=1 total_us=446.700 min_us=446.700 max_us=446.700 bytes=0 buckets=0,0,1,0,0,0
telemetry_metric device=1 name=log_flush count=1 failures=0 total_us=1.000 min_us=1.000 max_us=1.000 bytes=0 buckets=1,0,0,0,0,0
reset_end device=1 result=8876086c
telemetry_presentation phase=reset_before device=1 thread=828 focus_window=046401c6 device_window=046401c6 width=64 height=64 format=22 count=1 msaa=0 quality=0 swap_effect=1 windowed=1 auto_depth=0 depth_format=0 flags=00000000 refresh=0 interval=2147483648
reset_begin ptr=00115a78 device=1
telemetry_presentation phase=reset_after device=1 thread=828 focus_window=046401c6 device_window=046401c6 width=64 height=64 format=22 count=1 msaa=0 quality=0 swap_effect=1 windowed=1 auto_depth=0 depth_format=0 flags=00000000 refresh=0 interval=2147483648
telemetry_summary device=1 frame=1 reason=reset qpc=9458221735183 since_start_us=1252703.300 interval_us=7404.800 position_suppressed=0 cursor_changes_suppressed=0
telemetry_metric device=1 name=reset count=1 failures=0 total_us=7095.100 min_us=7095.100 max_us=7095.100 bytes=0 buckets=0,0,0,1,0,0
telemetry_metric device=1 name=log_flush count=1 failures=0 total_us=0.300 min_us=0.300 max_us=0.300 bytes=0 buckets=1,0,0,0,0,0
reset_end device=1 result=00000000
telemetry_presentation phase=reset_before device=1 thread=828 focus_window=046401c6 device_window=046401c6 width=64 height=64 format=22 count=1 msaa=0 quality=0 swap_effect=1 windowed=1 auto_depth=0 depth_format=0 flags=00000000 refresh=0 interval=2147483648
reset_begin ptr=00115a78 device=1
telemetry_presentation phase=reset_after device=1 thread=828 focus_window=046401c6 device_window=046401c6 width=64 height=64 format=22 count=1 msaa=0 quality=0 swap_effect=1 windowed=1 auto_depth=0 depth_format=0 flags=00000000 refresh=0 interval=2147483648
telemetry_summary device=1 frame=1 reason=reset qpc=9458221774922 since_start_us=1256677.200 interval_us=3973.900 position_suppressed=0 cursor_changes_suppressed=0
telemetry_metric device=1 name=reset count=1 failures=0 total_us=3737.900 min_us=3737.900 max_us=3737.900 bytes=0 buckets=0,0,0,1,0,0
telemetry_metric device=1 name=log_flush count=1 failures=0 total_us=0.300 min_us=0.300 max_us=0.300 bytes=0 buckets=1,0,0,0,0,0
reset_end device=1 result=00000000
telemetry_summary device=1 frame=1 reason=device_destroy qpc=9458221810213 since_start_us=1260206.300 interval_us=3529.100 position_suppressed=0 cursor_changes_suppressed=0
telemetry_metric device=1 name=texture count=1 failures=0 total_us=6.900 min_us=6.900 max_us=6.900 bytes=0 buckets=1,0,0,0,0,0
telemetry_metric device=1 name=log_flush count=1 failures=0 total_us=0.300 min_us=0.300 max_us=0.300 bytes=0 buckets=1,0,0,0,0,0
telemetry_summary device=0 frame=1 reason=device_destroy qpc=9458221810586 since_start_us=1260243.600 interval_us=208911.500 position_suppressed=0 cursor_changes_suppressed=0
telemetry_metric device=0 name=lock_wait count=86 failures=0 total_us=19.900 min_us=0.000 max_us=2.000 bytes=0 buckets=86,0,0,0,0,0
telemetry_metric device=0 name=create_device count=1 failures=0 total_us=53566.600 min_us=53566.600 max_us=53566.600 bytes=0 buckets=0,0,0,0,1,0
telemetry_metric device=0 name=shader_inspect count=1 failures=0 total_us=1409.000 min_us=1409.000 max_us=1409.000 bytes=0 buckets=0,0,0,1,0,0
telemetry_metric device=0 name=shader_getfunction count=1 failures=0 total_us=39.200 min_us=39.200 max_us=39.200 bytes=0 buckets=0,1,0,0,0,0
telemetry_metric device=0 name=shader_hash count=1 failures=0 total_us=0.400 min_us=0.400 max_us=0.400 bytes=20 buckets=1,0,0,0,0,0
telemetry_metric device=0 name=shader_dump count=1 failures=0 total_us=1333.000 min_us=1333.000 max_us=1333.000 bytes=20 buckets=0,0,0,1,0,0
telemetry_metric device=0 name=log_flush count=1 failures=0 total_us=21.900 min_us=21.900 max_us=21.900 bytes=0 buckets=0,1,0,0,0,0
device_destroy ptr=00115a78 device=1
application_admission_final phase=device active_roots=0 waiting_roots=0 admitted_roots=0 promotions=0 vetoes=0 first_veto=0 enabled=0
telemetry_presentation phase=create_before device=0 thread=828 focus_window=046401c6 device_window=046401c6 width=64 height=64 format=22 count=1 msaa=0 quality=0 swap_effect=1 windowed=1 auto_depth=0 depth_format=0 flags=00000000 refresh=0 interval=2147483648
create_device adapter=0 flags=00000050 width=64 height=64 format=22 windowed=1 msaa=0 interval=2147483648
telemetry_presentation phase=create_after device=0 thread=828 focus_window=046401c6 device_window=046401c6 width=64 height=64 format=22 count=1 msaa=0 quality=0 swap_effect=1 windowed=1 auto_depth=0 depth_format=0 flags=00000000 refresh=0 interval=2147483648
create_device_result hr=00000000
capture_caps result=00000000 streams=16 vs_float_count=256 ps_version=ffff0300
device_hooked ptr=00115a78 device=2 ex=0
telemetry_first_present device=2 frame=0 qpc=9458221947977 since_start_us=1273982.700 capture=0 reset_count=0
telemetry_window_context device=2 frame=0 render_thread=828 window_thread=828 gui_ok=1 gui_active=00000000 gui_focus=00000000 gui_capture=00000000 clip_ok=1 clip=-1512,0,5120,1440 monitor_ok=1 monitor=0,0,5120,1440 work=0,31,5120,1440
telemetry_window device=2 frame=0 qpc=9458221948242 window=046401c6 foreground=00000000 thread_focus=00000000 iconic=0 visible=1 style=14cf0000 exstyle=00000100 window_rect=80,80,240,240 client_rect=0,0,152,126
telemetry_cursor_poll device=2 frame=0 qpc=9458221948242 flags=1 cursor=00000000 x=3004 y=1328
telemetry_present_window device=2 frame=0 override=00000000 device_window=046401c6 result=00000000
frame_end device=2 frame=0 draws=0 capture=0 present=00000000
telemetry_presentation phase=reset_before device=2 thread=828 focus_window=046401c6 device_window=046401c6 width=64 height=64 format=22 count=1 msaa=0 quality=0 swap_effect=1 windowed=1 auto_depth=0 depth_format=0 flags=00000000 refresh=0 interval=2147483648
reset_begin ptr=00115a78 device=2
telemetry_presentation phase=reset_after device=2 thread=828 focus_window=046401c6 device_window=046401c6 width=64 height=64 format=22 count=1 msaa=0 quality=0 swap_effect=1 windowed=1 auto_depth=0 depth_format=0 flags=00000000 refresh=0 interval=2147483648
telemetry_summary device=2 frame=1 reason=reset qpc=9458222008442 since_start_us=1280029.200 interval_us=15961.200 position_suppressed=0 cursor_changes_suppressed=0
telemetry_metric device=2 name=present_normal count=1 failures=0 total_us=56.400 min_us=56.400 max_us=56.400 bytes=0 buckets=0,1,0,0,0,0
telemetry_metric device=2 name=shader_ps_backend count=1 failures=0 total_us=8.100 min_us=8.100 max_us=8.100 bytes=0 buckets=1,0,0,0,0,0
telemetry_metric device=2 name=texture count=5 failures=2 total_us=12.000 min_us=0.600 max_us=4.700 bytes=0 buckets=5,0,0,0,0,0
telemetry_metric device=2 name=cube_texture count=1 failures=0 total_us=3.700 min_us=3.700 max_us=3.700 bytes=0 buckets=1,0,0,0,0,0
telemetry_metric device=2 name=volume_texture count=1 failures=0 total_us=2.300 min_us=2.300 max_us=2.300 bytes=0 buckets=1,0,0,0,0,0
telemetry_metric device=2 name=render_target count=1 failures=0 total_us=2.500 min_us=2.500 max_us=2.500 bytes=0 buckets=1,0,0,0,0,0
telemetry_metric device=2 name=depth_stencil count=1 failures=0 total_us=1.900 min_us=1.900 max_us=1.900 bytes=0 buckets=1,0,0,0,0,0
telemetry_metric device=2 name=vertex_buffer count=2 failures=0 total_us=4.900 min_us=2.100 max_us=2.800 bytes=128 buckets=2,0,0,0,0,0
telemetry_metric device=2 name=index_buffer count=1 failures=0 total_us=1.700 min_us=1.700 max_us=1.700 bytes=6 buckets=1,0,0,0,0,0
telemetry_metric device=2 name=reset count=1 failures=1 total_us=9.300 min_us=9.300 max_us=9.300 bytes=0 buckets=1,0,0,0,0,0
telemetry_metric device=2 name=log_flush count=1 failures=0 total_us=0.400 min_us=0.400 max_us=0.400 bytes=0 buckets=1,0,0,0,0,0
reset_end device=2 result=8876086c
telemetry_presentation phase=reset_before device=2 thread=828 focus_window=046401c6 device_window=046401c6 width=64 height=64 format=22 count=1 msaa=0 quality=0 swap_effect=1 windowed=1 auto_depth=0 depth_format=0 flags=00000000 refresh=0 interval=2147483648
reset_begin ptr=00115a78 device=2
telemetry_presentation phase=reset_after device=2 thread=828 focus_window=046401c6 device_window=046401c6 width=64 height=64 format=22 count=1 msaa=0 quality=0 swap_effect=1 windowed=1 auto_depth=0 depth_format=0 flags=00000000 refresh=0 interval=2147483648
telemetry_summary device=2 frame=1 reason=reset qpc=9458222047570 since_start_us=1283942.000 interval_us=3912.800 position_suppressed=0 cursor_changes_suppressed=0
telemetry_metric device=2 name=reset count=1 failures=0 total_us=3670.500 min_us=3670.500 max_us=3670.500 bytes=0 buckets=0,0,0,1,0,0
telemetry_metric device=2 name=log_flush count=1 failures=0 total_us=0.200 min_us=0.200 max_us=0.200 bytes=0 buckets=1,0,0,0,0,0
reset_end device=2 result=00000000
telemetry_presentation phase=reset_before device=2 thread=828 focus_window=046401c6 device_window=046401c6 width=64 height=64 format=22 count=1 msaa=0 quality=0 swap_effect=1 windowed=1 auto_depth=0 depth_format=0 flags=00000000 refresh=0 interval=2147483648
reset_begin ptr=00115a78 device=2
telemetry_presentation phase=reset_after device=2 thread=828 focus_window=046401c6 device_window=046401c6 width=64 height=64 format=22 count=1 msaa=0 quality=0 swap_effect=1 windowed=1 auto_depth=0 depth_format=0 flags=00000000 refresh=0 interval=2147483648
telemetry_summary device=2 frame=1 reason=reset qpc=9458222100822 since_start_us=1289267.200 interval_us=5325.200 position_suppressed=0 cursor_changes_suppressed=0
telemetry_metric device=2 name=reset count=1 failures=0 total_us=5118.500 min_us=5118.500 max_us=5118.500 bytes=0 buckets=0,0,0,1,0,0
telemetry_metric device=2 name=log_flush count=1 failures=0 total_us=0.400 min_us=0.400 max_us=0.400 bytes=0 buckets=1,0,0,0,0,0
reset_end device=2 result=00000000
telemetry_summary device=2 frame=1 reason=device_destroy qpc=9458222136900 since_start_us=1292875.000 interval_us=3607.800 position_suppressed=0 cursor_changes_suppressed=0
telemetry_metric device=2 name=texture count=1 failures=0 total_us=5.800 min_us=5.800 max_us=5.800 bytes=0 buckets=1,0,0,0,0,0
telemetry_metric device=2 name=log_flush count=1 failures=0 total_us=0.300 min_us=0.300 max_us=0.300 bytes=0 buckets=1,0,0,0,0,0
telemetry_summary device=0 frame=1 reason=device_destroy qpc=9458222137234 since_start_us=1292908.400 interval_us=32664.800 position_suppressed=0 cursor_changes_suppressed=0
telemetry_metric device=0 name=lock_wait count=85 failures=0 total_us=12.500 min_us=0.000 max_us=0.500 bytes=0 buckets=85,0,0,0,0,0
telemetry_metric device=0 name=create_device count=1 failures=0 total_us=2679.200 min_us=2679.200 max_us=2679.200 bytes=0 buckets=0,0,0,1,0,0
telemetry_metric device=0 name=shader_inspect count=1 failures=0 total_us=2.800 min_us=2.800 max_us=2.800 bytes=0 buckets=1,0,0,0,0,0
telemetry_metric device=0 name=shader_getfunction count=1 failures=0 total_us=1.100 min_us=1.100 max_us=1.100 bytes=0 buckets=1,0,0,0,0,0
telemetry_metric device=0 name=shader_hash count=1 failures=0 total_us=0.200 min_us=0.200 max_us=0.200 bytes=20 buckets=1,0,0,0,0,0
telemetry_metric device=0 name=log_flush count=1 failures=0 total_us=0.300 min_us=0.300 max_us=0.300 bytes=0 buckets=1,0,0,0,0,0
device_destroy ptr=00115a78 device=2
application_admission_final phase=device active_roots=0 waiting_roots=0 admitted_roots=0 promotions=0 vetoes=0 first_veto=0 enabled=0
telemetry_presentation phase=create_before device=0 thread=828 focus_window=046401c6 device_window=046401c6 width=64 height=64 format=22 count=1 msaa=0 quality=0 swap_effect=1 windowed=1 auto_depth=0 depth_format=0 flags=00000000 refresh=0 interval=2147483648
create_device adapter=0 flags=00000040 width=64 height=64 format=22 windowed=1 msaa=0 interval=2147483648
telemetry_presentation phase=create_after device=0 thread=828 focus_window=046401c6 device_window=046401c6 width=64 height=64 format=22 count=1 msaa=0 quality=0 swap_effect=1 windowed=1 auto_depth=0 depth_format=0 flags=00000000 refresh=0 interval=2147483648
create_device_result hr=00000000
capture_caps result=00000000 streams=16 vs_float_count=256 ps_version=ffff0300
device_hooked ptr=00115a78 device=3 ex=0
telemetry_summary device=3 frame=0 reason=device_destroy qpc=9458222212170 since_start_us=1300402.000 interval_us=0.000 position_suppressed=0 cursor_changes_suppressed=0
telemetry_summary device=0 frame=0 reason=device_destroy qpc=9458222212317 since_start_us=1300416.700 interval_us=7508.300 position_suppressed=0 cursor_changes_suppressed=0
telemetry_metric device=0 name=lock_wait count=4 failures=0 total_us=1.100 min_us=0.100 max_us=0.500 bytes=0 buckets=4,0,0,0,0,0
telemetry_metric device=0 name=create_device count=1 failures=0 total_us=3878.700 min_us=3878.700 max_us=3878.700 bytes=0 buckets=0,0,0,1,0,0
telemetry_metric device=0 name=log_flush count=1 failures=0 total_us=0.100 min_us=0.100 max_us=0.100 bytes=0 buckets=1,0,0,0,0,0
device_destroy ptr=00115a78 device=3
application_admission_final phase=device active_roots=0 waiting_roots=0 admitted_roots=0 promotions=0 vetoes=0 first_veto=0 enabled=0
application_admission_final phase=factory active_roots=0 waiting_roots=0 admitted_roots=0 promotions=0 vetoes=0 first_veto=0 enabled=0
