motion_capture_mode requested=1 enabled=0 reason=write_exclusion_unavailable scope=private_rigid_diagnostic temporal_consumer=0
motion_output_mode requested=0 scope=live_same_draw_diagnostic history_requires=object_trace,object_lifetime temporal_consumer=0 taa=0 taa_debug=0 jitter=0 jitter_samples=8 cut_median_px=48.000 cut_missing=0.250 rt_mode=perdraw frame_log=60 sentinel=auto camera_cut_deg=20.00 camera_log=300 state_shadow=1 scene_hook=0 hdr=0 taa_k=-1.00000 mip_bias=0 taa_sharpen=0.000
x3-modern-renderer version=0.4 schema=2 capture_start=1 capture_frames=1 pointer_bits=32
telemetry_start schema=1 qpc_frequency=10000000 qpc=9625299684595 anchor=proxy_initialize cpu_only=1 per_draw=0
application_admission_mode requested=0 enabled=0 live_replay=0 coverage_complete=0
ownership_mode requested=1 depth_copy_requested=1 depth_copy_enabled=1 scope=normal9 fallback=native
finite_upload_mode requested=1 enabled=1 scope=verified_managed_uploads payload_retained=0
telemetry_span name=backend_load qpc_begin=9625299691094 qpc_end=9625300497405 thread=1024 success=1 error=0
backend path=C:\windows\system32\d3d9.dll
object_trace active=0 status=executable_mismatch recovery_required=0
camera_state active=0 status=disabled
scene_hook active=0 status=disabled
object_lifetime active=0 status=executable_mismatch recovery_required=0 baseline_complete=0 baseline_entries=0
telemetry_span name=direct3d_create9 qpc_begin=9625300501652 qpc_end=9625309892867 thread=1024 success=1
ownership_factory mode=wrapped native=0011d028 public=0011a908 result=00000000
adapter description=NVIDIA GeForce 8800 GTX driver=nvd3dum.dll vendor=000010de device=00000191
telemetry_summary device=0 frame=0 reason=interval qpc=9625309984285 since_start_us=1029969.000 interval_us=1029969.000 position_suppressed=0 cursor_changes_suppressed=0
telemetry_metric device=0 name=lock_wait count=1 failures=0 total_us=1.200 min_us=1.200 max_us=1.200 bytes=0 buckets=1,0,0,0,0,0
telemetry_presentation phase=create_before device=0 thread=1024 focus_window=00230054 device_window=00230054 width=64 height=64 format=0 count=0 msaa=0 quality=0 swap_effect=1 windowed=1 auto_depth=1 depth_format=77 flags=00000000 refresh=0 interval=2147483648
create_device adapter=0 flags=00000040 width=64 height=64 format=0 windowed=1 msaa=0 interval=2147483648
telemetry_presentation phase=create_after device=0 thread=1024 focus_window=00230054 device_window=00230054 width=64 height=64 format=22 count=1 msaa=0 quality=0 swap_effect=1 windowed=1 auto_depth=1 depth_format=77 flags=00000000 refresh=0 interval=2147483648
create_device_result hr=00000000
capture_caps result=00000000 streams=16 vs_float_count=256 ps_version=ffff0300
device_hooked ptr=00d4f5f8 device=1 ex=0
ownership_copy_depth phase=create_after device=1 frame=0 result=00000000 status=00000000 requested=1 available=1 source_bound=1 copy_valid=0 generation=1 source_epoch=0 copy_epoch=0 source_width=64 source_height=64 source_format=77 source_type=1 source_usage=2 source_pool=0 source_msaa=0 source_quality=0
telemetry_first_present device=1 frame=0 qpc=9625310103432 since_start_us=1041883.700 capture=0 reset_count=0
telemetry_window_context device=1 frame=0 render_thread=1024 window_thread=1024 gui_ok=1 gui_active=00000000 gui_focus=00000000 gui_capture=00000000 clip_ok=1 clip=-1512,0,5120,1440 monitor_ok=1 monitor=0,0,5120,1440 work=0,31,5120,1440
telemetry_window device=1 frame=0 qpc=9625310111416 window=00230054 foreground=00000000 thread_focus=00000000 iconic=0 visible=0 style=04cf0000 exstyle=00000100 window_rect=80,80,240,240 client_rect=0,0,152,126
telemetry_cursor_poll device=1 frame=0 qpc=9625310111416 flags=1 cursor=00000000 x=2000 y=746
telemetry_summary device=1 frame=0 reason=periodic qpc=9625310114683 since_start_us=1043008.800 interval_us=1064.700 position_suppressed=0 cursor_changes_suppressed=0
telemetry_metric device=1 name=present_normal count=1 failures=0 total_us=254.500 min_us=254.500 max_us=254.500 bytes=0 buckets=0,0,1,0,0,0
telemetry_summary device=0 frame=0 reason=periodic qpc=9625310114910 since_start_us=1043031.500 interval_us=13062.500 position_suppressed=0 cursor_changes_suppressed=0
telemetry_metric device=0 name=lock_wait count=3 failures=0 total_us=1.000 min_us=0.100 max_us=0.500 bytes=0 buckets=3,0,0,0,0,0
telemetry_metric device=0 name=create_device count=1 failures=0 total_us=8926.600 min_us=8926.600 max_us=8926.600 bytes=0 buckets=0,0,0,1,0,0
telemetry_metric device=0 name=log_flush count=1 failures=0 total_us=27.600 min_us=27.600 max_us=27.600 bytes=0 buckets=0,1,0,0,0,0
telemetry_present_window device=1 frame=0 override=00000000 device_window=00230054 result=00000000
frame_end device=1 frame=0 draws=0 capture=0 present=00000000 elapsed_ms=1047 dt_ms=0 qpc=9625310115642
finite_upload_metric device=1 frame=0 phase=present result=00000000 status=00000000 requested=1 active=1 generation=1 payload_bytes=0 peak_payload_bytes=0 sidecars=0 metadata_bytes=8192 global_payload_bytes=0 global_sidecars=0 uploads=0 publications=0 invalidations=0 allocation_failures=0 scans=0 classified_bytes=0 scan_ticks=0 qualifier_ticks=0 queries=0 query_ticks=0 query_cache_hits=0 position_components=0
scene_depth_frame phase=begin device=1 frame=1 generation=1
frame_begin device=1 frame=1
telemetry_presentation phase=reset_before device=1 thread=1024 focus_window=00230054 device_window=00230054 width=80 height=64 format=22 count=1 msaa=0 quality=0 swap_effect=1 windowed=1 auto_depth=1 depth_format=77 flags=00000000 refresh=0 interval=2147483648
reset_begin ptr=00d4f5f8 device=1
finite_upload_metric device=1 frame=1 phase=reset_before result=00000000 status=00000000 requested=1 active=1 generation=1 payload_bytes=0 peak_payload_bytes=0 sidecars=0 metadata_bytes=8192 global_payload_bytes=0 global_sidecars=0 uploads=0 publications=0 invalidations=0 allocation_failures=0 scans=0 classified_bytes=0 scan_ticks=0 qualifier_ticks=0 queries=0 query_ticks=0 query_cache_hits=0 position_components=0
telemetry_presentation phase=reset_after device=1 thread=1024 focus_window=00230054 device_window=00230054 width=80 height=64 format=22 count=1 msaa=0 quality=0 swap_effect=1 windowed=1 auto_depth=1 depth_format=77 flags=00000000 refresh=0 interval=2147483648
ownership_copy_depth phase=reset_after device=1 frame=1 result=00000000 status=00000000 requested=1 available=1 source_bound=1 copy_valid=0 generation=3 source_epoch=0 copy_epoch=0 source_width=80 source_height=64 source_format=77 source_type=1 source_usage=2 source_pool=0 source_msaa=0 source_quality=0
finite_upload_metric device=1 frame=1 phase=reset_after result=00000000 status=00000000 requested=1 active=1 generation=2 payload_bytes=0 peak_payload_bytes=0 sidecars=0 metadata_bytes=8192 global_payload_bytes=0 global_sidecars=0 uploads=0 publications=0 invalidations=0 allocation_failures=0 scans=0 classified_bytes=0 scan_ticks=0 qualifier_ticks=0 queries=0 query_ticks=0 query_cache_hits=0 position_components=0
telemetry_summary device=1 frame=1 reason=reset qpc=9625310177265 since_start_us=1049267.000 interval_us=6258.200 position_suppressed=0 cursor_changes_suppressed=0
telemetry_metric device=1 name=reset count=1 failures=0 total_us=4954.400 min_us=4954.400 max_us=4954.400 bytes=0 buckets=0,0,0,1,0,0
telemetry_metric device=1 name=log_flush count=2 failures=0 total_us=1.400 min_us=0.400 max_us=1.000 bytes=0 buckets=2,0,0,0,0,0
reset_end device=1 result=00000000
telemetry_first_present device=1 frame=1 qpc=9625310180949 since_start_us=1049635.400 capture=0 reset_count=1
telemetry_summary device=1 frame=2 reason=device_destroy qpc=9625310195791 since_start_us=1051119.600 interval_us=1852.600 position_suppressed=0 cursor_changes_suppressed=0
telemetry_metric device=1 name=present_normal count=1 failures=0 total_us=6.000 min_us=6.000 max_us=6.000 bytes=0 buckets=1,0,0,0,0,0
telemetry_metric device=1 name=log_flush count=2 failures=0 total_us=0.700 min_us=0.300 max_us=0.400 bytes=0 buckets=2,0,0,0,0,0
telemetry_summary device=0 frame=2 reason=device_destroy qpc=9625310196130 since_start_us=1051153.500 interval_us=8122.000 position_suppressed=0 cursor_changes_suppressed=0
telemetry_metric device=0 name=lock_wait count=6 failures=0 total_us=1.800 min_us=0.100 max_us=0.500 bytes=0 buckets=6,0,0,0,0,0
telemetry_metric device=0 name=log_flush count=1 failures=0 total_us=0.100 min_us=0.100 max_us=0.100 bytes=0 buckets=1,0,0,0,0,0
device_destroy ptr=00d4f5f8 device=1
application_admission_final phase=device active_roots=0 waiting_roots=0 admitted_roots=0 promotions=0 vetoes=0 first_veto=0 enabled=0
application_admission_final phase=factory active_roots=0 waiting_roots=0 admitted_roots=0 promotions=0 vetoes=0 first_veto=0 enabled=0
