motion_capture_mode requested=0 enabled=0 reason=write_exclusion_unavailable scope=private_rigid_diagnostic temporal_consumer=0
x3-modern-renderer version=0.4 schema=2 capture_start=1 capture_frames=1 pointer_bits=32
telemetry_start schema=1 qpc_frequency=10000000 qpc=8215276979045 anchor=proxy_initialize cpu_only=1
application_admission_mode requested=0 enabled=0 live_replay=0 coverage_complete=0
ownership_mode requested=0 depth_copy_requested=1 depth_copy_enabled=0 scope=normal9 fallback=native
telemetry_span name=backend_load qpc_begin=8215276984661 qpc_end=8215278330185 thread=744 success=1 error=0
backend path=C:\windows\system32\d3d9.dll
object_trace active=0 status=disabled recovery_required=0
object_lifetime active=0 status=disabled recovery_required=0 baseline_complete=0 baseline_entries=0
telemetry_span name=direct3d_create9 qpc_begin=8215278335822 qpc_end=8215294932897 thread=744 success=1
adapter description=NVIDIA GeForce 8800 GTX driver=nvd3dum.dll vendor=000010de device=00000191
telemetry_summary device=0 frame=0 reason=interval qpc=8215294963600 since_start_us=1798455.500 interval_us=1798455.500 position_suppressed=0 cursor_changes_suppressed=0
telemetry_metric device=0 name=lock_wait count=1 failures=0 total_us=1.700 min_us=1.700 max_us=1.700 bytes=0 buckets=1,0,0,0,0,0
telemetry_presentation phase=create_before device=0 thread=744 focus_window=000f005c device_window=000f005c width=320 height=200 format=0 count=0 msaa=0 quality=0 swap_effect=1 windowed=1 auto_depth=0 depth_format=0 flags=00000000 refresh=0 interval=2147483648
create_device adapter=0 flags=00000040 width=320 height=200 format=0 windowed=1 msaa=0 interval=2147483648
telemetry_presentation phase=create_after device=0 thread=744 focus_window=000f005c device_window=000f005c width=320 height=200 format=22 count=1 msaa=0 quality=0 swap_effect=1 windowed=1 auto_depth=0 depth_format=0 flags=00000000 refresh=0 interval=2147483648
create_device_result hr=00000000
capture_caps result=00000000 streams=16 vs_float_count=256 ps_version=ffff0300
device_hooked ptr=00114238 device=1 ex=0
shader kind=ps id=c294f234bcdafae7 bytes=20 dumped=1
telemetry_first_present device=1 frame=0 qpc=8215296441510 since_start_us=1946246.500 capture=0 reset_count=0
telemetry_window_context device=1 frame=0 render_thread=744 window_thread=744 gui_ok=1 gui_active=00000000 gui_focus=00000000 gui_capture=00000000 clip_ok=1 clip=-1512,0,5120,1440 monitor_ok=1 monitor=0,0,5120,1440 work=0,31,5120,1440
telemetry_window device=1 frame=0 qpc=8215296451148 window=000f005c foreground=00000000 thread_focus=00000000 iconic=0 visible=1 style=14cf0000 exstyle=00000100 window_rect=80,80,420,320 client_rect=0,0,332,206
telemetry_cursor_poll device=1 frame=0 qpc=8215296451148 flags=1 cursor=00000000 x=1865 y=569
telemetry_present_window device=1 frame=0 override=00000000 device_window=000f005c result=00000000
frame_end device=1 frame=0 draws=1 capture=0 present=00000000
frame_begin device=1 frame=1
capture_event device=1 frame=1 seq=1 after_draw=0 op=clear result=00000000 qpc=8215296471084
clear flags=1 color=ff102030 z=1 stencil=0 rect_count=0 rect_ptr=00000000
resource identity=1 ptr=00117a48 type=1
surface role=clear_rt0 ptr=00117a48 identity=1 width=320 height=200 format=22 usage=1 msaa=0 container=0 container_type=0 container_result=80004002
clear_viewport result=00000000 x=0 y=0 w=320 h=200 minz=0 maxz=1
capture_event device=1 frame=1 seq=2 after_draw=0 op=draw_begin result=00000000 qpc=8215296499750
draw device=1 frame=1 index=1 kind=up topology=4 primitives=1 vs=0000000000000000 ps=c294f234bcdafae7
geometry source=user_memory
surface role=rt0 ptr=00117a48 identity=1 width=320 height=200 format=22 usage=1 msaa=0 container=0 container_type=0 container_result=80004002
state id=7 value=0
state id=14 value=1
state id=23 value=4
state id=15 value=0
state id=24 value=0
state id=25 value=8
state id=27 value=0
state id=19 value=2
state id=20 value=1
state id=171 value=1
state id=22 value=1
state id=168 value=15
state id=194 value=0
state id=206 value=0
state id=52 value=0
state id=56 value=8
state id=57 value=0
state id=58 value=4294967295
state id=59 value=4294967295
state id=53 value=1
state id=54 value=1
state id=55 value=1
state id=185 value=0
state id=189 value=8
state id=186 value=1
state id=187 value=1
state id=188 value=1
viewport x=0 y=0 w=320 h=200 minz=0 maxz=1
sampler stage=0 state=6 value=1
sampler stage=0 state=5 value=1
sampler stage=0 state=7 value=0
sampler stage=0 state=10 value=1
sampler stage=0 state=11 value=0
sampler stage=1 state=6 value=1
sampler stage=1 state=5 value=1
sampler stage=1 state=7 value=0
sampler stage=1 state=10 value=1
sampler stage=1 state=11 value=0
sampler stage=2 state=6 value=1
sampler stage=2 state=5 value=1
sampler stage=2 state=7 value=0
sampler stage=2 state=10 value=1
sampler stage=2 state=11 value=0
sampler stage=3 state=6 value=1
sampler stage=3 state=5 value=1
sampler stage=3 state=7 value=0
sampler stage=3 state=10 value=1
sampler stage=3 state=11 value=0
sampler stage=4 state=6 value=1
sampler stage=4 state=5 value=1
sampler stage=4 state=7 value=0
sampler stage=4 state=10 value=1
sampler stage=4 state=11 value=0
sampler stage=5 state=6 value=1
sampler stage=5 state=5 value=1
sampler stage=5 state=7 value=0
sampler stage=5 state=10 value=1
sampler stage=5 state=11 value=0
sampler stage=6 state=6 value=1
sampler stage=6 state=5 value=1
sampler stage=6 state=7 value=0
sampler stage=6 state=10 value=1
sampler stage=6 state=11 value=0
sampler stage=7 state=6 value=1
sampler stage=7 state=5 value=1
sampler stage=7 state=7 value=0
sampler stage=7 state=10 value=1
sampler stage=7 state=11 value=0
sampler stage=8 state=6 value=1
sampler stage=8 state=5 value=1
sampler stage=8 state=7 value=0
sampler stage=8 state=10 value=1
sampler stage=8 state=11 value=0
sampler stage=9 state=6 value=1
sampler stage=9 state=5 value=1
sampler stage=9 state=7 value=0
sampler stage=9 state=10 value=1
sampler stage=9 state=11 value=0
sampler stage=10 state=6 value=1
sampler stage=10 state=5 value=1
sampler stage=10 state=7 value=0
sampler stage=10 state=10 value=1
sampler stage=10 state=11 value=0
sampler stage=11 state=6 value=1
sampler stage=11 state=5 value=1
sampler stage=11 state=7 value=0
sampler stage=11 state=10 value=1
sampler stage=11 state=11 value=0
sampler stage=12 state=6 value=1
sampler stage=12 state=5 value=1
sampler stage=12 state=7 value=0
sampler stage=12 state=10 value=1
sampler stage=12 state=11 value=0
sampler stage=13 state=6 value=1
sampler stage=13 state=5 value=1
sampler stage=13 state=7 value=0
sampler stage=13 state=10 value=1
sampler stage=13 state=11 value=0
sampler stage=14 state=6 value=1
sampler stage=14 state=5 value=1
sampler stage=14 state=7 value=0
sampler stage=14 state=10 value=1
sampler stage=14 state=11 value=0
sampler stage=15 state=6 value=1
sampler stage=15 state=5 value=1
sampler stage=15 state=7 value=0
sampler stage=15 state=10 value=1
sampler stage=15 state=11 value=0
vertex_element stream=0 offset=0 type=3 method=0 usage=9 index=0
vertex_element stream=0 offset=16 type=4 method=0 usage=10 index=0
vertex_element stream=255 offset=0 type=17 method=0 usage=0 index=0
transform state=256 row=0 values=1,0,0,0
transform state=256 row=1 values=0,1,0,0
transform state=256 row=2 values=0,0,1,0
transform state=256 row=3 values=0,0,0,1
transform state=2 row=0 values=1,0,0,0
transform state=2 row=1 values=0,1,0,0
transform state=2 row=2 values=0,0,1,0
transform state=2 row=3 values=0,0,0,1
transform state=3 row=0 values=1,0,0,0
transform state=3 row=1 values=0,1,0,0
transform state=3 row=2 values=0,0,1,0
transform state=3 row=3 values=0,0,0,1
constants kind=vs type=f count=256 result=00000000 encoding=sparse_zero
constants kind=vs type=i count=16 result=00000000 encoding=full
constant kind=vs type=i reg=0 values=0,0,0,0
constant kind=vs type=i reg=1 values=0,0,0,0
constant kind=vs type=i reg=2 values=0,0,0,0
constant kind=vs type=i reg=3 values=0,0,0,0
constant kind=vs type=i reg=4 values=0,0,0,0
constant kind=vs type=i reg=5 values=0,0,0,0
constant kind=vs type=i reg=6 values=0,0,0,0
constant kind=vs type=i reg=7 values=0,0,0,0
constant kind=vs type=i reg=8 values=0,0,0,0
constant kind=vs type=i reg=9 values=0,0,0,0
constant kind=vs type=i reg=10 values=0,0,0,0
constant kind=vs type=i reg=11 values=0,0,0,0
constant kind=vs type=i reg=12 values=0,0,0,0
constant kind=vs type=i reg=13 values=0,0,0,0
constant kind=vs type=i reg=14 values=0,0,0,0
constant kind=vs type=i reg=15 values=0,0,0,0
constants kind=vs type=b count=16 result=00000000 encoding=full
constant kind=vs type=b reg=0 values=0
constant kind=vs type=b reg=1 values=0
constant kind=vs type=b reg=2 values=0
constant kind=vs type=b reg=3 values=0
constant kind=vs type=b reg=4 values=0
constant kind=vs type=b reg=5 values=0
constant kind=vs type=b reg=6 values=0
constant kind=vs type=b reg=7 values=0
constant kind=vs type=b reg=8 values=0
constant kind=vs type=b reg=9 values=0
constant kind=vs type=b reg=10 values=0
constant kind=vs type=b reg=11 values=0
constant kind=vs type=b reg=12 values=0
constant kind=vs type=b reg=13 values=0
constant kind=vs type=b reg=14 values=0
constant kind=vs type=b reg=15 values=0
constants kind=ps type=f count=224 result=00000000 encoding=sparse_zero
constant kind=ps type=f reg=0 bits=3e4ccccd,3f19999a,3f666666,3f800000
constants kind=ps type=i count=16 result=00000000 encoding=full
constant kind=ps type=i reg=0 values=0,0,0,0
constant kind=ps type=i reg=1 values=0,0,0,0
constant kind=ps type=i reg=2 values=0,0,0,0
constant kind=ps type=i reg=3 values=0,0,0,0
constant kind=ps type=i reg=4 values=0,0,0,0
constant kind=ps type=i reg=5 values=0,0,0,0
constant kind=ps type=i reg=6 values=0,0,0,0
constant kind=ps type=i reg=7 values=0,0,0,0
constant kind=ps type=i reg=8 values=0,0,0,0
constant kind=ps type=i reg=9 values=0,0,0,0
constant kind=ps type=i reg=10 values=0,0,0,0
constant kind=ps type=i reg=11 values=0,0,0,0
constant kind=ps type=i reg=12 values=0,0,0,0
constant kind=ps type=i reg=13 values=0,0,0,0
constant kind=ps type=i reg=14 values=0,0,0,0
constant kind=ps type=i reg=15 values=0,0,0,0
constants kind=ps type=b count=16 result=00000000 encoding=full
constant kind=ps type=b reg=0 values=0
constant kind=ps type=b reg=1 values=0
constant kind=ps type=b reg=2 values=0
constant kind=ps type=b reg=3 values=0
constant kind=ps type=b reg=4 values=0
constant kind=ps type=b reg=5 values=0
constant kind=ps type=b reg=6 values=0
constant kind=ps type=b reg=7 values=0
constant kind=ps type=b reg=8 values=0
constant kind=ps type=b reg=9 values=0
constant kind=ps type=b reg=10 values=0
constant kind=ps type=b reg=11 values=0
constant kind=ps type=b reg=12 values=0
constant kind=ps type=b reg=13 values=0
constant kind=ps type=b reg=14 values=0
constant kind=ps type=b reg=15 values=0
draw_args vertex_ptr=0032fcb4 stride=20
motion_input device=1 frame=1 index=1 blockers=00000fff proofs=16 position_path=0 vs=0000000000000000 ps=c294f234bcdafae7 declaration=0000000000000000 rows_hash=b9b23f3a46fd0825 color=0 depth=0 width=0 height=0 cull=1 vb=0 vb_revision=0 ib=0 ib_revision=0 position_offset=0 position_type=0 lifetime_verified=0 vertex_finite_verified=0
motion_geometry device=1 frame=1 index=1 source_qualified=0 source_hash=0000000000000000 source_words=0 finite_requested=0 finite_state=0 finite_reason=14 finite_status=00000001 finite_generation=0 finite_revision=0 index_required=0 index_requested=0 index_known=0 index_range_verified=0 index_exact=0 index_min=0 index_max=0 index_reason=1 index_status=00000001 index_generation=0 index_revision=0
draw_result device=1 frame=1 index=1 result=00000000
frame_end device=1 frame=1 draws=1 capture=1 present=00000000
telemetry_presentation phase=reset_before device=1 thread=744 focus_window=000f005c device_window=000f005c width=320 height=200 format=22 count=1 msaa=0 quality=0 swap_effect=1 windowed=1 auto_depth=0 depth_format=0 flags=00000000 refresh=0 interval=2147483648
reset_begin ptr=00114238 device=1
telemetry_presentation phase=reset_after device=1 thread=744 focus_window=000f005c device_window=000f005c width=320 height=200 format=22 count=1 msaa=0 quality=0 swap_effect=1 windowed=1 auto_depth=0 depth_format=0 flags=00000000 refresh=0 interval=2147483648
telemetry_summary device=1 frame=2 reason=reset qpc=8215296883985 since_start_us=1990494.000 interval_us=60475.100 position_suppressed=0 cursor_changes_suppressed=0
telemetry_metric device=1 name=present_normal count=1 failures=0 total_us=310.500 min_us=310.500 max_us=310.500 bytes=0 buckets=0,0,1,0,0,0
telemetry_metric device=1 name=present_capture count=1 failures=0 total_us=18.900 min_us=18.900 max_us=18.900 bytes=0 buckets=0,1,0,0,0,0
telemetry_metric device=1 name=frame_capture count=1 failures=0 total_us=22395.000 min_us=22395.000 max_us=22395.000 bytes=0 buckets=0,0,0,0,1,0
telemetry_metric device=1 name=draw_backend count=2 failures=0 total_us=18387.600 min_us=4056.100 max_us=14331.500 bytes=0 buckets=0,0,0,1,1,0
telemetry_metric device=1 name=capture_cpu count=2 failures=0 total_us=4657.600 min_us=437.300 max_us=4220.300 bytes=0 buckets=0,0,1,1,0,0
telemetry_metric device=1 name=snapshot count=1 failures=0 total_us=1726.400 min_us=1726.400 max_us=1726.400 bytes=0 buckets=0,0,0,1,0,0
telemetry_metric device=1 name=shader_ps_backend count=1 failures=0 total_us=820.000 min_us=820.000 max_us=820.000 bytes=0 buckets=0,0,1,0,0,0
telemetry_metric device=1 name=texture count=1 failures=0 total_us=657.100 min_us=657.100 max_us=657.100 bytes=0 buckets=0,0,1,0,0,0
telemetry_metric device=1 name=reset count=1 failures=0 total_us=21401.600 min_us=21401.600 max_us=21401.600 bytes=0 buckets=0,0,0,0,1,0
telemetry_metric device=1 name=log_flush count=2 failures=0 total_us=2.500 min_us=0.500 max_us=2.000 bytes=0 buckets=2,0,0,0,0,0
reset_end device=1 result=00000000
telemetry_first_present device=1 frame=2 qpc=8215296902487 since_start_us=1992344.200 capture=0 reset_count=1
telemetry_summary device=1 frame=3 reason=device_destroy qpc=8215297038039 since_start_us=2005899.400 interval_us=15405.400 position_suppressed=0 cursor_changes_suppressed=0
telemetry_metric device=1 name=present_normal count=1 failures=0 total_us=14.300 min_us=14.300 max_us=14.300 bytes=0 buckets=0,1,0,0,0,0
telemetry_metric device=1 name=draw_backend count=1 failures=0 total_us=587.700 min_us=587.700 max_us=587.700 bytes=0 buckets=0,0,1,0,0,0
telemetry_metric device=1 name=log_flush count=2 failures=0 total_us=1.300 min_us=0.300 max_us=1.000 bytes=0 buckets=2,0,0,0,0,0
telemetry_summary device=0 frame=3 reason=device_destroy qpc=8215297038942 since_start_us=2005989.700 interval_us=207534.200 position_suppressed=0 cursor_changes_suppressed=0
telemetry_metric device=0 name=lock_wait count=29 failures=0 total_us=23.800 min_us=0.200 max_us=3.000 bytes=0 buckets=29,0,0,0,0,0
telemetry_metric device=0 name=create_device count=1 failures=0 total_us=98503.100 min_us=98503.100 max_us=98503.100 bytes=0 buckets=0,0,0,0,1,0
telemetry_metric device=0 name=shader_inspect count=2 failures=0 total_us=1869.200 min_us=5.800 max_us=1863.400 bytes=0 buckets=1,0,0,1,0,0
telemetry_metric device=0 name=shader_getfunction count=2 failures=0 total_us=52.200 min_us=2.100 max_us=50.100 bytes=0 buckets=1,1,0,0,0,0
telemetry_metric device=0 name=shader_hash count=2 failures=0 total_us=0.700 min_us=0.300 max_us=0.400 bytes=40 buckets=2,0,0,0,0,0
telemetry_metric device=0 name=shader_dump count=1 failures=0 total_us=1601.200 min_us=1601.200 max_us=1601.200 bytes=20 buckets=0,0,0,1,0,0
telemetry_metric device=0 name=log_flush count=1 failures=0 total_us=37.200 min_us=37.200 max_us=37.200 bytes=0 buckets=0,1,0,0,0,0
device_destroy ptr=00114238 device=1
application_admission_final phase=device active_roots=0 waiting_roots=0 admitted_roots=0 promotions=0 vetoes=0 first_veto=0 enabled=0
telemetry_presentation phase=create_before device=0 thread=744 focus_window=000f005c device_window=000f005c width=320 height=200 format=22 count=1 msaa=0 quality=0 swap_effect=1 windowed=1 auto_depth=0 depth_format=0 flags=00000000 refresh=0 interval=2147483648
create_device adapter=0 flags=00000040 width=320 height=200 format=22 windowed=1 msaa=0 interval=2147483648
telemetry_presentation phase=create_after device=0 thread=744 focus_window=000f005c device_window=000f005c width=320 height=200 format=22 count=1 msaa=0 quality=0 swap_effect=1 windowed=1 auto_depth=0 depth_format=0 flags=00000000 refresh=0 interval=2147483648
create_device_result hr=00000000
capture_caps result=00000000 streams=16 vs_float_count=256 ps_version=ffff0300
device_hooked ptr=00114238 device=2 ex=0
telemetry_first_present device=2 frame=0 qpc=8215297160538 since_start_us=2018149.300 capture=0 reset_count=0
telemetry_window_context device=2 frame=0 render_thread=744 window_thread=744 gui_ok=1 gui_active=00000000 gui_focus=00000000 gui_capture=00000000 clip_ok=1 clip=-1512,0,5120,1440 monitor_ok=1 monitor=0,0,5120,1440 work=0,31,5120,1440
telemetry_window device=2 frame=0 qpc=8215297160802 window=000f005c foreground=00000000 thread_focus=00000000 iconic=0 visible=1 style=14cf0000 exstyle=00000100 window_rect=80,80,420,320 client_rect=0,0,332,206
telemetry_cursor_poll device=2 frame=0 qpc=8215297160802 flags=1 cursor=00000000 x=1865 y=569
telemetry_present_window device=2 frame=0 override=00000000 device_window=000f005c result=00000000
frame_end device=2 frame=0 draws=1 capture=0 present=00000000
frame_begin device=2 frame=1
capture_event device=2 frame=1 seq=1 after_draw=0 op=clear result=00000000 qpc=8215297214761
clear flags=1 color=ff102030 z=1 stencil=0 rect_count=0 rect_ptr=00000000
resource identity=2 ptr=00117a88 type=1
surface role=clear_rt0 ptr=00117a88 identity=2 width=320 height=200 format=22 usage=1 msaa=0 container=0 container_type=0 container_result=80004002
clear_viewport result=00000000 x=0 y=0 w=320 h=200 minz=0 maxz=1
capture_event device=2 frame=1 seq=2 after_draw=0 op=draw_begin result=00000000 qpc=8215297220389
draw device=2 frame=1 index=1 kind=up topology=4 primitives=1 vs=0000000000000000 ps=c294f234bcdafae7
geometry source=user_memory
surface role=rt0 ptr=00117a88 identity=2 width=320 height=200 format=22 usage=1 msaa=0 container=0 container_type=0 container_result=80004002
state id=7 value=0
state id=14 value=1
state id=23 value=4
state id=15 value=0
state id=24 value=0
state id=25 value=8
state id=27 value=0
state id=19 value=2
state id=20 value=1
state id=171 value=1
state id=22 value=1
state id=168 value=15
state id=194 value=0
state id=206 value=0
state id=52 value=0
state id=56 value=8
state id=57 value=0
state id=58 value=4294967295
state id=59 value=4294967295
state id=53 value=1
state id=54 value=1
state id=55 value=1
state id=185 value=0
state id=189 value=8
state id=186 value=1
state id=187 value=1
state id=188 value=1
viewport x=0 y=0 w=320 h=200 minz=0 maxz=1
sampler stage=0 state=6 value=1
sampler stage=0 state=5 value=1
sampler stage=0 state=7 value=0
sampler stage=0 state=10 value=1
sampler stage=0 state=11 value=0
sampler stage=1 state=6 value=1
sampler stage=1 state=5 value=1
sampler stage=1 state=7 value=0
sampler stage=1 state=10 value=1
sampler stage=1 state=11 value=0
sampler stage=2 state=6 value=1
sampler stage=2 state=5 value=1
sampler stage=2 state=7 value=0
sampler stage=2 state=10 value=1
sampler stage=2 state=11 value=0
sampler stage=3 state=6 value=1
sampler stage=3 state=5 value=1
sampler stage=3 state=7 value=0
sampler stage=3 state=10 value=1
sampler stage=3 state=11 value=0
sampler stage=4 state=6 value=1
sampler stage=4 state=5 value=1
sampler stage=4 state=7 value=0
sampler stage=4 state=10 value=1
sampler stage=4 state=11 value=0
sampler stage=5 state=6 value=1
sampler stage=5 state=5 value=1
sampler stage=5 state=7 value=0
sampler stage=5 state=10 value=1
sampler stage=5 state=11 value=0
sampler stage=6 state=6 value=1
sampler stage=6 state=5 value=1
sampler stage=6 state=7 value=0
sampler stage=6 state=10 value=1
sampler stage=6 state=11 value=0
sampler stage=7 state=6 value=1
sampler stage=7 state=5 value=1
sampler stage=7 state=7 value=0
sampler stage=7 state=10 value=1
sampler stage=7 state=11 value=0
sampler stage=8 state=6 value=1
sampler stage=8 state=5 value=1
sampler stage=8 state=7 value=0
sampler stage=8 state=10 value=1
sampler stage=8 state=11 value=0
sampler stage=9 state=6 value=1
sampler stage=9 state=5 value=1
sampler stage=9 state=7 value=0
sampler stage=9 state=10 value=1
sampler stage=9 state=11 value=0
sampler stage=10 state=6 value=1
sampler stage=10 state=5 value=1
sampler stage=10 state=7 value=0
sampler stage=10 state=10 value=1
sampler stage=10 state=11 value=0
sampler stage=11 state=6 value=1
sampler stage=11 state=5 value=1
sampler stage=11 state=7 value=0
sampler stage=11 state=10 value=1
sampler stage=11 state=11 value=0
sampler stage=12 state=6 value=1
sampler stage=12 state=5 value=1
sampler stage=12 state=7 value=0
sampler stage=12 state=10 value=1
sampler stage=12 state=11 value=0
sampler stage=13 state=6 value=1
sampler stage=13 state=5 value=1
sampler stage=13 state=7 value=0
sampler stage=13 state=10 value=1
sampler stage=13 state=11 value=0
sampler stage=14 state=6 value=1
sampler stage=14 state=5 value=1
sampler stage=14 state=7 value=0
sampler stage=14 state=10 value=1
sampler stage=14 state=11 value=0
sampler stage=15 state=6 value=1
sampler stage=15 state=5 value=1
sampler stage=15 state=7 value=0
sampler stage=15 state=10 value=1
sampler stage=15 state=11 value=0
vertex_element stream=0 offset=0 type=3 method=0 usage=9 index=0
vertex_element stream=0 offset=16 type=4 method=0 usage=10 index=0
vertex_element stream=255 offset=0 type=17 method=0 usage=0 index=0
transform state=256 row=0 values=1,0,0,0
transform state=256 row=1 values=0,1,0,0
transform state=256 row=2 values=0,0,1,0
transform state=256 row=3 values=0,0,0,1
transform state=2 row=0 values=1,0,0,0
transform state=2 row=1 values=0,1,0,0
transform state=2 row=2 values=0,0,1,0
transform state=2 row=3 values=0,0,0,1
transform state=3 row=0 values=1,0,0,0
transform state=3 row=1 values=0,1,0,0
transform state=3 row=2 values=0,0,1,0
transform state=3 row=3 values=0,0,0,1
constants kind=vs type=f count=256 result=00000000 encoding=sparse_zero
constants kind=vs type=i count=16 result=00000000 encoding=full
constant kind=vs type=i reg=0 values=0,0,0,0
constant kind=vs type=i reg=1 values=0,0,0,0
constant kind=vs type=i reg=2 values=0,0,0,0
constant kind=vs type=i reg=3 values=0,0,0,0
constant kind=vs type=i reg=4 values=0,0,0,0
constant kind=vs type=i reg=5 values=0,0,0,0
constant kind=vs type=i reg=6 values=0,0,0,0
constant kind=vs type=i reg=7 values=0,0,0,0
constant kind=vs type=i reg=8 values=0,0,0,0
constant kind=vs type=i reg=9 values=0,0,0,0
constant kind=vs type=i reg=10 values=0,0,0,0
constant kind=vs type=i reg=11 values=0,0,0,0
constant kind=vs type=i reg=12 values=0,0,0,0
constant kind=vs type=i reg=13 values=0,0,0,0
constant kind=vs type=i reg=14 values=0,0,0,0
constant kind=vs type=i reg=15 values=0,0,0,0
constants kind=vs type=b count=16 result=00000000 encoding=full
constant kind=vs type=b reg=0 values=0
constant kind=vs type=b reg=1 values=0
constant kind=vs type=b reg=2 values=0
constant kind=vs type=b reg=3 values=0
constant kind=vs type=b reg=4 values=0
constant kind=vs type=b reg=5 values=0
constant kind=vs type=b reg=6 values=0
constant kind=vs type=b reg=7 values=0
constant kind=vs type=b reg=8 values=0
constant kind=vs type=b reg=9 values=0
constant kind=vs type=b reg=10 values=0
constant kind=vs type=b reg=11 values=0
constant kind=vs type=b reg=12 values=0
constant kind=vs type=b reg=13 values=0
constant kind=vs type=b reg=14 values=0
constant kind=vs type=b reg=15 values=0
constants kind=ps type=f count=224 result=00000000 encoding=sparse_zero
constant kind=ps type=f reg=0 bits=3e4ccccd,3f19999a,3f666666,3f800000
constants kind=ps type=i count=16 result=00000000 encoding=full
constant kind=ps type=i reg=0 values=0,0,0,0
constant kind=ps type=i reg=1 values=0,0,0,0
constant kind=ps type=i reg=2 values=0,0,0,0
constant kind=ps type=i reg=3 values=0,0,0,0
constant kind=ps type=i reg=4 values=0,0,0,0
constant kind=ps type=i reg=5 values=0,0,0,0
constant kind=ps type=i reg=6 values=0,0,0,0
constant kind=ps type=i reg=7 values=0,0,0,0
constant kind=ps type=i reg=8 values=0,0,0,0
constant kind=ps type=i reg=9 values=0,0,0,0
constant kind=ps type=i reg=10 values=0,0,0,0
constant kind=ps type=i reg=11 values=0,0,0,0
constant kind=ps type=i reg=12 values=0,0,0,0
constant kind=ps type=i reg=13 values=0,0,0,0
constant kind=ps type=i reg=14 values=0,0,0,0
constant kind=ps type=i reg=15 values=0,0,0,0
constants kind=ps type=b count=16 result=00000000 encoding=full
constant kind=ps type=b reg=0 values=0
constant kind=ps type=b reg=1 values=0
constant kind=ps type=b reg=2 values=0
constant kind=ps type=b reg=3 values=0
constant kind=ps type=b reg=4 values=0
constant kind=ps type=b reg=5 values=0
constant kind=ps type=b reg=6 values=0
constant kind=ps type=b reg=7 values=0
constant kind=ps type=b reg=8 values=0
constant kind=ps type=b reg=9 values=0
constant kind=ps type=b reg=10 values=0
constant kind=ps type=b reg=11 values=0
constant kind=ps type=b reg=12 values=0
constant kind=ps type=b reg=13 values=0
constant kind=ps type=b reg=14 values=0
constant kind=ps type=b reg=15 values=0
draw_args vertex_ptr=0032fcb4 stride=20
motion_input device=2 frame=1 index=1 blockers=00000fff proofs=16 position_path=0 vs=0000000000000000 ps=c294f234bcdafae7 declaration=0000000000000000 rows_hash=b9b23f3a46fd0825 color=0 depth=0 width=0 height=0 cull=1 vb=0 vb_revision=0 ib=0 ib_revision=0 position_offset=0 position_type=0 lifetime_verified=0 vertex_finite_verified=0
motion_geometry device=2 frame=1 index=1 source_qualified=0 source_hash=0000000000000000 source_words=0 finite_requested=0 finite_state=0 finite_reason=14 finite_status=00000001 finite_generation=0 finite_revision=0 index_required=0 index_requested=0 index_known=0 index_range_verified=0 index_exact=0 index_min=0 index_max=0 index_reason=1 index_status=00000001 index_generation=0 index_revision=0
draw_result device=2 frame=1 index=1 result=00000000
frame_end device=2 frame=1 draws=1 capture=1 present=00000000
telemetry_presentation phase=reset_before device=2 thread=744 focus_window=000f005c device_window=000f005c width=320 height=200 format=22 count=1 msaa=0 quality=0 swap_effect=1 windowed=1 auto_depth=0 depth_format=0 flags=00000000 refresh=0 interval=2147483648
reset_begin ptr=00114238 device=2
telemetry_presentation phase=reset_after device=2 thread=744 focus_window=000f005c device_window=000f005c width=320 height=200 format=22 count=1 msaa=0 quality=0 swap_effect=1 windowed=1 auto_depth=0 depth_format=0 flags=00000000 refresh=0 interval=2147483648
telemetry_summary device=2 frame=2 reason=reset qpc=8215297472450 since_start_us=2049340.500 interval_us=35593.900 position_suppressed=0 cursor_changes_suppressed=0
telemetry_metric device=2 name=present_normal count=1 failures=0 total_us=39.700 min_us=39.700 max_us=39.700 bytes=0 buckets=0,1,0,0,0,0
telemetry_metric device=2 name=present_capture count=1 failures=0 total_us=20.200 min_us=20.200 max_us=20.200 bytes=0 buckets=0,1,0,0,0,0
telemetry_metric device=2 name=frame_capture count=1 failures=0 total_us=15603.500 min_us=15603.500 max_us=15603.500 bytes=0 buckets=0,0,0,0,1,0
telemetry_metric device=2 name=draw_backend count=2 failures=0 total_us=8967.200 min_us=509.100 max_us=8458.100 bytes=0 buckets=0,0,1,1,0,0
telemetry_metric device=2 name=capture_cpu count=2 failures=0 total_us=902.800 min_us=51.500 max_us=851.300 bytes=0 buckets=0,1,1,0,0,0
telemetry_metric device=2 name=snapshot count=1 failures=0 total_us=705.700 min_us=705.700 max_us=705.700 bytes=0 buckets=0,0,1,0,0,0
telemetry_metric device=2 name=shader_ps_backend count=1 failures=0 total_us=17.400 min_us=17.400 max_us=17.400 bytes=0 buckets=0,1,0,0,0,0
telemetry_metric device=2 name=texture count=1 failures=0 total_us=22.800 min_us=22.800 max_us=22.800 bytes=0 buckets=0,1,0,0,0,0
telemetry_metric device=2 name=reset count=1 failures=0 total_us=15373.000 min_us=15373.000 max_us=15373.000 bytes=0 buckets=0,0,0,0,1,0
telemetry_metric device=2 name=log_flush count=2 failures=0 total_us=1.200 min_us=0.500 max_us=0.700 bytes=0 buckets=2,0,0,0,0,0
reset_end device=2 result=00000000
telemetry_first_present device=2 frame=2 qpc=8215297485601 since_start_us=2050655.600 capture=0 reset_count=1
telemetry_summary device=2 frame=3 reason=device_destroy qpc=8215297608644 since_start_us=2062959.900 interval_us=13619.400 position_suppressed=0 cursor_changes_suppressed=0
telemetry_metric device=2 name=present_normal count=1 failures=0 total_us=15.300 min_us=15.300 max_us=15.300 bytes=0 buckets=0,1,0,0,0,0
telemetry_metric device=2 name=draw_backend count=1 failures=0 total_us=549.600 min_us=549.600 max_us=549.600 bytes=0 buckets=0,0,1,0,0,0
telemetry_metric device=2 name=log_flush count=2 failures=0 total_us=1.100 min_us=0.400 max_us=0.700 bytes=0 buckets=2,0,0,0,0,0
telemetry_summary device=0 frame=3 reason=device_destroy qpc=8215297609499 since_start_us=2063045.400 interval_us=57055.700 position_suppressed=0 cursor_changes_suppressed=0
telemetry_metric device=0 name=lock_wait count=29 failures=0 total_us=17.500 min_us=0.200 max_us=5.000 bytes=0 buckets=29,0,0,0,0,0
telemetry_metric device=0 name=create_device count=1 failures=0 total_us=6515.100 min_us=6515.100 max_us=6515.100 bytes=0 buckets=0,0,0,1,0,0
telemetry_metric device=0 name=shader_inspect count=2 failures=0 total_us=9.500 min_us=4.000 max_us=5.500 bytes=0 buckets=2,0,0,0,0,0
telemetry_metric device=0 name=shader_getfunction count=2 failures=0 total_us=3.300 min_us=1.600 max_us=1.700 bytes=0 buckets=2,0,0,0,0,0
telemetry_metric device=0 name=shader_hash count=2 failures=0 total_us=0.800 min_us=0.300 max_us=0.500 bytes=40 buckets=2,0,0,0,0,0
telemetry_metric device=0 name=log_flush count=1 failures=0 total_us=0.200 min_us=0.200 max_us=0.200 bytes=0 buckets=1,0,0,0,0,0
device_destroy ptr=00114238 device=2
application_admission_final phase=device active_roots=0 waiting_roots=0 admitted_roots=0 promotions=0 vetoes=0 first_veto=0 enabled=0
application_admission_final phase=factory active_roots=0 waiting_roots=0 admitted_roots=0 promotions=0 vetoes=0 first_veto=0 enabled=0
