x3-modern-renderer version=0.4 schema=2 capture_start=1 capture_frames=0 pointer_bits=32
telemetry_start schema=1 qpc_frequency=10000000 qpc=7962115271538 anchor=proxy_initialize cpu_only=1
loading_trace disabled=fingerprint_mismatch hash=caa06a310cb8d65c bytes=248766
ownership_mode requested=1 depth_copy_requested=1 depth_copy_enabled=1 scope=normal9 fallback=native
telemetry_span name=backend_load qpc_begin=7962115281208 qpc_end=7962116128631 thread=940 success=1 error=0
backend path=C:\windows\system32\d3d9.dll
telemetry_span name=direct3d_create9 qpc_begin=7962116129798 qpc_end=7962127321200 thread=940 success=1
ownership_factory mode=wrapped native=00118cf8 public=001191d8 result=00000000
adapter description=NVIDIA GeForce 8800 GTX driver=nvd3dum.dll vendor=000010de device=00000191
telemetry_summary device=0 frame=0 reason=interval qpc=7962127412848 since_start_us=1214131.000 interval_us=1214131.000 position_suppressed=0 cursor_changes_suppressed=0
telemetry_metric device=0 name=lock_wait count=1 failures=0 total_us=1.400 min_us=1.400 max_us=1.400 bytes=0 buckets=1,0,0,0,0,0
telemetry_presentation phase=create_before device=0 thread=940 focus_window=000d006c device_window=000d006c width=64 height=64 format=0 count=0 msaa=0 quality=0 swap_effect=1 windowed=1 auto_depth=1 depth_format=77 flags=00000000 refresh=0 interval=2147483648
create_device adapter=0 flags=00000040 width=64 height=64 format=0 windowed=1 msaa=0 interval=2147483648
telemetry_presentation phase=create_after device=0 thread=940 focus_window=000d006c device_window=000d006c width=64 height=64 format=22 count=1 msaa=0 quality=0 swap_effect=1 windowed=1 auto_depth=1 depth_format=77 flags=00000000 refresh=0 interval=2147483648
create_device_result hr=00000000
capture_caps result=00000000 streams=16 vs_float_count=256 ps_version=ffff0300
device_hooked ptr=00d0b018 device=1 ex=0
ownership_copy_depth phase=create_after device=1 result=00000000 status=00000000 requested=1 available=1 source_bound=1 copy_valid=0 generation=1 source_epoch=0 copy_epoch=0 source_width=64 source_height=64 source_format=77 source_type=1 source_usage=2 source_pool=0 source_msaa=0 source_quality=0
telemetry_first_present device=1 frame=0 qpc=7962127531408 since_start_us=1225987.000 capture=0 reset_count=0
telemetry_window_context device=1 frame=0 render_thread=940 window_thread=940 gui_ok=1 gui_active=00000000 gui_focus=00000000 gui_capture=00000000 clip_ok=1 clip=-1512,0,5120,1440 monitor_ok=1 monitor=0,0,5120,1440 work=0,31,5120,1440
telemetry_window device=1 frame=0 qpc=7962127539875 window=000d006c foreground=00000000 thread_focus=00000000 iconic=0 visible=0 style=04cf0000 exstyle=00000100 window_rect=80,80,240,240 client_rect=0,0,152,126
telemetry_cursor_poll device=1 frame=0 qpc=7962127539875 flags=1 cursor=00000000 x=1995 y=766
telemetry_summary device=1 frame=0 reason=periodic qpc=7962127543496 since_start_us=1227195.750 interval_us=1138.100 position_suppressed=0 cursor_changes_suppressed=0
telemetry_metric device=1 name=present_normal count=1 failures=0 total_us=158.600 min_us=158.600 max_us=158.600 bytes=0 buckets=0,0,1,0,0,0
telemetry_summary device=0 frame=0 reason=periodic qpc=7962127546237 since_start_us=1227469.875 interval_us=13338.900 position_suppressed=0 cursor_changes_suppressed=0
telemetry_metric device=0 name=lock_wait count=3 failures=0 total_us=1.500 min_us=0.400 max_us=0.600 bytes=0 buckets=3,0,0,0,0,0
telemetry_metric device=0 name=create_device count=1 failures=0 total_us=9140.500 min_us=9140.500 max_us=9140.500 bytes=0 buckets=0,0,0,1,0,0
telemetry_metric device=0 name=log_flush count=1 failures=0 total_us=22.100 min_us=22.100 max_us=22.100 bytes=0 buckets=0,1,0,0,0,0
telemetry_present_window device=1 frame=0 override=00000000 device_window=000d006c result=00000000
frame_end device=1 frame=0 draws=0 capture=0 present=00000000
telemetry_presentation phase=reset_before device=1 thread=940 focus_window=000d006c device_window=000d006c width=80 height=64 format=22 count=1 msaa=0 quality=0 swap_effect=1 windowed=1 auto_depth=1 depth_format=77 flags=00000000 refresh=0 interval=2147483648
reset_begin ptr=00d0b018 device=1
telemetry_presentation phase=reset_after device=1 thread=940 focus_window=000d006c device_window=000d006c width=80 height=64 format=22 count=1 msaa=0 quality=0 swap_effect=1 windowed=1 auto_depth=1 depth_format=77 flags=00000000 refresh=0 interval=2147483648
ownership_copy_depth phase=reset_after device=1 result=00000000 status=00000000 requested=1 available=1 source_bound=1 copy_valid=0 generation=3 source_epoch=0 copy_epoch=0 source_width=80 source_height=64 source_format=77 source_type=1 source_usage=2 source_pool=0 source_msaa=0 source_quality=0
telemetry_summary device=1 frame=1 reason=reset qpc=7962127590951 since_start_us=1231941.375 interval_us=4745.500 position_suppressed=0 cursor_changes_suppressed=0
telemetry_metric device=1 name=reset count=1 failures=0 total_us=4072.400 min_us=4072.400 max_us=4072.400 bytes=0 buckets=0,0,0,1,0,0
telemetry_metric device=1 name=log_flush count=2 failures=0 total_us=1.000 min_us=0.500 max_us=0.500 bytes=0 buckets=2,0,0,0,0,0
reset_end device=1 result=00000000
telemetry_first_present device=1 frame=1 qpc=7962127594498 since_start_us=1232296.000 capture=0 reset_count=1
telemetry_summary device=1 frame=2 reason=device_destroy qpc=7962127606761 since_start_us=1233522.250 interval_us=1581.000 position_suppressed=0 cursor_changes_suppressed=0
telemetry_metric device=1 name=present_normal count=1 failures=0 total_us=5.500 min_us=5.500 max_us=5.500 bytes=0 buckets=1,0,0,0,0,0
telemetry_metric device=1 name=log_flush count=2 failures=0 total_us=0.600 min_us=0.200 max_us=0.400 bytes=0 buckets=2,0,0,0,0,0
telemetry_summary device=0 frame=2 reason=device_destroy qpc=7962127607016 since_start_us=1233547.875 interval_us=6077.900 position_suppressed=0 cursor_changes_suppressed=0
telemetry_metric device=0 name=lock_wait count=6 failures=0 total_us=2.800 min_us=0.100 max_us=0.900 bytes=0 buckets=6,0,0,0,0,0
telemetry_metric device=0 name=log_flush count=1 failures=0 total_us=0.200 min_us=0.200 max_us=0.200 bytes=0 buckets=1,0,0,0,0,0
device_destroy ptr=00d0b018 device=1
