motion_capture_mode requested=0 enabled=0 reason=write_exclusion_unavailable scope=private_rigid_diagnostic temporal_consumer=0
motion_output_mode requested=0 scope=live_same_draw_diagnostic history_requires=object_trace,object_lifetime temporal_consumer=0 taa=0 taa_debug=0 jitter=0 jitter_samples=8 cut_median_px=48.000 cut_missing=0.250 rt_mode=perdraw frame_log=60 sentinel=auto camera_cut_deg=20.00 camera_log=300
x3-modern-renderer version=0.4 schema=2 capture_start=1 capture_frames=0 pointer_bits=32
telemetry_start schema=1 qpc_frequency=10000000 qpc=9255346006597 anchor=proxy_initialize cpu_only=1
application_admission_mode requested=0 enabled=0 live_replay=0 coverage_complete=0
telemetry_span name=backend_load qpc_begin=9255346011381 qpc_end=9255346105171 thread=3040 success=1 error=0
backend path=C:\windows\system32\d3d9.dll
object_trace active=0 status=disabled recovery_required=0
camera_state active=0 status=disabled
object_lifetime active=0 status=disabled recovery_required=0 baseline_complete=0 baseline_entries=0
telemetry_span name=direct3d_create9 qpc_begin=9255346107553 qpc_end=9255356183659 thread=3040 success=1
adapter description=NVIDIA GeForce 8800 GTX driver=nvd3dum.dll vendor=000010de device=00000191
telemetry_summary device=0 frame=0 reason=interval qpc=9255356190992 since_start_us=1018439.500 interval_us=1018439.500 position_suppressed=0 cursor_changes_suppressed=0
telemetry_metric device=0 name=lock_wait count=1 failures=0 total_us=0.500 min_us=0.500 max_us=0.500 bytes=0 buckets=1,0,0,0,0,0
telemetry_presentation phase=create_before device=0 thread=3040 focus_window=054a01ce device_window=054a01ce width=64 height=64 format=0 count=0 msaa=0 quality=0 swap_effect=1 windowed=1 auto_depth=0 depth_format=0 flags=00000000 refresh=0 interval=2147483648
create_device adapter=0 flags=00000040 width=64 height=64 format=0 windowed=1 msaa=0 interval=2147483648
telemetry_presentation phase=create_after device=0 thread=3040 focus_window=054a01ce device_window=054a01ce width=64 height=64 format=22 count=1 msaa=0 quality=0 swap_effect=1 windowed=1 auto_depth=0 depth_format=0 flags=00000000 refresh=0 interval=2147483648
create_device_result hr=00000000
capture_caps result=00000000 streams=16 vs_float_count=256 ps_version=ffff0300
device_hooked ptr=0011fb10 device=1 ex=0
application_admission_final phase=factory active_roots=0 waiting_roots=0 admitted_roots=0 promotions=0 vetoes=0 first_veto=0 enabled=0
telemetry_summary device=1 frame=0 reason=device_destroy qpc=9255356324362 since_start_us=1031776.500 interval_us=4750.900 position_suppressed=0 cursor_changes_suppressed=0
telemetry_metric device=1 name=texture count=1 failures=0 total_us=249.100 min_us=249.100 max_us=249.100 bytes=0 buckets=0,0,1,0,0,0
telemetry_summary device=0 frame=0 reason=device_destroy qpc=9255356324612 since_start_us=1031801.500 interval_us=13362.000 position_suppressed=0 cursor_changes_suppressed=0
telemetry_metric device=0 name=lock_wait count=7 failures=0 total_us=2.200 min_us=0.100 max_us=0.600 bytes=0 buckets=7,0,0,0,0,0
telemetry_metric device=0 name=create_device count=1 failures=0 total_us=6177.600 min_us=6177.600 max_us=6177.600 bytes=0 buckets=0,0,0,1,0,0
telemetry_metric device=0 name=log_flush count=1 failures=0 total_us=25.400 min_us=25.400 max_us=25.400 bytes=0 buckets=0,1,0,0,0,0
device_destroy ptr=0011fb10 device=1
application_admission_final phase=device active_roots=0 waiting_roots=0 admitted_roots=0 promotions=0 vetoes=0 first_veto=0 enabled=0
telemetry_span name=direct3d_create9 qpc_begin=9255356336166 qpc_end=9255357216773 thread=3040 success=1
adapter description=NVIDIA GeForce 8800 GTX driver=nvd3dum.dll vendor=000010de device=00000191
telemetry_presentation phase=create_before device=0 thread=3040 focus_window=054a01ce device_window=054a01ce width=64 height=64 format=22 count=1 msaa=0 quality=0 swap_effect=1 windowed=1 auto_depth=0 depth_format=0 flags=00000000 refresh=0 interval=2147483648
create_device adapter=0 flags=00000040 width=64 height=64 format=22 windowed=1 msaa=0 interval=2147483648
telemetry_presentation phase=create_after device=0 thread=3040 focus_window=054a01ce device_window=054a01ce width=64 height=64 format=22 count=1 msaa=0 quality=0 swap_effect=1 windowed=1 auto_depth=0 depth_format=0 flags=00000000 refresh=0 interval=2147483648
create_device_result hr=00000000
capture_caps result=00000000 streams=16 vs_float_count=256 ps_version=ffff0300
device_hooked ptr=00c91270 device=2 ex=0
application_admission_final phase=factory active_roots=0 waiting_roots=0 admitted_roots=0 promotions=0 vetoes=0 first_veto=0 enabled=0
telemetry_summary device=2 frame=0 reason=device_destroy qpc=9255357257145 since_start_us=1125054.800 interval_us=1970.500 position_suppressed=0 cursor_changes_suppressed=0
telemetry_metric device=2 name=texture count=1 failures=0 total_us=7.700 min_us=7.700 max_us=7.700 bytes=0 buckets=1,0,0,0,0,0
telemetry_summary device=0 frame=0 reason=device_destroy qpc=9255357257414 since_start_us=1125081.700 interval_us=93280.200 position_suppressed=0 cursor_changes_suppressed=0
telemetry_metric device=0 name=lock_wait count=8 failures=0 total_us=1.400 min_us=0.100 max_us=0.300 bytes=0 buckets=8,0,0,0,0,0
telemetry_metric device=0 name=create_device count=1 failures=0 total_us=1846.500 min_us=1846.500 max_us=1846.500 bytes=0 buckets=0,0,0,1,0,0
telemetry_metric device=0 name=log_flush count=1 failures=0 total_us=0.100 min_us=0.100 max_us=0.100 bytes=0 buckets=1,0,0,0,0,0
device_destroy ptr=00c91270 device=2
application_admission_final phase=device active_roots=0 waiting_roots=0 admitted_roots=0 promotions=0 vetoes=0 first_veto=0 enabled=0
telemetry_span name=direct3d_create9 qpc_begin=9255357262646 qpc_end=9255358136684 thread=3040 success=1
adapter description=NVIDIA GeForce 8800 GTX driver=nvd3dum.dll vendor=000010de device=00000191
telemetry_presentation phase=create_before device=0 thread=3040 focus_window=054a01ce device_window=054a01ce width=64 height=64 format=22 count=1 msaa=0 quality=0 swap_effect=1 windowed=1 auto_depth=0 depth_format=0 flags=00000000 refresh=0 interval=2147483648
create_device adapter=0 flags=00000040 width=64 height=64 format=22 windowed=1 msaa=0 interval=2147483648
telemetry_presentation phase=create_after device=0 thread=3040 focus_window=054a01ce device_window=054a01ce width=64 height=64 format=22 count=1 msaa=0 quality=0 swap_effect=1 windowed=1 auto_depth=0 depth_format=0 flags=00000000 refresh=0 interval=2147483648
create_device_result hr=00000000
capture_caps result=00000000 streams=16 vs_float_count=256 ps_version=ffff0300
device_hooked ptr=00c91270 device=3 ex=0
application_admission_final phase=factory active_roots=0 waiting_roots=0 admitted_roots=0 promotions=0 vetoes=0 first_veto=0 enabled=0
telemetry_summary device=3 frame=0 reason=device_destroy qpc=9255358173440 since_start_us=1216684.300 interval_us=1928.100 position_suppressed=0 cursor_changes_suppressed=0
telemetry_metric device=3 name=texture count=1 failures=0 total_us=4.900 min_us=4.900 max_us=4.900 bytes=0 buckets=1,0,0,0,0,0
telemetry_summary device=0 frame=0 reason=device_destroy qpc=9255358173733 since_start_us=1216713.600 interval_us=91631.900 position_suppressed=0 cursor_changes_suppressed=0
telemetry_metric device=0 name=lock_wait count=8 failures=0 total_us=1.000 min_us=0.100 max_us=0.200 bytes=0 buckets=8,0,0,0,0,0
telemetry_metric device=0 name=create_device count=1 failures=0 total_us=1578.900 min_us=1578.900 max_us=1578.900 bytes=0 buckets=0,0,0,1,0,0
telemetry_metric device=0 name=log_flush count=1 failures=0 total_us=0.200 min_us=0.200 max_us=0.200 bytes=0 buckets=1,0,0,0,0,0
device_destroy ptr=00c91270 device=3
application_admission_final phase=device active_roots=0 waiting_roots=0 admitted_roots=0 promotions=0 vetoes=0 first_veto=0 enabled=0
telemetry_span name=direct3d_create9 qpc_begin=9255358179092 qpc_end=9255359025291 thread=3040 success=1
adapter description=NVIDIA GeForce 8800 GTX driver=nvd3dum.dll vendor=000010de device=00000191
telemetry_presentation phase=create_before device=0 thread=3040 focus_window=054a01ce device_window=054a01ce width=64 height=64 format=22 count=1 msaa=0 quality=0 swap_effect=1 windowed=1 auto_depth=0 depth_format=0 flags=00000000 refresh=0 interval=2147483648
create_device adapter=0 flags=00000040 width=64 height=64 format=22 windowed=1 msaa=0 interval=2147483648
telemetry_presentation phase=create_after device=0 thread=3040 focus_window=054a01ce device_window=054a01ce width=64 height=64 format=22 count=1 msaa=0 quality=0 swap_effect=1 windowed=1 auto_depth=0 depth_format=0 flags=00000000 refresh=0 interval=2147483648
create_device_result hr=00000000
capture_caps result=00000000 streams=16 vs_float_count=256 ps_version=ffff0300
device_hooked ptr=00c91270 device=4 ex=0
application_admission_final phase=factory active_roots=0 waiting_roots=0 admitted_roots=0 promotions=0 vetoes=0 first_veto=0 enabled=0
telemetry_summary device=4 frame=0 reason=device_destroy qpc=9255359061719 since_start_us=1305512.200 interval_us=1851.300 position_suppressed=0 cursor_changes_suppressed=0
telemetry_metric device=4 name=texture count=1 failures=0 total_us=4.600 min_us=4.600 max_us=4.600 bytes=0 buckets=1,0,0,0,0,0
telemetry_summary device=0 frame=0 reason=device_destroy qpc=9255359061976 since_start_us=1305537.900 interval_us=88824.300 position_suppressed=0 cursor_changes_suppressed=0
telemetry_metric device=0 name=lock_wait count=8 failures=0 total_us=1.200 min_us=0.000 max_us=0.500 bytes=0 buckets=8,0,0,0,0,0
telemetry_metric device=0 name=create_device count=1 failures=0 total_us=1639.400 min_us=1639.400 max_us=1639.400 bytes=0 buckets=0,0,0,1,0,0
telemetry_metric device=0 name=log_flush count=1 failures=0 total_us=0.200 min_us=0.200 max_us=0.200 bytes=0 buckets=1,0,0,0,0,0
device_destroy ptr=00c91270 device=4
application_admission_final phase=device active_roots=0 waiting_roots=0 admitted_roots=0 promotions=0 vetoes=0 first_veto=0 enabled=0
telemetry_span name=direct3d_create9 qpc_begin=9255359067180 qpc_end=9255359935207 thread=3040 success=1
adapter description=NVIDIA GeForce 8800 GTX driver=nvd3dum.dll vendor=000010de device=00000191
telemetry_presentation phase=create_before device=0 thread=3040 focus_window=054a01ce device_window=054a01ce width=64 height=64 format=22 count=1 msaa=0 quality=0 swap_effect=1 windowed=1 auto_depth=0 depth_format=0 flags=00000000 refresh=0 interval=2147483648
create_device adapter=0 flags=00000040 width=64 height=64 format=22 windowed=1 msaa=0 interval=2147483648
telemetry_presentation phase=create_after device=0 thread=3040 focus_window=054a01ce device_window=054a01ce width=64 height=64 format=22 count=1 msaa=0 quality=0 swap_effect=1 windowed=1 auto_depth=0 depth_format=0 flags=00000000 refresh=0 interval=2147483648
create_device_result hr=00000000
capture_caps result=00000000 streams=16 vs_float_count=256 ps_version=ffff0300
device_hooked ptr=00c91270 device=5 ex=0
application_admission_final phase=factory active_roots=0 waiting_roots=0 admitted_roots=0 promotions=0 vetoes=0 first_veto=0 enabled=0
telemetry_summary device=5 frame=0 reason=device_destroy qpc=9255359973301 since_start_us=1396670.400 interval_us=1876.000 position_suppressed=0 cursor_changes_suppressed=0
telemetry_metric device=5 name=texture count=1 failures=0 total_us=5.100 min_us=5.100 max_us=5.100 bytes=0 buckets=1,0,0,0,0,0
telemetry_summary device=0 frame=0 reason=device_destroy qpc=9255359973597 since_start_us=1396700.000 interval_us=91162.100 position_suppressed=0 cursor_changes_suppressed=0
telemetry_metric device=0 name=lock_wait count=8 failures=0 total_us=1.600 min_us=0.100 max_us=0.600 bytes=0 buckets=8,0,0,0,0,0
telemetry_metric device=0 name=create_device count=1 failures=0 total_us=1738.600 min_us=1738.600 max_us=1738.600 bytes=0 buckets=0,0,0,1,0,0
telemetry_metric device=0 name=log_flush count=1 failures=0 total_us=0.200 min_us=0.200 max_us=0.200 bytes=0 buckets=1,0,0,0,0,0
device_destroy ptr=00c91270 device=5
application_admission_final phase=device active_roots=0 waiting_roots=0 admitted_roots=0 promotions=0 vetoes=0 first_veto=0 enabled=0
telemetry_span name=direct3d_create9 qpc_begin=9255359980546 qpc_end=9255360837739 thread=3040 success=1
adapter description=NVIDIA GeForce 8800 GTX driver=nvd3dum.dll vendor=000010de device=00000191
telemetry_presentation phase=create_before device=0 thread=3040 focus_window=054a01ce device_window=054a01ce width=64 height=64 format=22 count=1 msaa=0 quality=0 swap_effect=1 windowed=1 auto_depth=0 depth_format=0 flags=00000000 refresh=0 interval=2147483648
create_device adapter=0 flags=00000040 width=64 height=64 format=22 windowed=1 msaa=0 interval=2147483648
telemetry_presentation phase=create_after device=0 thread=3040 focus_window=054a01ce device_window=054a01ce width=64 height=64 format=22 count=1 msaa=0 quality=0 swap_effect=1 windowed=1 auto_depth=0 depth_format=0 flags=00000000 refresh=0 interval=2147483648
create_device_result hr=00000000
capture_caps result=00000000 streams=16 vs_float_count=256 ps_version=ffff0300
device_hooked ptr=00c91270 device=6 ex=0
application_admission_final phase=factory active_roots=0 waiting_roots=0 admitted_roots=0 promotions=0 vetoes=0 first_veto=0 enabled=0
telemetry_summary device=6 frame=0 reason=device_destroy qpc=9255360874011 since_start_us=1486741.400 interval_us=1902.800 position_suppressed=0 cursor_changes_suppressed=0
telemetry_metric device=6 name=texture count=1 failures=0 total_us=4.200 min_us=4.200 max_us=4.200 bytes=0 buckets=1,0,0,0,0,0
telemetry_summary device=0 frame=0 reason=device_destroy qpc=9255360874276 since_start_us=1486767.900 interval_us=90067.900 position_suppressed=0 cursor_changes_suppressed=0
telemetry_metric device=0 name=lock_wait count=8 failures=0 total_us=1.300 min_us=0.100 max_us=0.400 bytes=0 buckets=8,0,0,0,0,0
telemetry_metric device=0 name=create_device count=1 failures=0 total_us=1572.500 min_us=1572.500 max_us=1572.500 bytes=0 buckets=0,0,0,1,0,0
telemetry_metric device=0 name=log_flush count=1 failures=0 total_us=0.200 min_us=0.200 max_us=0.200 bytes=0 buckets=1,0,0,0,0,0
device_destroy ptr=00c91270 device=6
application_admission_final phase=device active_roots=0 waiting_roots=0 admitted_roots=0 promotions=0 vetoes=0 first_veto=0 enabled=0
telemetry_span name=direct3d_create9 qpc_begin=9255360879252 qpc_end=9255361742025 thread=3040 success=1
adapter description=NVIDIA GeForce 8800 GTX driver=nvd3dum.dll vendor=000010de device=00000191
telemetry_presentation phase=create_before device=0 thread=3040 focus_window=054a01ce device_window=054a01ce width=64 height=64 format=22 count=1 msaa=0 quality=0 swap_effect=1 windowed=1 auto_depth=0 depth_format=0 flags=00000000 refresh=0 interval=2147483648
create_device adapter=0 flags=00000040 width=64 height=64 format=22 windowed=1 msaa=0 interval=2147483648
telemetry_presentation phase=create_after device=0 thread=3040 focus_window=054a01ce device_window=054a01ce width=64 height=64 format=22 count=1 msaa=0 quality=0 swap_effect=1 windowed=1 auto_depth=0 depth_format=0 flags=00000000 refresh=0 interval=2147483648
create_device_result hr=00000000
capture_caps result=00000000 streams=16 vs_float_count=256 ps_version=ffff0300
device_hooked ptr=00c91270 device=7 ex=0
application_admission_final phase=factory active_roots=0 waiting_roots=0 admitted_roots=0 promotions=0 vetoes=0 first_veto=0 enabled=0
telemetry_summary device=7 frame=0 reason=device_destroy qpc=9255361811898 since_start_us=1580530.100 interval_us=1921.300 position_suppressed=0 cursor_changes_suppressed=0
telemetry_metric device=7 name=texture count=1 failures=0 total_us=6.900 min_us=6.900 max_us=6.900 bytes=0 buckets=1,0,0,0,0,0
telemetry_summary device=0 frame=0 reason=device_destroy qpc=9255361812159 since_start_us=1580556.200 interval_us=93788.300 position_suppressed=0 cursor_changes_suppressed=0
telemetry_metric device=0 name=lock_wait count=8 failures=0 total_us=1.300 min_us=0.100 max_us=0.300 bytes=0 buckets=8,0,0,0,0,0
telemetry_metric device=0 name=create_device count=1 failures=0 total_us=1539.600 min_us=1539.600 max_us=1539.600 bytes=0 buckets=0,0,0,1,0,0
telemetry_metric device=0 name=log_flush count=1 failures=0 total_us=0.300 min_us=0.300 max_us=0.300 bytes=0 buckets=1,0,0,0,0,0
device_destroy ptr=00c91270 device=7
application_admission_final phase=device active_roots=0 waiting_roots=0 admitted_roots=0 promotions=0 vetoes=0 first_veto=0 enabled=0
telemetry_span name=direct3d_create9 qpc_begin=9255361817366 qpc_end=9255362672200 thread=3040 success=1
adapter description=NVIDIA GeForce 8800 GTX driver=nvd3dum.dll vendor=000010de device=00000191
telemetry_presentation phase=create_before device=0 thread=3040 focus_window=054a01ce device_window=054a01ce width=64 height=64 format=22 count=1 msaa=0 quality=0 swap_effect=1 windowed=1 auto_depth=0 depth_format=0 flags=00000000 refresh=0 interval=2147483648
create_device adapter=0 flags=00000040 width=64 height=64 format=22 windowed=1 msaa=0 interval=2147483648
telemetry_presentation phase=create_after device=0 thread=3040 focus_window=054a01ce device_window=054a01ce width=64 height=64 format=22 count=1 msaa=0 quality=0 swap_effect=1 windowed=1 auto_depth=0 depth_format=0 flags=00000000 refresh=0 interval=2147483648
create_device_result hr=00000000
capture_caps result=00000000 streams=16 vs_float_count=256 ps_version=ffff0300
device_hooked ptr=00c91270 device=8 ex=0
application_admission_final phase=factory active_roots=0 waiting_roots=0 admitted_roots=0 promotions=0 vetoes=0 first_veto=0 enabled=0
telemetry_summary device=8 frame=0 reason=device_destroy qpc=9255362710585 since_start_us=1670398.800 interval_us=1912.800 position_suppressed=0 cursor_changes_suppressed=0
telemetry_metric device=8 name=texture count=1 failures=0 total_us=5.700 min_us=5.700 max_us=5.700 bytes=0 buckets=1,0,0,0,0,0
telemetry_summary device=0 frame=0 reason=device_destroy qpc=9255362710835 since_start_us=1670423.800 interval_us=89867.600 position_suppressed=0 cursor_changes_suppressed=0
telemetry_metric device=0 name=lock_wait count=8 failures=0 total_us=1.400 min_us=0.000 max_us=0.500 bytes=0 buckets=8,0,0,0,0,0
telemetry_metric device=0 name=create_device count=1 failures=0 total_us=1748.400 min_us=1748.400 max_us=1748.400 bytes=0 buckets=0,0,0,1,0,0
telemetry_metric device=0 name=log_flush count=1 failures=0 total_us=0.200 min_us=0.200 max_us=0.200 bytes=0 buckets=1,0,0,0,0,0
device_destroy ptr=00c91270 device=8
application_admission_final phase=device active_roots=0 waiting_roots=0 admitted_roots=0 promotions=0 vetoes=0 first_veto=0 enabled=0
telemetry_span name=direct3d_create9 qpc_begin=9255362716097 qpc_end=9255363570960 thread=3040 success=1
adapter description=NVIDIA GeForce 8800 GTX driver=nvd3dum.dll vendor=000010de device=00000191
telemetry_presentation phase=create_before device=0 thread=3040 focus_window=054a01ce device_window=054a01ce width=64 height=64 format=22 count=1 msaa=0 quality=0 swap_effect=1 windowed=1 auto_depth=0 depth_format=0 flags=00000000 refresh=0 interval=2147483648
create_device adapter=0 flags=00000040 width=64 height=64 format=22 windowed=1 msaa=0 interval=2147483648
telemetry_presentation phase=create_after device=0 thread=3040 focus_window=054a01ce device_window=054a01ce width=64 height=64 format=22 count=1 msaa=0 quality=0 swap_effect=1 windowed=1 auto_depth=0 depth_format=0 flags=00000000 refresh=0 interval=2147483648
create_device_result hr=00000000
capture_caps result=00000000 streams=16 vs_float_count=256 ps_version=ffff0300
device_hooked ptr=00c91270 device=9 ex=0
application_admission_final phase=factory active_roots=0 waiting_roots=0 admitted_roots=0 promotions=0 vetoes=0 first_veto=0 enabled=0
telemetry_summary device=9 frame=0 reason=device_destroy qpc=9255363606744 since_start_us=1760014.700 interval_us=1852.400 position_suppressed=0 cursor_changes_suppressed=0
telemetry_metric device=9 name=texture count=1 failures=0 total_us=4.100 min_us=4.100 max_us=4.100 bytes=0 buckets=1,0,0,0,0,0
telemetry_summary device=0 frame=0 reason=device_destroy qpc=9255363606998 since_start_us=1760040.100 interval_us=89616.300 position_suppressed=0 cursor_changes_suppressed=0
telemetry_metric device=0 name=lock_wait count=8 failures=0 total_us=1.200 min_us=0.100 max_us=0.300 bytes=0 buckets=8,0,0,0,0,0
telemetry_metric device=0 name=create_device count=1 failures=0 total_us=1578.300 min_us=1578.300 max_us=1578.300 bytes=0 buckets=0,0,0,1,0,0
telemetry_metric device=0 name=log_flush count=1 failures=0 total_us=0.200 min_us=0.200 max_us=0.200 bytes=0 buckets=1,0,0,0,0,0
device_destroy ptr=00c91270 device=9
application_admission_final phase=device active_roots=0 waiting_roots=0 admitted_roots=0 promotions=0 vetoes=0 first_veto=0 enabled=0
telemetry_span name=direct3d_create9 qpc_begin=9255363612192 qpc_end=9255364472645 thread=3040 success=1
adapter description=NVIDIA GeForce 8800 GTX driver=nvd3dum.dll vendor=000010de device=00000191
telemetry_presentation phase=create_before device=0 thread=3040 focus_window=054a01ce device_window=054a01ce width=64 height=64 format=22 count=1 msaa=0 quality=0 swap_effect=1 windowed=1 auto_depth=0 depth_format=0 flags=00000000 refresh=0 interval=2147483648
create_device adapter=0 flags=00000040 width=64 height=64 format=22 windowed=1 msaa=0 interval=2147483648
telemetry_presentation phase=create_after device=0 thread=3040 focus_window=054a01ce device_window=054a01ce width=64 height=64 format=22 count=1 msaa=0 quality=0 swap_effect=1 windowed=1 auto_depth=0 depth_format=0 flags=00000000 refresh=0 interval=2147483648
create_device_result hr=00000000
capture_caps result=00000000 streams=16 vs_float_count=256 ps_version=ffff0300
device_hooked ptr=00c91270 device=10 ex=0
application_admission_final phase=factory active_roots=0 waiting_roots=0 admitted_roots=0 promotions=0 vetoes=0 first_veto=0 enabled=0
telemetry_summary device=10 frame=0 reason=device_destroy qpc=9255364510285 since_start_us=1850368.800 interval_us=1982.400 position_suppressed=0 cursor_changes_suppressed=0
telemetry_metric device=10 name=texture count=1 failures=0 total_us=5.900 min_us=5.900 max_us=5.900 bytes=0 buckets=1,0,0,0,0,0
telemetry_summary device=0 frame=0 reason=device_destroy qpc=9255364510600 since_start_us=1850400.300 interval_us=90360.200 position_suppressed=0 cursor_changes_suppressed=0
telemetry_metric device=0 name=lock_wait count=8 failures=0 total_us=1.600 min_us=0.100 max_us=0.600 bytes=0 buckets=8,0,0,0,0,0
telemetry_metric device=0 name=create_device count=1 failures=0 total_us=1589.900 min_us=1589.900 max_us=1589.900 bytes=0 buckets=0,0,0,1,0,0
telemetry_metric device=0 name=log_flush count=1 failures=0 total_us=0.300 min_us=0.300 max_us=0.300 bytes=0 buckets=1,0,0,0,0,0
device_destroy ptr=00c91270 device=10
application_admission_final phase=device active_roots=0 waiting_roots=0 admitted_roots=0 promotions=0 vetoes=0 first_veto=0 enabled=0
telemetry_span name=direct3d_create9 qpc_begin=9255364516120 qpc_end=9255365356890 thread=3040 success=1
adapter description=NVIDIA GeForce 8800 GTX driver=nvd3dum.dll vendor=000010de device=00000191
telemetry_presentation phase=create_before device=0 thread=3040 focus_window=054a01ce device_window=054a01ce width=64 height=64 format=22 count=1 msaa=0 quality=0 swap_effect=1 windowed=1 auto_depth=0 depth_format=0 flags=00000000 refresh=0 interval=2147483648
create_device adapter=0 flags=00000040 width=64 height=64 format=22 windowed=1 msaa=0 interval=2147483648
telemetry_presentation phase=create_after device=0 thread=3040 focus_window=054a01ce device_window=054a01ce width=64 height=64 format=22 count=1 msaa=0 quality=0 swap_effect=1 windowed=1 auto_depth=0 depth_format=0 flags=00000000 refresh=0 interval=2147483648
create_device_result hr=00000000
capture_caps result=00000000 streams=16 vs_float_count=256 ps_version=ffff0300
device_hooked ptr=00c91270 device=11 ex=0
application_admission_final phase=factory active_roots=0 waiting_roots=0 admitted_roots=0 promotions=0 vetoes=0 first_veto=0 enabled=0
telemetry_summary device=11 frame=0 reason=device_destroy qpc=9255365393269 since_start_us=1938667.200 interval_us=1872.800 position_suppressed=0 cursor_changes_suppressed=0
telemetry_metric device=11 name=texture count=1 failures=0 total_us=4.900 min_us=4.900 max_us=4.900 bytes=0 buckets=1,0,0,0,0,0
telemetry_summary device=0 frame=0 reason=device_destroy qpc=9255365393542 since_start_us=1938694.500 interval_us=88294.200 position_suppressed=0 cursor_changes_suppressed=0
telemetry_metric device=0 name=lock_wait count=8 failures=0 total_us=1.100 min_us=0.100 max_us=0.300 bytes=0 buckets=8,0,0,0,0,0
telemetry_metric device=0 name=create_device count=1 failures=0 total_us=1599.600 min_us=1599.600 max_us=1599.600 bytes=0 buckets=0,0,0,1,0,0
telemetry_metric device=0 name=log_flush count=1 failures=0 total_us=0.200 min_us=0.200 max_us=0.200 bytes=0 buckets=1,0,0,0,0,0
device_destroy ptr=00c91270 device=11
application_admission_final phase=device active_roots=0 waiting_roots=0 admitted_roots=0 promotions=0 vetoes=0 first_veto=0 enabled=0
telemetry_span name=direct3d_create9 qpc_begin=9255365398507 qpc_end=9255366263583 thread=3040 success=1
adapter description=NVIDIA GeForce 8800 GTX driver=nvd3dum.dll vendor=000010de device=00000191
telemetry_presentation phase=create_before device=0 thread=3040 focus_window=054a01ce device_window=054a01ce width=64 height=64 format=22 count=1 msaa=0 quality=0 swap_effect=1 windowed=1 auto_depth=0 depth_format=0 flags=00000000 refresh=0 interval=2147483648
create_device adapter=0 flags=00000040 width=64 height=64 format=22 windowed=1 msaa=0 interval=2147483648
telemetry_presentation phase=create_after device=0 thread=3040 focus_window=054a01ce device_window=054a01ce width=64 height=64 format=22 count=1 msaa=0 quality=0 swap_effect=1 windowed=1 auto_depth=0 depth_format=0 flags=00000000 refresh=0 interval=2147483648
create_device_result hr=00000000
capture_caps result=00000000 streams=16 vs_float_count=256 ps_version=ffff0300
device_hooked ptr=00c91270 device=12 ex=0
application_admission_final phase=factory active_roots=0 waiting_roots=0 admitted_roots=0 promotions=0 vetoes=0 first_veto=0 enabled=0
telemetry_summary device=12 frame=0 reason=device_destroy qpc=9255366299086 since_start_us=2029248.900 interval_us=1843.100 position_suppressed=0 cursor_changes_suppressed=0
telemetry_metric device=12 name=texture count=1 failures=0 total_us=4.300 min_us=4.300 max_us=4.300 bytes=0 buckets=1,0,0,0,0,0
telemetry_summary device=0 frame=0 reason=device_destroy qpc=9255366299349 since_start_us=2029275.200 interval_us=90580.700 position_suppressed=0 cursor_changes_suppressed=0
telemetry_metric device=0 name=lock_wait count=8 failures=0 total_us=1.100 min_us=0.000 max_us=0.500 bytes=0 buckets=8,0,0,0,0,0
telemetry_metric device=0 name=create_device count=1 failures=0 total_us=1539.200 min_us=1539.200 max_us=1539.200 bytes=0 buckets=0,0,0,1,0,0
telemetry_metric device=0 name=log_flush count=1 failures=0 total_us=0.200 min_us=0.200 max_us=0.200 bytes=0 buckets=1,0,0,0,0,0
device_destroy ptr=00c91270 device=12
application_admission_final phase=device active_roots=0 waiting_roots=0 admitted_roots=0 promotions=0 vetoes=0 first_veto=0 enabled=0
telemetry_span name=direct3d_create9 qpc_begin=9255366304310 qpc_end=9255367160302 thread=3040 success=1
adapter description=NVIDIA GeForce 8800 GTX driver=nvd3dum.dll vendor=000010de device=00000191
telemetry_presentation phase=create_before device=0 thread=3040 focus_window=054a01ce device_window=054a01ce width=64 height=64 format=22 count=1 msaa=0 quality=0 swap_effect=1 windowed=1 auto_depth=0 depth_format=0 flags=00000000 refresh=0 interval=2147483648
create_device adapter=0 flags=00000040 width=64 height=64 format=22 windowed=1 msaa=0 interval=2147483648
telemetry_presentation phase=create_after device=0 thread=3040 focus_window=054a01ce device_window=054a01ce width=64 height=64 format=22 count=1 msaa=0 quality=0 swap_effect=1 windowed=1 auto_depth=0 depth_format=0 flags=00000000 refresh=0 interval=2147483648
create_device_result hr=00000000
capture_caps result=00000000 streams=16 vs_float_count=256 ps_version=ffff0300
device_hooked ptr=00c91270 device=13 ex=0
application_admission_final phase=factory active_roots=0 waiting_roots=0 admitted_roots=0 promotions=0 vetoes=0 first_veto=0 enabled=0
telemetry_summary device=13 frame=0 reason=device_destroy qpc=9255367196817 since_start_us=2119022.000 interval_us=1903.700 position_suppressed=0 cursor_changes_suppressed=0
telemetry_metric device=13 name=texture count=1 failures=0 total_us=4.800 min_us=4.800 max_us=4.800 bytes=0 buckets=1,0,0,0,0,0
telemetry_summary device=0 frame=0 reason=device_destroy qpc=9255367197154 since_start_us=2119055.700 interval_us=89780.500 position_suppressed=0 cursor_changes_suppressed=0
telemetry_metric device=0 name=lock_wait count=8 failures=0 total_us=1.600 min_us=0.100 max_us=0.500 bytes=0 buckets=8,0,0,0,0,0
telemetry_metric device=0 name=create_device count=1 failures=0 total_us=1594.800 min_us=1594.800 max_us=1594.800 bytes=0 buckets=0,0,0,1,0,0
telemetry_metric device=0 name=log_flush count=1 failures=0 total_us=0.200 min_us=0.200 max_us=0.200 bytes=0 buckets=1,0,0,0,0,0
device_destroy ptr=00c91270 device=13
application_admission_final phase=device active_roots=0 waiting_roots=0 admitted_roots=0 promotions=0 vetoes=0 first_veto=0 enabled=0
telemetry_span name=direct3d_create9 qpc_begin=9255367202230 qpc_end=9255368048175 thread=3040 success=1
adapter description=NVIDIA GeForce 8800 GTX driver=nvd3dum.dll vendor=000010de device=00000191
telemetry_presentation phase=create_before device=0 thread=3040 focus_window=054a01ce device_window=054a01ce width=64 height=64 format=22 count=1 msaa=0 quality=0 swap_effect=1 windowed=1 auto_depth=0 depth_format=0 flags=00000000 refresh=0 interval=2147483648
create_device adapter=0 flags=00000040 width=64 height=64 format=22 windowed=1 msaa=0 interval=2147483648
telemetry_presentation phase=create_after device=0 thread=3040 focus_window=054a01ce device_window=054a01ce width=64 height=64 format=22 count=1 msaa=0 quality=0 swap_effect=1 windowed=1 auto_depth=0 depth_format=0 flags=00000000 refresh=0 interval=2147483648
create_device_result hr=00000000
capture_caps result=00000000 streams=16 vs_float_count=256 ps_version=ffff0300
device_hooked ptr=00c91270 device=14 ex=0
application_admission_final phase=factory active_roots=0 waiting_roots=0 admitted_roots=0 promotions=0 vetoes=0 first_veto=0 enabled=0
telemetry_summary device=14 frame=0 reason=device_destroy qpc=9255368084628 since_start_us=2207803.100 interval_us=1900.800 position_suppressed=0 cursor_changes_suppressed=0
telemetry_metric device=14 name=texture count=1 failures=0 total_us=5.000 min_us=5.000 max_us=5.000 bytes=0 buckets=1,0,0,0,0,0
telemetry_summary device=0 frame=0 reason=device_destroy qpc=9255368084875 since_start_us=2207827.800 interval_us=88772.100 position_suppressed=0 cursor_changes_suppressed=0
telemetry_metric device=0 name=lock_wait count=8 failures=0 total_us=1.200 min_us=0.100 max_us=0.300 bytes=0 buckets=8,0,0,0,0,0
telemetry_metric device=0 name=create_device count=1 failures=0 total_us=1571.300 min_us=1571.300 max_us=1571.300 bytes=0 buckets=0,0,0,1,0,0
telemetry_metric device=0 name=log_flush count=1 failures=0 total_us=0.200 min_us=0.200 max_us=0.200 bytes=0 buckets=1,0,0,0,0,0
device_destroy ptr=00c91270 device=14
application_admission_final phase=device active_roots=0 waiting_roots=0 admitted_roots=0 promotions=0 vetoes=0 first_veto=0 enabled=0
telemetry_span name=direct3d_create9 qpc_begin=9255368089984 qpc_end=9255368961107 thread=3040 success=1
adapter description=NVIDIA GeForce 8800 GTX driver=nvd3dum.dll vendor=000010de device=00000191
telemetry_presentation phase=create_before device=0 thread=3040 focus_window=054a01ce device_window=054a01ce width=64 height=64 format=22 count=1 msaa=0 quality=0 swap_effect=1 windowed=1 auto_depth=0 depth_format=0 flags=00000000 refresh=0 interval=2147483648
create_device adapter=0 flags=00000040 width=64 height=64 format=22 windowed=1 msaa=0 interval=2147483648
telemetry_presentation phase=create_after device=0 thread=3040 focus_window=054a01ce device_window=054a01ce width=64 height=64 format=22 count=1 msaa=0 quality=0 swap_effect=1 windowed=1 auto_depth=0 depth_format=0 flags=00000000 refresh=0 interval=2147483648
create_device_result hr=00000000
capture_caps result=00000000 streams=16 vs_float_count=256 ps_version=ffff0300
device_hooked ptr=00c91270 device=15 ex=0
application_admission_final phase=factory active_roots=0 waiting_roots=0 admitted_roots=0 promotions=0 vetoes=0 first_veto=0 enabled=0
telemetry_summary device=15 frame=0 reason=device_destroy qpc=9255368998121 since_start_us=2299152.400 interval_us=1931.400 position_suppressed=0 cursor_changes_suppressed=0
telemetry_metric device=15 name=texture count=1 failures=0 total_us=5.200 min_us=5.200 max_us=5.200 bytes=0 buckets=1,0,0,0,0,0
telemetry_summary device=0 frame=0 reason=device_destroy qpc=9255368998389 since_start_us=2299179.200 interval_us=91351.400 position_suppressed=0 cursor_changes_suppressed=0
telemetry_metric device=0 name=lock_wait count=8 failures=0 total_us=1.100 min_us=0.000 max_us=0.400 bytes=0 buckets=8,0,0,0,0,0
telemetry_metric device=0 name=create_device count=1 failures=0 total_us=1580.900 min_us=1580.900 max_us=1580.900 bytes=0 buckets=0,0,0,1,0,0
telemetry_metric device=0 name=log_flush count=1 failures=0 total_us=0.200 min_us=0.200 max_us=0.200 bytes=0 buckets=1,0,0,0,0,0
device_destroy ptr=00c91270 device=15
application_admission_final phase=device active_roots=0 waiting_roots=0 admitted_roots=0 promotions=0 vetoes=0 first_veto=0 enabled=0
telemetry_span name=direct3d_create9 qpc_begin=9255369004033 qpc_end=9255369860136 thread=3040 success=1
adapter description=NVIDIA GeForce 8800 GTX driver=nvd3dum.dll vendor=000010de device=00000191
telemetry_presentation phase=create_before device=0 thread=3040 focus_window=054a01ce device_window=054a01ce width=64 height=64 format=22 count=1 msaa=0 quality=0 swap_effect=1 windowed=1 auto_depth=0 depth_format=0 flags=00000000 refresh=0 interval=2147483648
create_device adapter=0 flags=00000040 width=64 height=64 format=22 windowed=1 msaa=0 interval=2147483648
telemetry_presentation phase=create_after device=0 thread=3040 focus_window=054a01ce device_window=054a01ce width=64 height=64 format=22 count=1 msaa=0 quality=0 swap_effect=1 windowed=1 auto_depth=0 depth_format=0 flags=00000000 refresh=0 interval=2147483648
create_device_result hr=00000000
capture_caps result=00000000 streams=16 vs_float_count=256 ps_version=ffff0300
device_hooked ptr=00c91270 device=16 ex=0
application_admission_final phase=factory active_roots=0 waiting_roots=0 admitted_roots=0 promotions=0 vetoes=0 first_veto=0 enabled=0
telemetry_summary device=16 frame=0 reason=device_destroy qpc=9255369895630 since_start_us=2388903.300 interval_us=1806.800 position_suppressed=0 cursor_changes_suppressed=0
telemetry_metric device=16 name=texture count=1 failures=0 total_us=4.500 min_us=4.500 max_us=4.500 bytes=0 buckets=1,0,0,0,0,0
telemetry_summary device=0 frame=0 reason=device_destroy qpc=9255369895888 since_start_us=2388929.100 interval_us=89749.900 position_suppressed=0 cursor_changes_suppressed=0
telemetry_metric device=0 name=lock_wait count=8 failures=0 total_us=1.200 min_us=0.100 max_us=0.400 bytes=0 buckets=8,0,0,0,0,0
telemetry_metric device=0 name=create_device count=1 failures=0 total_us=1583.700 min_us=1583.700 max_us=1583.700 bytes=0 buckets=0,0,0,1,0,0
telemetry_metric device=0 name=log_flush count=1 failures=0 total_us=0.100 min_us=0.100 max_us=0.100 bytes=0 buckets=1,0,0,0,0,0
device_destroy ptr=00c91270 device=16
application_admission_final phase=device active_roots=0 waiting_roots=0 admitted_roots=0 promotions=0 vetoes=0 first_veto=0 enabled=0
