motion_capture_mode requested=0 enabled=0 reason=write_exclusion_unavailable scope=private_rigid_diagnostic temporal_consumer=0
motion_output_mode requested=0 scope=live_same_draw_diagnostic history_requires=object_trace,object_lifetime temporal_consumer=0 taa=0 taa_debug=0 jitter=0 jitter_samples=8 cut_median_px=48.000 cut_missing=0.250 rt_mode=perdraw frame_log=60 sentinel=auto camera_cut_deg=20.00 camera_log=300 state_shadow=1 scene_hook=0 hdr=0
x3-modern-renderer version=0.4 schema=2 capture_start=1 capture_frames=0 pointer_bits=32
telemetry_start schema=1 qpc_frequency=10000000 qpc=9415396789895 anchor=proxy_initialize cpu_only=1
application_admission_mode requested=0 enabled=0 live_replay=0 coverage_complete=0
telemetry_span name=backend_load qpc_begin=9415396795207 qpc_end=9415397548008 thread=72 success=1 error=0
backend path=C:\windows\system32\d3d9.dll
object_trace active=0 status=disabled recovery_required=0
camera_state active=0 status=disabled
scene_hook active=0 status=disabled
object_lifetime active=0 status=disabled recovery_required=0 baseline_complete=0 baseline_entries=0
telemetry_span name=direct3d_create9 qpc_begin=9415397550896 qpc_end=9415406497880 thread=72 success=1
adapter description=NVIDIA GeForce 8800 GTX driver=nvd3dum.dll vendor=000010de device=00000191
telemetry_presentation phase=create_before device=0 thread=72 focus_window=09900142 device_window=09900142 width=64 height=64 format=0 count=0 msaa=0 quality=0 swap_effect=1 windowed=1 auto_depth=1 depth_format=77 flags=00000000 refresh=0 interval=2147483648
create_device adapter=0 flags=00000040 width=64 height=64 format=0 windowed=1 msaa=0 interval=2147483648
telemetry_presentation phase=create_after device=0 thread=72 focus_window=09900142 device_window=09900142 width=64 height=64 format=22 count=1 msaa=0 quality=0 swap_effect=1 windowed=1 auto_depth=1 depth_format=77 flags=00000000 refresh=0 interval=2147483648
create_device_result hr=00000000
capture_caps result=00000000 streams=16 vs_float_count=256 ps_version=ffff0300
device_hooked ptr=00114958 device=1 ex=0
telemetry_first_present device=1 frame=0 qpc=9415406683540 since_start_us=989364.500 capture=0 reset_count=0
telemetry_window_context device=1 frame=0 render_thread=72 window_thread=72 gui_ok=1 gui_active=00000000 gui_focus=00000000 gui_capture=00000000 clip_ok=1 clip=-1512,0,5120,1440 monitor_ok=1 monitor=0,0,5120,1440 work=0,31,5120,1440
telemetry_window device=1 frame=0 qpc=9415406690621 window=09900142 foreground=00000000 thread_focus=00000000 iconic=0 visible=0 style=04cf0000 exstyle=00000100 window_rect=80,80,240,240 client_rect=0,0,152,126
telemetry_cursor_poll device=1 frame=0 qpc=9415406690621 flags=1 cursor=00000000 x=2583 y=707
telemetry_summary device=1 frame=0 reason=periodic qpc=9415406693397 since_start_us=990350.200 interval_us=945.700 position_suppressed=0 cursor_changes_suppressed=0
telemetry_metric device=1 name=present_normal count=1 failures=0 total_us=269.200 min_us=269.200 max_us=269.200 bytes=0 buckets=0,0,1,0,0,0
telemetry_summary device=0 frame=0 reason=periodic qpc=9415406694648 since_start_us=990475.300 interval_us=990475.300 position_suppressed=0 cursor_changes_suppressed=0
telemetry_metric device=0 name=lock_wait count=4 failures=0 total_us=2.100 min_us=0.100 max_us=1.000 bytes=0 buckets=4,0,0,0,0,0
telemetry_metric device=0 name=create_device count=1 failures=0 total_us=7495.700 min_us=7495.700 max_us=7495.700 bytes=0 buckets=0,0,0,1,0,0
telemetry_present_window device=1 frame=0 override=00000000 device_window=09900142 result=00000000
frame_end device=1 frame=0 draws=0 capture=0 present=00000000
telemetry_presentation phase=reset_before device=1 thread=72 focus_window=09900142 device_window=09900142 width=80 height=64 format=22 count=1 msaa=0 quality=0 swap_effect=1 windowed=1 auto_depth=1 depth_format=77 flags=00000000 refresh=0 interval=2147483648
reset_begin ptr=00114958 device=1
telemetry_presentation phase=reset_after device=1 thread=72 focus_window=09900142 device_window=09900142 width=80 height=64 format=22 count=1 msaa=0 quality=0 swap_effect=1 windowed=1 auto_depth=1 depth_format=77 flags=00000000 refresh=0 interval=2147483648
telemetry_summary device=1 frame=1 reason=reset qpc=9415406744086 since_start_us=995419.100 interval_us=5068.900 position_suppressed=0 cursor_changes_suppressed=0
telemetry_metric device=1 name=reset count=1 failures=0 total_us=3987.900 min_us=3987.900 max_us=3987.900 bytes=0 buckets=0,0,0,1,0,0
telemetry_metric device=1 name=log_flush count=2 failures=0 total_us=27.300 min_us=0.800 max_us=26.500 bytes=0 buckets=1,1,0,0,0,0
reset_end device=1 result=00000000
telemetry_first_present device=1 frame=1 qpc=9415406747350 since_start_us=995745.500 capture=0 reset_count=1
telemetry_summary device=1 frame=2 reason=device_destroy qpc=9415406761595 since_start_us=997170.000 interval_us=1750.900 position_suppressed=0 cursor_changes_suppressed=0
telemetry_metric device=1 name=present_normal count=1 failures=0 total_us=4.000 min_us=4.000 max_us=4.000 bytes=0 buckets=1,0,0,0,0,0
telemetry_metric device=1 name=log_flush count=2 failures=0 total_us=0.500 min_us=0.200 max_us=0.300 bytes=0 buckets=2,0,0,0,0,0
telemetry_summary device=0 frame=2 reason=device_destroy qpc=9415406761897 since_start_us=997200.200 interval_us=6724.900 position_suppressed=0 cursor_changes_suppressed=0
telemetry_metric device=0 name=lock_wait count=6 failures=0 total_us=1.800 min_us=0.100 max_us=0.900 bytes=0 buckets=6,0,0,0,0,0
telemetry_metric device=0 name=log_flush count=1 failures=0 total_us=0.700 min_us=0.700 max_us=0.700 bytes=0 buckets=1,0,0,0,0,0
device_destroy ptr=00114958 device=1
application_admission_final phase=device active_roots=0 waiting_roots=0 admitted_roots=0 promotions=0 vetoes=0 first_veto=0 enabled=0
application_admission_final phase=factory active_roots=0 waiting_roots=0 admitted_roots=0 promotions=0 vetoes=0 first_veto=0 enabled=0
