motion_capture_mode requested=0 enabled=0 reason=write_exclusion_unavailable scope=private_rigid_diagnostic temporal_consumer=0
motion_output_mode requested=0 scope=live_same_draw_diagnostic history_requires=object_trace,object_lifetime temporal_consumer=0 taa=0 taa_debug=0 jitter=0 jitter_samples=8 cut_median_px=48.000 cut_missing=0.250 rt_mode=perdraw frame_log=60 sentinel=auto camera_cut_deg=20.00 camera_log=300 state_shadow=1 scene_hook=0 hdr=0 taa_k=-1.00000 taa_sharpen=0.000
x3-modern-renderer version=0.4 schema=2 capture_start=1 capture_frames=0 pointer_bits=32
telemetry_start schema=1 qpc_frequency=10000000 qpc=9541673108250 anchor=proxy_initialize cpu_only=1 per_draw=0
application_admission_mode requested=1 enabled=1 live_replay=0 coverage_complete=0
ownership_mode requested=1 depth_copy_requested=0 depth_copy_enabled=0 scope=normal9 fallback=native
telemetry_span name=backend_load qpc_begin=9541673112888 qpc_end=9541673780252 thread=1296 success=1 error=0
backend path=C:\windows\system32\d3d9.dll
object_trace active=0 status=disabled recovery_required=0
camera_state active=0 status=disabled
scene_hook active=0 status=disabled
object_lifetime active=0 status=disabled recovery_required=0 baseline_complete=0 baseline_entries=0
telemetry_span name=direct3d_create9 qpc_begin=9541673783753 qpc_end=9541682638565 thread=1296 success=1
ownership_factory mode=wrapped native=0011d8d0 public=00118830 result=00000000
adapter description=NVIDIA GeForce 8800 GTX driver=nvd3dum.dll vendor=000010de device=00000191
telemetry_presentation phase=create_before device=0 thread=1296 focus_window=00310058 device_window=00310058 width=64 height=64 format=0 count=0 msaa=0 quality=0 swap_effect=1 windowed=1 auto_depth=1 depth_format=77 flags=00000000 refresh=0 interval=2147483648
create_device adapter=0 flags=00000040 width=64 height=64 format=0 windowed=1 msaa=0 interval=2147483648
telemetry_presentation phase=create_after device=0 thread=1296 focus_window=00310058 device_window=00310058 width=64 height=64 format=22 count=1 msaa=0 quality=0 swap_effect=1 windowed=1 auto_depth=1 depth_format=77 flags=00000000 refresh=0 interval=2147483648
create_device_result hr=00000000
capture_caps result=00000000 streams=16 vs_float_count=256 ps_version=ffff0300
device_hooked ptr=00d4f4a8 device=1 ex=0
ownership_copy_depth phase=create_after device=1 frame=0 result=00000000 status=00000001 requested=0 available=0 source_bound=0 copy_valid=0 generation=0 source_epoch=0 copy_epoch=0 source_width=0 source_height=0 source_format=0 source_type=0 source_usage=0 source_pool=0 source_msaa=0 source_quality=0
telemetry_first_present device=1 frame=0 qpc=9541682830822 since_start_us=972257.200 capture=0 reset_count=0
telemetry_window_context device=1 frame=0 render_thread=1296 window_thread=1296 gui_ok=1 gui_active=00000000 gui_focus=00000000 gui_capture=00000000 clip_ok=1 clip=-1512,0,5120,1440 monitor_ok=1 monitor=0,0,5120,1440 work=0,31,5120,1440
telemetry_window device=1 frame=0 qpc=9541682839764 window=00310058 foreground=00000000 thread_focus=00000000 iconic=0 visible=0 style=04cf0000 exstyle=00000100 window_rect=80,80,240,240 client_rect=0,0,152,126
telemetry_cursor_poll device=1 frame=0 qpc=9541682839764 flags=1 cursor=00000000 x=-1512 y=0
telemetry_summary device=1 frame=0 reason=periodic qpc=9541682841855 since_start_us=973360.500 interval_us=1067.600 position_suppressed=0 cursor_changes_suppressed=0
telemetry_metric device=1 name=present_normal count=1 failures=0 total_us=291.200 min_us=291.200 max_us=291.200 bytes=0 buckets=0,0,1,0,0,0
telemetry_summary device=0 frame=0 reason=periodic qpc=9541682845561 since_start_us=973731.100 interval_us=973731.100 position_suppressed=0 cursor_changes_suppressed=0
telemetry_metric device=0 name=lock_wait count=4 failures=0 total_us=2.100 min_us=0.100 max_us=1.000 bytes=0 buckets=4,0,0,0,0,0
telemetry_metric device=0 name=create_device count=1 failures=0 total_us=6741.700 min_us=6741.700 max_us=6741.700 bytes=0 buckets=0,0,0,1,0,0
telemetry_present_window device=1 frame=0 override=00000000 device_window=00310058 result=00000000
frame_end device=1 frame=0 draws=0 capture=0 present=00000000
admission_metric device=1 frame=0 phase=present active_roots=1 waiting_roots=0 admitted_roots=8 promotions=0 veto_bits=0 first_reason=0 replay_active=0 live_replay_enabled=0 coverage_complete=0
telemetry_presentation phase=reset_before device=1 thread=1296 focus_window=00310058 device_window=00310058 width=80 height=64 format=22 count=1 msaa=0 quality=0 swap_effect=1 windowed=1 auto_depth=1 depth_format=77 flags=00000000 refresh=0 interval=2147483648
reset_begin ptr=00d4f4a8 device=1
telemetry_presentation phase=reset_after device=1 thread=1296 focus_window=00310058 device_window=00310058 width=80 height=64 format=22 count=1 msaa=0 quality=0 swap_effect=1 windowed=1 auto_depth=1 depth_format=77 flags=00000000 refresh=0 interval=2147483648
ownership_copy_depth phase=reset_after device=1 frame=1 result=00000000 status=00000001 requested=0 available=0 source_bound=0 copy_valid=0 generation=0 source_epoch=0 copy_epoch=0 source_width=0 source_height=0 source_format=0 source_type=0 source_usage=0 source_pool=0 source_msaa=0 source_quality=0
telemetry_summary device=1 frame=1 reason=reset qpc=9541682900461 since_start_us=979221.100 interval_us=5860.600 position_suppressed=0 cursor_changes_suppressed=0
telemetry_metric device=1 name=reset count=1 failures=0 total_us=4600.200 min_us=4600.200 max_us=4600.200 bytes=0 buckets=0,0,0,1,0,0
telemetry_metric device=1 name=log_flush count=2 failures=0 total_us=269.700 min_us=0.900 max_us=268.800 bytes=0 buckets=1,0,1,0,0,0
reset_end device=1 result=00000000
telemetry_first_present device=1 frame=1 qpc=9541682903729 since_start_us=979547.900 capture=0 reset_count=1
telemetry_summary device=1 frame=2 reason=device_destroy qpc=9541682916905 since_start_us=980865.500 interval_us=1644.400 position_suppressed=0 cursor_changes_suppressed=0
telemetry_metric device=1 name=present_normal count=1 failures=0 total_us=4.200 min_us=4.200 max_us=4.200 bytes=0 buckets=1,0,0,0,0,0
telemetry_metric device=1 name=log_flush count=2 failures=0 total_us=0.300 min_us=0.100 max_us=0.200 bytes=0 buckets=2,0,0,0,0,0
telemetry_summary device=0 frame=2 reason=device_destroy qpc=9541682917182 since_start_us=980893.200 interval_us=7162.100 position_suppressed=0 cursor_changes_suppressed=0
telemetry_metric device=0 name=lock_wait count=6 failures=0 total_us=2.000 min_us=0.100 max_us=0.900 bytes=0 buckets=6,0,0,0,0,0
telemetry_metric device=0 name=log_flush count=1 failures=0 total_us=0.300 min_us=0.300 max_us=0.300 bytes=0 buckets=1,0,0,0,0,0
device_destroy ptr=00d4f4a8 device=1
application_admission_final phase=device active_roots=0 waiting_roots=0 admitted_roots=16 promotions=0 vetoes=0 first_veto=0 enabled=1
application_admission_final phase=factory active_roots=0 waiting_roots=0 admitted_roots=17 promotions=0 vetoes=0 first_veto=0 enabled=1
