motion_capture_mode requested=0 enabled=0 reason=write_exclusion_unavailable scope=private_rigid_diagnostic temporal_consumer=0
motion_output_mode requested=0 scope=live_same_draw_diagnostic history_requires=object_trace,object_lifetime temporal_consumer=0 taa=0 taa_debug=0 jitter=0 jitter_samples=8 cut_median_px=48.000 cut_missing=0.250 rt_mode=perdraw frame_log=60 sentinel=auto camera_cut_deg=20.00 camera_log=300 state_shadow=1 scene_hook=0 hdr=0 taa_k=-1.00000 mip_bias=0
x3-modern-renderer version=0.4 schema=2 capture_start=1 capture_frames=0 pointer_bits=32
telemetry_start schema=1 qpc_frequency=10000000 qpc=9537053672247 anchor=proxy_initialize cpu_only=1 per_draw=0
application_admission_mode requested=0 enabled=0 live_replay=0 coverage_complete=0
ownership_mode requested=1 depth_copy_requested=0 depth_copy_enabled=0 scope=normal9 fallback=native
telemetry_span name=backend_load qpc_begin=9537053677249 qpc_end=9537053727520 thread=580 success=1 error=0
backend path=C:\windows\system32\d3d9.dll
object_trace active=0 status=disabled recovery_required=0
camera_state active=0 status=disabled
scene_hook active=0 status=disabled
object_lifetime active=0 status=disabled recovery_required=0 baseline_complete=0 baseline_entries=0
telemetry_span name=direct3d_create9 qpc_begin=9537053730962 qpc_end=9537062462595 thread=580 success=1
ownership_factory mode=wrapped native=0011d0a8 public=00d70478 result=00000000
adapter description=NVIDIA GeForce 8800 GTX driver=nvd3dum.dll vendor=000010de device=00000191
telemetry_presentation phase=create_before device=0 thread=580 focus_window=00090060 device_window=00090060 width=64 height=64 format=0 count=0 msaa=0 quality=0 swap_effect=1 windowed=1 auto_depth=0 depth_format=0 flags=00000000 refresh=0 interval=2147483648
create_device adapter=0 flags=00000040 width=64 height=64 format=0 windowed=1 msaa=0 interval=2147483648
telemetry_presentation phase=create_after device=0 thread=580 focus_window=00090060 device_window=00090060 width=64 height=64 format=22 count=1 msaa=0 quality=0 swap_effect=1 windowed=1 auto_depth=0 depth_format=0 flags=00000000 refresh=0 interval=2147483648
create_device_result hr=00000000
capture_caps result=00000000 streams=16 vs_float_count=256 ps_version=ffff0300
device_hooked ptr=00e2cd68 device=1 ex=0
ownership_copy_depth phase=create_after device=1 frame=0 result=00000000 status=00000001 requested=0 available=0 source_bound=0 copy_valid=0 generation=0 source_epoch=0 copy_epoch=0 source_width=0 source_height=0 source_format=0 source_type=0 source_usage=0 source_pool=0 source_msaa=0 source_quality=0
application_admission_final phase=factory active_roots=0 waiting_roots=0 admitted_roots=0 promotions=0 vetoes=0 first_veto=0 enabled=0
telemetry_summary device=1 frame=0 reason=device_destroy qpc=9537062613526 since_start_us=894127.900 interval_us=5120.100 position_suppressed=0 cursor_changes_suppressed=0
telemetry_metric device=1 name=texture count=1 failures=0 total_us=283.700 min_us=283.700 max_us=283.700 bytes=0 buckets=0,0,1,0,0,0
telemetry_summary device=0 frame=0 reason=device_destroy qpc=9537062614450 since_start_us=894220.300 interval_us=894220.300 position_suppressed=0 cursor_changes_suppressed=0
telemetry_metric device=0 name=lock_wait count=8 failures=0 total_us=2.600 min_us=0.100 max_us=0.500 bytes=0 buckets=8,0,0,0,0,0
telemetry_metric device=0 name=create_device count=1 failures=0 total_us=6451.100 min_us=6451.100 max_us=6451.100 bytes=0 buckets=0,0,0,1,0,0
device_destroy ptr=00e2cd68 device=1
application_admission_final phase=device active_roots=0 waiting_roots=0 admitted_roots=0 promotions=0 vetoes=0 first_veto=0 enabled=0
telemetry_span name=direct3d_create9 qpc_begin=9537062621898 qpc_end=9537063462318 thread=580 success=1
ownership_factory mode=wrapped native=0011d0a8 public=00d70478 result=00000000
adapter description=NVIDIA GeForce 8800 GTX driver=nvd3dum.dll vendor=000010de device=00000191
telemetry_presentation phase=create_before device=0 thread=580 focus_window=00090060 device_window=00090060 width=64 height=64 format=22 count=1 msaa=0 quality=0 swap_effect=1 windowed=1 auto_depth=0 depth_format=0 flags=00000000 refresh=0 interval=2147483648
create_device adapter=0 flags=00000040 width=64 height=64 format=22 windowed=1 msaa=0 interval=2147483648
telemetry_presentation phase=create_after device=0 thread=580 focus_window=00090060 device_window=00090060 width=64 height=64 format=22 count=1 msaa=0 quality=0 swap_effect=1 windowed=1 auto_depth=0 depth_format=0 flags=00000000 refresh=0 interval=2147483648
create_device_result hr=00000000
capture_caps result=00000000 streams=16 vs_float_count=256 ps_version=ffff0300
device_hooked ptr=0011e6a8 device=2 ex=0
ownership_copy_depth phase=create_after device=2 frame=0 result=00000000 status=00000001 requested=0 available=0 source_bound=0 copy_valid=0 generation=0 source_epoch=0 copy_epoch=0 source_width=0 source_height=0 source_format=0 source_type=0 source_usage=0 source_pool=0 source_msaa=0 source_quality=0
application_admission_final phase=factory active_roots=0 waiting_roots=0 admitted_roots=0 promotions=0 vetoes=0 first_veto=0 enabled=0
telemetry_summary device=2 frame=0 reason=device_destroy qpc=9537063499795 since_start_us=982754.800 interval_us=1794.600 position_suppressed=0 cursor_changes_suppressed=0
telemetry_metric device=2 name=texture count=1 failures=0 total_us=7.500 min_us=7.500 max_us=7.500 bytes=0 buckets=1,0,0,0,0,0
telemetry_summary device=0 frame=0 reason=device_destroy qpc=9537063500757 since_start_us=982851.000 interval_us=88630.700 position_suppressed=0 cursor_changes_suppressed=0
telemetry_metric device=0 name=lock_wait count=8 failures=0 total_us=1.300 min_us=0.000 max_us=0.300 bytes=0 buckets=8,0,0,0,0,0
telemetry_metric device=0 name=create_device count=1 failures=0 total_us=1726.400 min_us=1726.400 max_us=1726.400 bytes=0 buckets=0,0,0,1,0,0
telemetry_metric device=0 name=log_flush count=1 failures=0 total_us=0.100 min_us=0.100 max_us=0.100 bytes=0 buckets=1,0,0,0,0,0
device_destroy ptr=0011e6a8 device=2
application_admission_final phase=device active_roots=0 waiting_roots=0 admitted_roots=0 promotions=0 vetoes=0 first_veto=0 enabled=0
telemetry_span name=direct3d_create9 qpc_begin=9537063504679 qpc_end=9537064587150 thread=580 success=1
ownership_factory mode=wrapped native=0011d0a8 public=00d70478 result=00000000
adapter description=NVIDIA GeForce 8800 GTX driver=nvd3dum.dll vendor=000010de device=00000191
telemetry_presentation phase=create_before device=0 thread=580 focus_window=00090060 device_window=00090060 width=64 height=64 format=22 count=1 msaa=0 quality=0 swap_effect=1 windowed=1 auto_depth=0 depth_format=0 flags=00000000 refresh=0 interval=2147483648
create_device adapter=0 flags=00000040 width=64 height=64 format=22 windowed=1 msaa=0 interval=2147483648
telemetry_presentation phase=create_after device=0 thread=580 focus_window=00090060 device_window=00090060 width=64 height=64 format=22 count=1 msaa=0 quality=0 swap_effect=1 windowed=1 auto_depth=0 depth_format=0 flags=00000000 refresh=0 interval=2147483648
create_device_result hr=00000000
capture_caps result=00000000 streams=16 vs_float_count=256 ps_version=ffff0300
device_hooked ptr=0011e6a8 device=3 ex=0
ownership_copy_depth phase=create_after device=3 frame=0 result=00000000 status=00000001 requested=0 available=0 source_bound=0 copy_valid=0 generation=0 source_epoch=0 copy_epoch=0 source_width=0 source_height=0 source_format=0 source_type=0 source_usage=0 source_pool=0 source_msaa=0 source_quality=0
application_admission_final phase=factory active_roots=0 waiting_roots=0 admitted_roots=0 promotions=0 vetoes=0 first_veto=0 enabled=0
telemetry_summary device=3 frame=0 reason=device_destroy qpc=9537064621845 since_start_us=1094959.800 interval_us=1718.800 position_suppressed=0 cursor_changes_suppressed=0
telemetry_metric device=3 name=texture count=1 failures=0 total_us=6.500 min_us=6.500 max_us=6.500 bytes=0 buckets=1,0,0,0,0,0
telemetry_summary device=0 frame=0 reason=device_destroy qpc=9537064622128 since_start_us=1094988.100 interval_us=112137.100 position_suppressed=0 cursor_changes_suppressed=0
telemetry_metric device=0 name=lock_wait count=8 failures=0 total_us=1.000 min_us=0.000 max_us=0.200 bytes=0 buckets=8,0,0,0,0,0
telemetry_metric device=0 name=create_device count=1 failures=0 total_us=1539.500 min_us=1539.500 max_us=1539.500 bytes=0 buckets=0,0,0,1,0,0
telemetry_metric device=0 name=log_flush count=1 failures=0 total_us=0.200 min_us=0.200 max_us=0.200 bytes=0 buckets=1,0,0,0,0,0
device_destroy ptr=0011e6a8 device=3
application_admission_final phase=device active_roots=0 waiting_roots=0 admitted_roots=0 promotions=0 vetoes=0 first_veto=0 enabled=0
telemetry_span name=direct3d_create9 qpc_begin=9537064626142 qpc_end=9537065451511 thread=580 success=1
ownership_factory mode=wrapped native=0011d0a8 public=00d70478 result=00000000
adapter description=NVIDIA GeForce 8800 GTX driver=nvd3dum.dll vendor=000010de device=00000191
telemetry_presentation phase=create_before device=0 thread=580 focus_window=00090060 device_window=00090060 width=64 height=64 format=22 count=1 msaa=0 quality=0 swap_effect=1 windowed=1 auto_depth=0 depth_format=0 flags=00000000 refresh=0 interval=2147483648
create_device adapter=0 flags=00000040 width=64 height=64 format=22 windowed=1 msaa=0 interval=2147483648
telemetry_presentation phase=create_after device=0 thread=580 focus_window=00090060 device_window=00090060 width=64 height=64 format=22 count=1 msaa=0 quality=0 swap_effect=1 windowed=1 auto_depth=0 depth_format=0 flags=00000000 refresh=0 interval=2147483648
create_device_result hr=00000000
capture_caps result=00000000 streams=16 vs_float_count=256 ps_version=ffff0300
device_hooked ptr=0011e6a8 device=4 ex=0
ownership_copy_depth phase=create_after device=4 frame=0 result=00000000 status=00000001 requested=0 available=0 source_bound=0 copy_valid=0 generation=0 source_epoch=0 copy_epoch=0 source_width=0 source_height=0 source_format=0 source_type=0 source_usage=0 source_pool=0 source_msaa=0 source_quality=0
application_admission_final phase=factory active_roots=0 waiting_roots=0 admitted_roots=0 promotions=0 vetoes=0 first_veto=0 enabled=0
telemetry_summary device=4 frame=0 reason=device_destroy qpc=9537065489379 since_start_us=1181713.200 interval_us=1942.400 position_suppressed=0 cursor_changes_suppressed=0
telemetry_metric device=4 name=texture count=1 failures=0 total_us=6.700 min_us=6.700 max_us=6.700 bytes=0 buckets=1,0,0,0,0,0
telemetry_summary device=0 frame=0 reason=device_destroy qpc=9537065489650 since_start_us=1181740.300 interval_us=86752.200 position_suppressed=0 cursor_changes_suppressed=0
telemetry_metric device=0 name=lock_wait count=8 failures=0 total_us=1.100 min_us=0.000 max_us=0.300 bytes=0 buckets=8,0,0,0,0,0
telemetry_metric device=0 name=create_device count=1 failures=0 total_us=1622.400 min_us=1622.400 max_us=1622.400 bytes=0 buckets=0,0,0,1,0,0
telemetry_metric device=0 name=log_flush count=1 failures=0 total_us=0.100 min_us=0.100 max_us=0.100 bytes=0 buckets=1,0,0,0,0,0
device_destroy ptr=0011e6a8 device=4
application_admission_final phase=device active_roots=0 waiting_roots=0 admitted_roots=0 promotions=0 vetoes=0 first_veto=0 enabled=0
telemetry_span name=direct3d_create9 qpc_begin=9537065494170 qpc_end=9537066312134 thread=580 success=1
ownership_factory mode=wrapped native=0011d0a8 public=00d70478 result=00000000
adapter description=NVIDIA GeForce 8800 GTX driver=nvd3dum.dll vendor=000010de device=00000191
telemetry_presentation phase=create_before device=0 thread=580 focus_window=00090060 device_window=00090060 width=64 height=64 format=22 count=1 msaa=0 quality=0 swap_effect=1 windowed=1 auto_depth=0 depth_format=0 flags=00000000 refresh=0 interval=2147483648
create_device adapter=0 flags=00000040 width=64 height=64 format=22 windowed=1 msaa=0 interval=2147483648
telemetry_presentation phase=create_after device=0 thread=580 focus_window=00090060 device_window=00090060 width=64 height=64 format=22 count=1 msaa=0 quality=0 swap_effect=1 windowed=1 auto_depth=0 depth_format=0 flags=00000000 refresh=0 interval=2147483648
create_device_result hr=00000000
capture_caps result=00000000 streams=16 vs_float_count=256 ps_version=ffff0300
device_hooked ptr=0011e6a8 device=5 ex=0
ownership_copy_depth phase=create_after device=5 frame=0 result=00000000 status=00000001 requested=0 available=0 source_bound=0 copy_valid=0 generation=0 source_epoch=0 copy_epoch=0 source_width=0 source_height=0 source_format=0 source_type=0 source_usage=0 source_pool=0 source_msaa=0 source_quality=0
application_admission_final phase=factory active_roots=0 waiting_roots=0 admitted_roots=0 promotions=0 vetoes=0 first_veto=0 enabled=0
telemetry_summary device=5 frame=0 reason=device_destroy qpc=9537066353450 since_start_us=1268120.300 interval_us=2114.500 position_suppressed=0 cursor_changes_suppressed=0
telemetry_metric device=5 name=texture count=1 failures=0 total_us=8.100 min_us=8.100 max_us=8.100 bytes=0 buckets=1,0,0,0,0,0
telemetry_summary device=0 frame=0 reason=device_destroy qpc=9537066353721 since_start_us=1268147.400 interval_us=86407.100 position_suppressed=0 cursor_changes_suppressed=0
telemetry_metric device=0 name=lock_wait count=8 failures=0 total_us=1.800 min_us=0.100 max_us=0.400 bytes=0 buckets=8,0,0,0,0,0
telemetry_metric device=0 name=create_device count=1 failures=0 total_us=1780.400 min_us=1780.400 max_us=1780.400 bytes=0 buckets=0,0,0,1,0,0
telemetry_metric device=0 name=log_flush count=1 failures=0 total_us=0.100 min_us=0.100 max_us=0.100 bytes=0 buckets=1,0,0,0,0,0
device_destroy ptr=0011e6a8 device=5
application_admission_final phase=device active_roots=0 waiting_roots=0 admitted_roots=0 promotions=0 vetoes=0 first_veto=0 enabled=0
telemetry_span name=direct3d_create9 qpc_begin=9537066358199 qpc_end=9537067193672 thread=580 success=1
ownership_factory mode=wrapped native=0011d0a8 public=00d70478 result=00000000
adapter description=NVIDIA GeForce 8800 GTX driver=nvd3dum.dll vendor=000010de device=00000191
telemetry_presentation phase=create_before device=0 thread=580 focus_window=00090060 device_window=00090060 width=64 height=64 format=22 count=1 msaa=0 quality=0 swap_effect=1 windowed=1 auto_depth=0 depth_format=0 flags=00000000 refresh=0 interval=2147483648
create_device adapter=0 flags=00000040 width=64 height=64 format=22 windowed=1 msaa=0 interval=2147483648
telemetry_presentation phase=create_after device=0 thread=580 focus_window=00090060 device_window=00090060 width=64 height=64 format=22 count=1 msaa=0 quality=0 swap_effect=1 windowed=1 auto_depth=0 depth_format=0 flags=00000000 refresh=0 interval=2147483648
create_device_result hr=00000000
capture_caps result=00000000 streams=16 vs_float_count=256 ps_version=ffff0300
device_hooked ptr=0011e6a8 device=6 ex=0
ownership_copy_depth phase=create_after device=6 frame=0 result=00000000 status=00000001 requested=0 available=0 source_bound=0 copy_valid=0 generation=0 source_epoch=0 copy_epoch=0 source_width=0 source_height=0 source_format=0 source_type=0 source_usage=0 source_pool=0 source_msaa=0 source_quality=0
application_admission_final phase=factory active_roots=0 waiting_roots=0 admitted_roots=0 promotions=0 vetoes=0 first_veto=0 enabled=0
telemetry_summary device=6 frame=0 reason=device_destroy qpc=9537067230469 since_start_us=1355822.200 interval_us=1893.900 position_suppressed=0 cursor_changes_suppressed=0
telemetry_metric device=6 name=texture count=1 failures=0 total_us=6.200 min_us=6.200 max_us=6.200 bytes=0 buckets=1,0,0,0,0,0
telemetry_summary device=0 frame=0 reason=device_destroy qpc=9537067230731 since_start_us=1355848.400 interval_us=87701.000 position_suppressed=0 cursor_changes_suppressed=0
telemetry_metric device=0 name=lock_wait count=8 failures=0 total_us=1.100 min_us=0.100 max_us=0.300 bytes=0 buckets=8,0,0,0,0,0
telemetry_metric device=0 name=create_device count=1 failures=0 total_us=1584.600 min_us=1584.600 max_us=1584.600 bytes=0 buckets=0,0,0,1,0,0
telemetry_metric device=0 name=log_flush count=1 failures=0 total_us=0.100 min_us=0.100 max_us=0.100 bytes=0 buckets=1,0,0,0,0,0
device_destroy ptr=0011e6a8 device=6
application_admission_final phase=device active_roots=0 waiting_roots=0 admitted_roots=0 promotions=0 vetoes=0 first_veto=0 enabled=0
telemetry_span name=direct3d_create9 qpc_begin=9537067234734 qpc_end=9537068068767 thread=580 success=1
ownership_factory mode=wrapped native=0011d0a8 public=00d70478 result=00000000
adapter description=NVIDIA GeForce 8800 GTX driver=nvd3dum.dll vendor=000010de device=00000191
telemetry_presentation phase=create_before device=0 thread=580 focus_window=00090060 device_window=00090060 width=64 height=64 format=22 count=1 msaa=0 quality=0 swap_effect=1 windowed=1 auto_depth=0 depth_format=0 flags=00000000 refresh=0 interval=2147483648
create_device adapter=0 flags=00000040 width=64 height=64 format=22 windowed=1 msaa=0 interval=2147483648
telemetry_presentation phase=create_after device=0 thread=580 focus_window=00090060 device_window=00090060 width=64 height=64 format=22 count=1 msaa=0 quality=0 swap_effect=1 windowed=1 auto_depth=0 depth_format=0 flags=00000000 refresh=0 interval=2147483648
create_device_result hr=00000000
capture_caps result=00000000 streams=16 vs_float_count=256 ps_version=ffff0300
device_hooked ptr=0011e6a8 device=7 ex=0
ownership_copy_depth phase=create_after device=7 frame=0 result=00000000 status=00000001 requested=0 available=0 source_bound=0 copy_valid=0 generation=0 source_epoch=0 copy_epoch=0 source_width=0 source_height=0 source_format=0 source_type=0 source_usage=0 source_pool=0 source_msaa=0 source_quality=0
application_admission_final phase=factory active_roots=0 waiting_roots=0 admitted_roots=0 promotions=0 vetoes=0 first_veto=0 enabled=0
telemetry_summary device=7 frame=0 reason=device_destroy qpc=9537068104757 since_start_us=1443251.000 interval_us=1815.200 position_suppressed=0 cursor_changes_suppressed=0
telemetry_metric device=7 name=texture count=1 failures=0 total_us=6.300 min_us=6.300 max_us=6.300 bytes=0 buckets=1,0,0,0,0,0
telemetry_summary device=0 frame=0 reason=device_destroy qpc=9537068105085 since_start_us=1443283.800 interval_us=87435.400 position_suppressed=0 cursor_changes_suppressed=0
telemetry_metric device=0 name=lock_wait count=8 failures=0 total_us=1.100 min_us=0.000 max_us=0.300 bytes=0 buckets=8,0,0,0,0,0
telemetry_metric device=0 name=create_device count=1 failures=0 total_us=1558.300 min_us=1558.300 max_us=1558.300 bytes=0 buckets=0,0,0,1,0,0
telemetry_metric device=0 name=log_flush count=1 failures=0 total_us=0.100 min_us=0.100 max_us=0.100 bytes=0 buckets=1,0,0,0,0,0
device_destroy ptr=0011e6a8 device=7
application_admission_final phase=device active_roots=0 waiting_roots=0 admitted_roots=0 promotions=0 vetoes=0 first_veto=0 enabled=0
telemetry_span name=direct3d_create9 qpc_begin=9537068108953 qpc_end=9537068985311 thread=580 success=1
ownership_factory mode=wrapped native=0011d0a8 public=00d70478 result=00000000
adapter description=NVIDIA GeForce 8800 GTX driver=nvd3dum.dll vendor=000010de device=00000191
telemetry_presentation phase=create_before device=0 thread=580 focus_window=00090060 device_window=00090060 width=64 height=64 format=22 count=1 msaa=0 quality=0 swap_effect=1 windowed=1 auto_depth=0 depth_format=0 flags=00000000 refresh=0 interval=2147483648
create_device adapter=0 flags=00000040 width=64 height=64 format=22 windowed=1 msaa=0 interval=2147483648
telemetry_presentation phase=create_after device=0 thread=580 focus_window=00090060 device_window=00090060 width=64 height=64 format=22 count=1 msaa=0 quality=0 swap_effect=1 windowed=1 auto_depth=0 depth_format=0 flags=00000000 refresh=0 interval=2147483648
create_device_result hr=00000000
capture_caps result=00000000 streams=16 vs_float_count=256 ps_version=ffff0300
device_hooked ptr=0011e6a8 device=8 ex=0
ownership_copy_depth phase=create_after device=8 frame=0 result=00000000 status=00000001 requested=0 available=0 source_bound=0 copy_valid=0 generation=0 source_epoch=0 copy_epoch=0 source_width=0 source_height=0 source_format=0 source_type=0 source_usage=0 source_pool=0 source_msaa=0 source_quality=0
application_admission_final phase=factory active_roots=0 waiting_roots=0 admitted_roots=0 promotions=0 vetoes=0 first_veto=0 enabled=0
telemetry_summary device=8 frame=0 reason=device_destroy qpc=9537069022426 since_start_us=1535017.900 interval_us=1872.100 position_suppressed=0 cursor_changes_suppressed=0
telemetry_metric device=8 name=texture count=1 failures=0 total_us=6.200 min_us=6.200 max_us=6.200 bytes=0 buckets=1,0,0,0,0,0
telemetry_summary device=0 frame=0 reason=device_destroy qpc=9537069022732 since_start_us=1535048.500 interval_us=91764.700 position_suppressed=0 cursor_changes_suppressed=0
telemetry_metric device=0 name=lock_wait count=8 failures=0 total_us=1.300 min_us=0.000 max_us=0.300 bytes=0 buckets=8,0,0,0,0,0
telemetry_metric device=0 name=create_device count=1 failures=0 total_us=1614.300 min_us=1614.300 max_us=1614.300 bytes=0 buckets=0,0,0,1,0,0
telemetry_metric device=0 name=log_flush count=1 failures=0 total_us=0.100 min_us=0.100 max_us=0.100 bytes=0 buckets=1,0,0,0,0,0
device_destroy ptr=0011e6a8 device=8
application_admission_final phase=device active_roots=0 waiting_roots=0 admitted_roots=0 promotions=0 vetoes=0 first_veto=0 enabled=0
telemetry_span name=direct3d_create9 qpc_begin=9537069026935 qpc_end=9537069857813 thread=580 success=1
ownership_factory mode=wrapped native=0011d0a8 public=00d70478 result=00000000
adapter description=NVIDIA GeForce 8800 GTX driver=nvd3dum.dll vendor=000010de device=00000191
telemetry_presentation phase=create_before device=0 thread=580 focus_window=00090060 device_window=00090060 width=64 height=64 format=22 count=1 msaa=0 quality=0 swap_effect=1 windowed=1 auto_depth=0 depth_format=0 flags=00000000 refresh=0 interval=2147483648
create_device adapter=0 flags=00000040 width=64 height=64 format=22 windowed=1 msaa=0 interval=2147483648
telemetry_presentation phase=create_after device=0 thread=580 focus_window=00090060 device_window=00090060 width=64 height=64 format=22 count=1 msaa=0 quality=0 swap_effect=1 windowed=1 auto_depth=0 depth_format=0 flags=00000000 refresh=0 interval=2147483648
create_device_result hr=00000000
capture_caps result=00000000 streams=16 vs_float_count=256 ps_version=ffff0300
device_hooked ptr=0011e6a8 device=9 ex=0
ownership_copy_depth phase=create_after device=9 frame=0 result=00000000 status=00000001 requested=0 available=0 source_bound=0 copy_valid=0 generation=0 source_epoch=0 copy_epoch=0 source_width=0 source_height=0 source_format=0 source_type=0 source_usage=0 source_pool=0 source_msaa=0 source_quality=0
application_admission_final phase=factory active_roots=0 waiting_roots=0 admitted_roots=0 promotions=0 vetoes=0 first_veto=0 enabled=0
telemetry_summary device=9 frame=0 reason=device_destroy qpc=9537069895635 since_start_us=1622338.800 interval_us=2023.600 position_suppressed=0 cursor_changes_suppressed=0
telemetry_metric device=9 name=texture count=1 failures=0 total_us=6.100 min_us=6.100 max_us=6.100 bytes=0 buckets=1,0,0,0,0,0
telemetry_summary device=0 frame=0 reason=device_destroy qpc=9537069895897 since_start_us=1622365.000 interval_us=87316.500 position_suppressed=0 cursor_changes_suppressed=0
telemetry_metric device=0 name=lock_wait count=8 failures=0 total_us=1.000 min_us=0.000 max_us=0.300 bytes=0 buckets=8,0,0,0,0,0
telemetry_metric device=0 name=create_device count=1 failures=0 total_us=1531.100 min_us=1531.100 max_us=1531.100 bytes=0 buckets=0,0,0,1,0,0
telemetry_metric device=0 name=log_flush count=1 failures=0 total_us=0.100 min_us=0.100 max_us=0.100 bytes=0 buckets=1,0,0,0,0,0
device_destroy ptr=0011e6a8 device=9
application_admission_final phase=device active_roots=0 waiting_roots=0 admitted_roots=0 promotions=0 vetoes=0 first_veto=0 enabled=0
telemetry_span name=direct3d_create9 qpc_begin=9537069900473 qpc_end=9537070730832 thread=580 success=1
ownership_factory mode=wrapped native=0011d0a8 public=00d70478 result=00000000
adapter description=NVIDIA GeForce 8800 GTX driver=nvd3dum.dll vendor=000010de device=00000191
telemetry_presentation phase=create_before device=0 thread=580 focus_window=00090060 device_window=00090060 width=64 height=64 format=22 count=1 msaa=0 quality=0 swap_effect=1 windowed=1 auto_depth=0 depth_format=0 flags=00000000 refresh=0 interval=2147483648
create_device adapter=0 flags=00000040 width=64 height=64 format=22 windowed=1 msaa=0 interval=2147483648
telemetry_presentation phase=create_after device=0 thread=580 focus_window=00090060 device_window=00090060 width=64 height=64 format=22 count=1 msaa=0 quality=0 swap_effect=1 windowed=1 auto_depth=0 depth_format=0 flags=00000000 refresh=0 interval=2147483648
create_device_result hr=00000000
capture_caps result=00000000 streams=16 vs_float_count=256 ps_version=ffff0300
device_hooked ptr=0011e6a8 device=10 ex=0
ownership_copy_depth phase=create_after device=10 frame=0 result=00000000 status=00000001 requested=0 available=0 source_bound=0 copy_valid=0 generation=0 source_epoch=0 copy_epoch=0 source_width=0 source_height=0 source_format=0 source_type=0 source_usage=0 source_pool=0 source_msaa=0 source_quality=0
application_admission_final phase=factory active_roots=0 waiting_roots=0 admitted_roots=0 promotions=0 vetoes=0 first_veto=0 enabled=0
telemetry_summary device=10 frame=0 reason=device_destroy qpc=9537070768345 since_start_us=1709609.800 interval_us=1966.400 position_suppressed=0 cursor_changes_suppressed=0
telemetry_metric device=10 name=texture count=1 failures=0 total_us=6.600 min_us=6.600 max_us=6.600 bytes=0 buckets=1,0,0,0,0,0
telemetry_summary device=0 frame=0 reason=device_destroy qpc=9537070768588 since_start_us=1709634.100 interval_us=87269.100 position_suppressed=0 cursor_changes_suppressed=0
telemetry_metric device=0 name=lock_wait count=8 failures=0 total_us=1.400 min_us=0.100 max_us=0.400 bytes=0 buckets=8,0,0,0,0,0
telemetry_metric device=0 name=create_device count=1 failures=0 total_us=1575.600 min_us=1575.600 max_us=1575.600 bytes=0 buckets=0,0,0,1,0,0
telemetry_metric device=0 name=log_flush count=1 failures=0 total_us=0.100 min_us=0.100 max_us=0.100 bytes=0 buckets=1,0,0,0,0,0
device_destroy ptr=0011e6a8 device=10
application_admission_final phase=device active_roots=0 waiting_roots=0 admitted_roots=0 promotions=0 vetoes=0 first_veto=0 enabled=0
telemetry_span name=direct3d_create9 qpc_begin=9537070772471 qpc_end=9537071656301 thread=580 success=1
ownership_factory mode=wrapped native=0011d0a8 public=00d70478 result=00000000
adapter description=NVIDIA GeForce 8800 GTX driver=nvd3dum.dll vendor=000010de device=00000191
telemetry_presentation phase=create_before device=0 thread=580 focus_window=00090060 device_window=00090060 width=64 height=64 format=22 count=1 msaa=0 quality=0 swap_effect=1 windowed=1 auto_depth=0 depth_format=0 flags=00000000 refresh=0 interval=2147483648
create_device adapter=0 flags=00000040 width=64 height=64 format=22 windowed=1 msaa=0 interval=2147483648
telemetry_presentation phase=create_after device=0 thread=580 focus_window=00090060 device_window=00090060 width=64 height=64 format=22 count=1 msaa=0 quality=0 swap_effect=1 windowed=1 auto_depth=0 depth_format=0 flags=00000000 refresh=0 interval=2147483648
create_device_result hr=00000000
capture_caps result=00000000 streams=16 vs_float_count=256 ps_version=ffff0300
device_hooked ptr=0011e6a8 device=11 ex=0
ownership_copy_depth phase=create_after device=11 frame=0 result=00000000 status=00000001 requested=0 available=0 source_bound=0 copy_valid=0 generation=0 source_epoch=0 copy_epoch=0 source_width=0 source_height=0 source_format=0 source_type=0 source_usage=0 source_pool=0 source_msaa=0 source_quality=0
application_admission_final phase=factory active_roots=0 waiting_roots=0 admitted_roots=0 promotions=0 vetoes=0 first_veto=0 enabled=0
telemetry_summary device=11 frame=0 reason=device_destroy qpc=9537071691997 since_start_us=1801975.000 interval_us=1749.800 position_suppressed=0 cursor_changes_suppressed=0
telemetry_metric device=11 name=texture count=1 failures=0 total_us=6.100 min_us=6.100 max_us=6.100 bytes=0 buckets=1,0,0,0,0,0
telemetry_summary device=0 frame=0 reason=device_destroy qpc=9537071692270 since_start_us=1802002.300 interval_us=92368.200 position_suppressed=0 cursor_changes_suppressed=0
telemetry_metric device=0 name=lock_wait count=8 failures=0 total_us=0.800 min_us=0.000 max_us=0.200 bytes=0 buckets=8,0,0,0,0,0
telemetry_metric device=0 name=create_device count=1 failures=0 total_us=1605.500 min_us=1605.500 max_us=1605.500 bytes=0 buckets=0,0,0,1,0,0
telemetry_metric device=0 name=log_flush count=1 failures=0 total_us=0.200 min_us=0.200 max_us=0.200 bytes=0 buckets=1,0,0,0,0,0
device_destroy ptr=0011e6a8 device=11
application_admission_final phase=device active_roots=0 waiting_roots=0 admitted_roots=0 promotions=0 vetoes=0 first_veto=0 enabled=0
telemetry_span name=direct3d_create9 qpc_begin=9537071696470 qpc_end=9537072533146 thread=580 success=1
ownership_factory mode=wrapped native=0011d0a8 public=00d70478 result=00000000
adapter description=NVIDIA GeForce 8800 GTX driver=nvd3dum.dll vendor=000010de device=00000191
telemetry_presentation phase=create_before device=0 thread=580 focus_window=00090060 device_window=00090060 width=64 height=64 format=22 count=1 msaa=0 quality=0 swap_effect=1 windowed=1 auto_depth=0 depth_format=0 flags=00000000 refresh=0 interval=2147483648
create_device adapter=0 flags=00000040 width=64 height=64 format=22 windowed=1 msaa=0 interval=2147483648
telemetry_presentation phase=create_after device=0 thread=580 focus_window=00090060 device_window=00090060 width=64 height=64 format=22 count=1 msaa=0 quality=0 swap_effect=1 windowed=1 auto_depth=0 depth_format=0 flags=00000000 refresh=0 interval=2147483648
create_device_result hr=00000000
capture_caps result=00000000 streams=16 vs_float_count=256 ps_version=ffff0300
device_hooked ptr=0011e6a8 device=12 ex=0
ownership_copy_depth phase=create_after device=12 frame=0 result=00000000 status=00000001 requested=0 available=0 source_bound=0 copy_valid=0 generation=0 source_epoch=0 copy_epoch=0 source_width=0 source_height=0 source_format=0 source_type=0 source_usage=0 source_pool=0 source_msaa=0 source_quality=0
application_admission_final phase=factory active_roots=0 waiting_roots=0 admitted_roots=0 promotions=0 vetoes=0 first_veto=0 enabled=0
telemetry_summary device=12 frame=0 reason=device_destroy qpc=9537072575155 since_start_us=1890290.800 interval_us=1968.900 position_suppressed=0 cursor_changes_suppressed=0
telemetry_metric device=12 name=texture count=1 failures=0 total_us=7.000 min_us=7.000 max_us=7.000 bytes=0 buckets=1,0,0,0,0,0
telemetry_summary device=0 frame=0 reason=device_destroy qpc=9537072575413 since_start_us=1890316.600 interval_us=88314.300 position_suppressed=0 cursor_changes_suppressed=0
telemetry_metric device=0 name=lock_wait count=8 failures=0 total_us=1.400 min_us=0.100 max_us=0.500 bytes=0 buckets=8,0,0,0,0,0
telemetry_metric device=0 name=create_device count=1 failures=0 total_us=1994.200 min_us=1994.200 max_us=1994.200 bytes=0 buckets=0,0,0,1,0,0
telemetry_metric device=0 name=log_flush count=1 failures=0 total_us=0.100 min_us=0.100 max_us=0.100 bytes=0 buckets=1,0,0,0,0,0
device_destroy ptr=0011e6a8 device=12
application_admission_final phase=device active_roots=0 waiting_roots=0 admitted_roots=0 promotions=0 vetoes=0 first_veto=0 enabled=0
telemetry_span name=direct3d_create9 qpc_begin=9537072580312 qpc_end=9537073441690 thread=580 success=1
ownership_factory mode=wrapped native=0011d0a8 public=00d70538 result=00000000
adapter description=NVIDIA GeForce 8800 GTX driver=nvd3dum.dll vendor=000010de device=00000191
telemetry_presentation phase=create_before device=0 thread=580 focus_window=00090060 device_window=00090060 width=64 height=64 format=22 count=1 msaa=0 quality=0 swap_effect=1 windowed=1 auto_depth=0 depth_format=0 flags=00000000 refresh=0 interval=2147483648
create_device adapter=0 flags=00000040 width=64 height=64 format=22 windowed=1 msaa=0 interval=2147483648
telemetry_presentation phase=create_after device=0 thread=580 focus_window=00090060 device_window=00090060 width=64 height=64 format=22 count=1 msaa=0 quality=0 swap_effect=1 windowed=1 auto_depth=0 depth_format=0 flags=00000000 refresh=0 interval=2147483648
create_device_result hr=00000000
capture_caps result=00000000 streams=16 vs_float_count=256 ps_version=ffff0300
device_hooked ptr=0011e6a8 device=13 ex=0
ownership_copy_depth phase=create_after device=13 frame=0 result=00000000 status=00000001 requested=0 available=0 source_bound=0 copy_valid=0 generation=0 source_epoch=0 copy_epoch=0 source_width=0 source_height=0 source_format=0 source_type=0 source_usage=0 source_pool=0 source_msaa=0 source_quality=0
application_admission_final phase=factory active_roots=0 waiting_roots=0 admitted_roots=0 promotions=0 vetoes=0 first_veto=0 enabled=0
telemetry_summary device=13 frame=0 reason=device_destroy qpc=9537073480012 since_start_us=1980776.500 interval_us=1946.800 position_suppressed=0 cursor_changes_suppressed=0
telemetry_metric device=13 name=texture count=1 failures=0 total_us=6.800 min_us=6.800 max_us=6.800 bytes=0 buckets=1,0,0,0,0,0
telemetry_summary device=0 frame=0 reason=device_destroy qpc=9537073480289 since_start_us=1980804.200 interval_us=90487.600 position_suppressed=0 cursor_changes_suppressed=0
telemetry_metric device=0 name=lock_wait count=8 failures=0 total_us=1.400 min_us=0.100 max_us=0.400 bytes=0 buckets=8,0,0,0,0,0
telemetry_metric device=0 name=create_device count=1 failures=0 total_us=1667.100 min_us=1667.100 max_us=1667.100 bytes=0 buckets=0,0,0,1,0,0
telemetry_metric device=0 name=log_flush count=1 failures=0 total_us=0.100 min_us=0.100 max_us=0.100 bytes=0 buckets=1,0,0,0,0,0
device_destroy ptr=0011e6a8 device=13
application_admission_final phase=device active_roots=0 waiting_roots=0 admitted_roots=0 promotions=0 vetoes=0 first_veto=0 enabled=0
telemetry_span name=direct3d_create9 qpc_begin=9537073486040 qpc_end=9537074349017 thread=580 success=1
ownership_factory mode=wrapped native=0011d0a8 public=00d70538 result=00000000
adapter description=NVIDIA GeForce 8800 GTX driver=nvd3dum.dll vendor=000010de device=00000191
telemetry_presentation phase=create_before device=0 thread=580 focus_window=00090060 device_window=00090060 width=64 height=64 format=22 count=1 msaa=0 quality=0 swap_effect=1 windowed=1 auto_depth=0 depth_format=0 flags=00000000 refresh=0 interval=2147483648
create_device adapter=0 flags=00000040 width=64 height=64 format=22 windowed=1 msaa=0 interval=2147483648
telemetry_presentation phase=create_after device=0 thread=580 focus_window=00090060 device_window=00090060 width=64 height=64 format=22 count=1 msaa=0 quality=0 swap_effect=1 windowed=1 auto_depth=0 depth_format=0 flags=00000000 refresh=0 interval=2147483648
create_device_result hr=00000000
capture_caps result=00000000 streams=16 vs_float_count=256 ps_version=ffff0300
device_hooked ptr=0011e6a8 device=14 ex=0
ownership_copy_depth phase=create_after device=14 frame=0 result=00000000 status=00000001 requested=0 available=0 source_bound=0 copy_valid=0 generation=0 source_epoch=0 copy_epoch=0 source_width=0 source_height=0 source_format=0 source_type=0 source_usage=0 source_pool=0 source_msaa=0 source_quality=0
application_admission_final phase=factory active_roots=0 waiting_roots=0 admitted_roots=0 promotions=0 vetoes=0 first_veto=0 enabled=0
telemetry_summary device=14 frame=0 reason=device_destroy qpc=9537074384951 since_start_us=2071270.400 interval_us=1853.700 position_suppressed=0 cursor_changes_suppressed=0
telemetry_metric device=14 name=texture count=1 failures=0 total_us=5.700 min_us=5.700 max_us=5.700 bytes=0 buckets=1,0,0,0,0,0
telemetry_summary device=0 frame=0 reason=device_destroy qpc=9537074385207 since_start_us=2071296.000 interval_us=90491.800 position_suppressed=0 cursor_changes_suppressed=0
telemetry_metric device=0 name=lock_wait count=8 failures=0 total_us=1.000 min_us=0.100 max_us=0.200 bytes=0 buckets=8,0,0,0,0,0
telemetry_metric device=0 name=create_device count=1 failures=0 total_us=1542.800 min_us=1542.800 max_us=1542.800 bytes=0 buckets=0,0,0,1,0,0
telemetry_metric device=0 name=log_flush count=1 failures=0 total_us=0.100 min_us=0.100 max_us=0.100 bytes=0 buckets=1,0,0,0,0,0
device_destroy ptr=0011e6a8 device=14
application_admission_final phase=device active_roots=0 waiting_roots=0 admitted_roots=0 promotions=0 vetoes=0 first_veto=0 enabled=0
telemetry_span name=direct3d_create9 qpc_begin=9537074389251 qpc_end=9537075245176 thread=580 success=1
ownership_factory mode=wrapped native=0011d0a8 public=00d70538 result=00000000
adapter description=NVIDIA GeForce 8800 GTX driver=nvd3dum.dll vendor=000010de device=00000191
telemetry_presentation phase=create_before device=0 thread=580 focus_window=00090060 device_window=00090060 width=64 height=64 format=22 count=1 msaa=0 quality=0 swap_effect=1 windowed=1 auto_depth=0 depth_format=0 flags=00000000 refresh=0 interval=2147483648
create_device adapter=0 flags=00000040 width=64 height=64 format=22 windowed=1 msaa=0 interval=2147483648
telemetry_presentation phase=create_after device=0 thread=580 focus_window=00090060 device_window=00090060 width=64 height=64 format=22 count=1 msaa=0 quality=0 swap_effect=1 windowed=1 auto_depth=0 depth_format=0 flags=00000000 refresh=0 interval=2147483648
create_device_result hr=00000000
capture_caps result=00000000 streams=16 vs_float_count=256 ps_version=ffff0300
device_hooked ptr=0011e6a8 device=15 ex=0
ownership_copy_depth phase=create_after device=15 frame=0 result=00000000 status=00000001 requested=0 available=0 source_bound=0 copy_valid=0 generation=0 source_epoch=0 copy_epoch=0 source_width=0 source_height=0 source_format=0 source_type=0 source_usage=0 source_pool=0 source_msaa=0 source_quality=0
application_admission_final phase=factory active_roots=0 waiting_roots=0 admitted_roots=0 promotions=0 vetoes=0 first_veto=0 enabled=0
telemetry_summary device=15 frame=0 reason=device_destroy qpc=9537075281043 since_start_us=2160879.600 interval_us=1778.900 position_suppressed=0 cursor_changes_suppressed=0
telemetry_metric device=15 name=texture count=1 failures=0 total_us=5.500 min_us=5.500 max_us=5.500 bytes=0 buckets=1,0,0,0,0,0
telemetry_summary device=0 frame=0 reason=device_destroy qpc=9537075281304 since_start_us=2160905.700 interval_us=89609.700 position_suppressed=0 cursor_changes_suppressed=0
telemetry_metric device=0 name=lock_wait count=8 failures=0 total_us=1.400 min_us=0.100 max_us=0.300 bytes=0 buckets=8,0,0,0,0,0
telemetry_metric device=0 name=create_device count=1 failures=0 total_us=1580.100 min_us=1580.100 max_us=1580.100 bytes=0 buckets=0,0,0,1,0,0
telemetry_metric device=0 name=log_flush count=1 failures=0 total_us=0.100 min_us=0.100 max_us=0.100 bytes=0 buckets=1,0,0,0,0,0
device_destroy ptr=0011e6a8 device=15
application_admission_final phase=device active_roots=0 waiting_roots=0 admitted_roots=0 promotions=0 vetoes=0 first_veto=0 enabled=0
telemetry_span name=direct3d_create9 qpc_begin=9537075285875 qpc_end=9537076156761 thread=580 success=1
ownership_factory mode=wrapped native=0011d0a8 public=00d70538 result=00000000
adapter description=NVIDIA GeForce 8800 GTX driver=nvd3dum.dll vendor=000010de device=00000191
telemetry_presentation phase=create_before device=0 thread=580 focus_window=00090060 device_window=00090060 width=64 height=64 format=22 count=1 msaa=0 quality=0 swap_effect=1 windowed=1 auto_depth=0 depth_format=0 flags=00000000 refresh=0 interval=2147483648
create_device adapter=0 flags=00000040 width=64 height=64 format=22 windowed=1 msaa=0 interval=2147483648
telemetry_presentation phase=create_after device=0 thread=580 focus_window=00090060 device_window=00090060 width=64 height=64 format=22 count=1 msaa=0 quality=0 swap_effect=1 windowed=1 auto_depth=0 depth_format=0 flags=00000000 refresh=0 interval=2147483648
create_device_result hr=00000000
capture_caps result=00000000 streams=16 vs_float_count=256 ps_version=ffff0300
device_hooked ptr=0011e6a8 device=16 ex=0
ownership_copy_depth phase=create_after device=16 frame=0 result=00000000 status=00000001 requested=0 available=0 source_bound=0 copy_valid=0 generation=0 source_epoch=0 copy_epoch=0 source_width=0 source_height=0 source_format=0 source_type=0 source_usage=0 source_pool=0 source_msaa=0 source_quality=0
application_admission_final phase=factory active_roots=0 waiting_roots=0 admitted_roots=0 promotions=0 vetoes=0 first_veto=0 enabled=0
telemetry_summary device=16 frame=0 reason=device_destroy qpc=9537076192854 since_start_us=2252060.700 interval_us=1831.000 position_suppressed=0 cursor_changes_suppressed=0
telemetry_metric device=16 name=texture count=1 failures=0 total_us=6.200 min_us=6.200 max_us=6.200 bytes=0 buckets=1,0,0,0,0,0
telemetry_summary device=0 frame=0 reason=device_destroy qpc=9537076193141 since_start_us=2252089.400 interval_us=91183.700 position_suppressed=0 cursor_changes_suppressed=0
telemetry_metric device=0 name=lock_wait count=8 failures=0 total_us=1.100 min_us=0.100 max_us=0.300 bytes=0 buckets=8,0,0,0,0,0
telemetry_metric device=0 name=create_device count=1 failures=0 total_us=1574.900 min_us=1574.900 max_us=1574.900 bytes=0 buckets=0,0,0,1,0,0
telemetry_metric device=0 name=log_flush count=1 failures=0 total_us=0.200 min_us=0.200 max_us=0.200 bytes=0 buckets=1,0,0,0,0,0
device_destroy ptr=0011e6a8 device=16
application_admission_final phase=device active_roots=0 waiting_roots=0 admitted_roots=0 promotions=0 vetoes=0 first_veto=0 enabled=0
