motion_capture_mode requested=0 enabled=0 reason=write_exclusion_unavailable scope=private_rigid_diagnostic temporal_consumer=0
motion_output_mode requested=0 scope=live_same_draw_diagnostic history_requires=object_trace,object_lifetime temporal_consumer=0 taa=0 taa_debug=0 jitter=0 jitter_samples=8 cut_median_px=48.000 cut_missing=0.250 rt_mode=perdraw frame_log=60 sentinel=auto camera_cut_deg=20.00 camera_log=300 state_shadow=1 scene_hook=0 hdr=0 taa_k=-1.00000
x3-modern-renderer version=0.4 schema=2 capture_start=1 capture_frames=0 pointer_bits=32
telemetry_start schema=1 qpc_frequency=10000000 qpc=9496452599802 anchor=proxy_initialize cpu_only=1 per_draw=0
application_admission_mode requested=0 enabled=0 live_replay=0 coverage_complete=0
ownership_mode requested=1 depth_copy_requested=0 depth_copy_enabled=0 scope=normal9 fallback=native
telemetry_span name=backend_load qpc_begin=9496452607006 qpc_end=9496453477531 thread=736 success=1 error=0
backend path=C:\windows\system32\d3d9.dll
object_trace active=0 status=disabled recovery_required=0
camera_state active=0 status=disabled
scene_hook active=0 status=disabled
object_lifetime active=0 status=disabled recovery_required=0 baseline_complete=0 baseline_entries=0
telemetry_span name=direct3d_create9 qpc_begin=9496453483800 qpc_end=9496464056108 thread=736 success=1
ownership_factory mode=wrapped native=0011c2e0 public=00117f60 result=00000000
adapter description=NVIDIA GeForce 8800 GTX driver=nvd3dum.dll vendor=000010de device=00000191
telemetry_summary device=0 frame=0 reason=interval qpc=9496464075374 since_start_us=1147557.200 interval_us=1147557.200 position_suppressed=0 cursor_changes_suppressed=0
telemetry_metric device=0 name=lock_wait count=1 failures=0 total_us=142.500 min_us=142.500 max_us=142.500 bytes=0 buckets=0,0,1,0,0,0
telemetry_presentation phase=create_before device=0 thread=736 focus_window=00090066 device_window=00090066 width=64 height=64 format=0 count=0 msaa=0 quality=0 swap_effect=1 windowed=1 auto_depth=0 depth_format=0 flags=00000000 refresh=0 interval=2147483648
create_device adapter=0 flags=00000040 width=64 height=64 format=0 windowed=1 msaa=0 interval=2147483648
telemetry_presentation phase=create_after device=0 thread=736 focus_window=00090066 device_window=00090066 width=64 height=64 format=22 count=1 msaa=0 quality=0 swap_effect=1 windowed=1 auto_depth=0 depth_format=0 flags=00000000 refresh=0 interval=2147483648
create_device_result hr=00000000
capture_caps result=00000000 streams=16 vs_float_count=256 ps_version=ffff0300
device_hooked ptr=00dbd078 device=1 ex=0
ownership_copy_depth phase=create_after device=1 frame=0 result=00000000 status=00000001 requested=0 available=0 source_bound=0 copy_valid=0 generation=0 source_epoch=0 copy_epoch=0 source_width=0 source_height=0 source_format=0 source_type=0 source_usage=0 source_pool=0 source_msaa=0 source_quality=0
shader kind=ps id=c294f234bcdafae7 bytes=20 dumped=1
telemetry_first_present device=1 frame=0 qpc=9496466098845 since_start_us=1349904.300 capture=0 reset_count=0
telemetry_window_context device=1 frame=0 render_thread=736 window_thread=736 gui_ok=1 gui_active=00000000 gui_focus=00000000 gui_capture=00000000 clip_ok=1 clip=-1512,0,5120,1440 monitor_ok=1 monitor=0,0,5120,1440 work=0,31,5120,1440
telemetry_window device=1 frame=0 qpc=9496466105930 window=00090066 foreground=00000000 thread_focus=00000000 iconic=0 visible=1 style=14cf0000 exstyle=00000100 window_rect=80,80,240,240 client_rect=0,0,152,126
telemetry_cursor_poll device=1 frame=0 qpc=9496466105930 flags=1 cursor=00000000 x=854 y=416
telemetry_present_window device=1 frame=0 override=00000000 device_window=00090066 result=00000000
frame_end device=1 frame=0 draws=0 capture=0 present=00000000
telemetry_presentation phase=reset_before device=1 thread=736 focus_window=00090066 device_window=00090066 width=64 height=64 format=22 count=1 msaa=0 quality=0 swap_effect=1 windowed=1 auto_depth=0 depth_format=0 flags=00000000 refresh=0 interval=2147483648
reset_begin ptr=00dbd078 device=1
telemetry_presentation phase=reset_after device=1 thread=736 focus_window=00090066 device_window=00090066 width=64 height=64 format=22 count=1 msaa=0 quality=0 swap_effect=1 windowed=1 auto_depth=0 depth_format=0 flags=00000000 refresh=0 interval=2147483648
ownership_copy_depth phase=reset_after device=1 frame=1 result=00000000 status=8876086c requested=0 available=0 source_bound=0 copy_valid=0 generation=0 source_epoch=0 copy_epoch=0 source_width=0 source_height=0 source_format=0 source_type=0 source_usage=0 source_pool=0 source_msaa=0 source_quality=0
telemetry_summary device=1 frame=1 reason=reset qpc=9496466218305 since_start_us=1361850.300 interval_us=31485.800 position_suppressed=0 cursor_changes_suppressed=0
telemetry_metric device=1 name=present_normal count=1 failures=0 total_us=302.800 min_us=302.800 max_us=302.800 bytes=0 buckets=0,0,1,0,0,0
telemetry_metric device=1 name=shader_ps_backend count=1 failures=0 total_us=1008.300 min_us=1008.300 max_us=1008.300 bytes=0 buckets=0,0,0,1,0,0
telemetry_metric device=1 name=texture count=5 failures=2 total_us=356.800 min_us=1.500 max_us=334.900 bytes=0 buckets=4,0,1,0,0,0
telemetry_metric device=1 name=cube_texture count=1 failures=0 total_us=161.200 min_us=161.200 max_us=161.200 bytes=0 buckets=0,0,1,0,0,0
telemetry_metric device=1 name=volume_texture count=1 failures=0 total_us=119.900 min_us=119.900 max_us=119.900 bytes=0 buckets=0,0,1,0,0,0
telemetry_metric device=1 name=render_target count=1 failures=0 total_us=83.000 min_us=83.000 max_us=83.000 bytes=0 buckets=0,1,0,0,0,0
telemetry_metric device=1 name=depth_stencil count=1 failures=0 total_us=40.800 min_us=40.800 max_us=40.800 bytes=0 buckets=0,1,0,0,0,0
telemetry_metric device=1 name=vertex_buffer count=2 failures=0 total_us=521.600 min_us=6.500 max_us=515.100 bytes=128 buckets=1,0,1,0,0,0
telemetry_metric device=1 name=index_buffer count=1 failures=0 total_us=207.400 min_us=207.400 max_us=207.400 bytes=6 buckets=0,0,1,0,0,0
telemetry_metric device=1 name=reset count=1 failures=1 total_us=852.100 min_us=852.100 max_us=852.100 bytes=0 buckets=0,0,1,0,0,0
telemetry_metric device=1 name=log_flush count=1 failures=0 total_us=1.400 min_us=1.400 max_us=1.400 bytes=0 buckets=1,0,0,0,0,0
reset_end device=1 result=8876086c
telemetry_presentation phase=reset_before device=1 thread=736 focus_window=00090066 device_window=00090066 width=64 height=64 format=22 count=1 msaa=0 quality=0 swap_effect=1 windowed=1 auto_depth=0 depth_format=0 flags=00000000 refresh=0 interval=2147483648
reset_begin ptr=00dbd078 device=1
telemetry_presentation phase=reset_after device=1 thread=736 focus_window=00090066 device_window=00090066 width=64 height=64 format=22 count=1 msaa=0 quality=0 swap_effect=1 windowed=1 auto_depth=0 depth_format=0 flags=00000000 refresh=0 interval=2147483648
ownership_copy_depth phase=reset_after device=1 frame=1 result=00000000 status=00000001 requested=0 available=0 source_bound=0 copy_valid=0 generation=0 source_epoch=0 copy_epoch=0 source_width=0 source_height=0 source_format=0 source_type=0 source_usage=0 source_pool=0 source_msaa=0 source_quality=0
telemetry_summary device=1 frame=1 reason=reset qpc=9496466310615 since_start_us=1371081.300 interval_us=9231.000 position_suppressed=0 cursor_changes_suppressed=0
telemetry_metric device=1 name=reset count=1 failures=0 total_us=8922.100 min_us=8922.100 max_us=8922.100 bytes=0 buckets=0,0,0,1,0,0
telemetry_metric device=1 name=log_flush count=1 failures=0 total_us=0.500 min_us=0.500 max_us=0.500 bytes=0 buckets=1,0,0,0,0,0
reset_end device=1 result=00000000
telemetry_presentation phase=reset_before device=1 thread=736 focus_window=00090066 device_window=00090066 width=64 height=64 format=22 count=1 msaa=0 quality=0 swap_effect=1 windowed=1 auto_depth=0 depth_format=0 flags=00000000 refresh=0 interval=2147483648
reset_begin ptr=00dbd078 device=1
telemetry_presentation phase=reset_after device=1 thread=736 focus_window=00090066 device_window=00090066 width=64 height=64 format=22 count=1 msaa=0 quality=0 swap_effect=1 windowed=1 auto_depth=0 depth_format=0 flags=00000000 refresh=0 interval=2147483648
ownership_copy_depth phase=reset_after device=1 frame=1 result=00000000 status=00000001 requested=0 available=0 source_bound=0 copy_valid=0 generation=0 source_epoch=0 copy_epoch=0 source_width=0 source_height=0 source_format=0 source_type=0 source_usage=0 source_pool=0 source_msaa=0 source_quality=0
telemetry_summary device=1 frame=1 reason=reset qpc=9496466365226 since_start_us=1376542.400 interval_us=5461.100 position_suppressed=0 cursor_changes_suppressed=0
telemetry_metric device=1 name=reset count=1 failures=0 total_us=5211.600 min_us=5211.600 max_us=5211.600 bytes=0 buckets=0,0,0,1,0,0
telemetry_metric device=1 name=log_flush count=1 failures=0 total_us=0.500 min_us=0.500 max_us=0.500 bytes=0 buckets=1,0,0,0,0,0
reset_end device=1 result=00000000
telemetry_summary device=1 frame=1 reason=device_destroy qpc=9496466409510 since_start_us=1380970.800 interval_us=4428.400 position_suppressed=0 cursor_changes_suppressed=0
telemetry_metric device=1 name=texture count=1 failures=0 total_us=8.000 min_us=8.000 max_us=8.000 bytes=0 buckets=1,0,0,0,0,0
telemetry_metric device=1 name=log_flush count=1 failures=0 total_us=0.400 min_us=0.400 max_us=0.400 bytes=0 buckets=1,0,0,0,0,0
telemetry_summary device=0 frame=1 reason=device_destroy qpc=9496466409912 since_start_us=1381011.000 interval_us=233453.800 position_suppressed=0 cursor_changes_suppressed=0
telemetry_metric device=0 name=lock_wait count=90 failures=0 total_us=24.600 min_us=0.000 max_us=2.200 bytes=0 buckets=90,0,0,0,0,0
telemetry_metric device=0 name=create_device count=1 failures=0 total_us=66892.300 min_us=66892.300 max_us=66892.300 bytes=0 buckets=0,0,0,0,1,0
telemetry_metric device=0 name=shader_inspect count=1 failures=0 total_us=1674.600 min_us=1674.600 max_us=1674.600 bytes=0 buckets=0,0,0,1,0,0
telemetry_metric device=0 name=shader_getfunction count=1 failures=0 total_us=141.600 min_us=141.600 max_us=141.600 bytes=0 buckets=0,0,1,0,0,0
telemetry_metric device=0 name=shader_hash count=1 failures=0 total_us=0.300 min_us=0.300 max_us=0.300 bytes=20 buckets=1,0,0,0,0,0
telemetry_metric device=0 name=shader_dump count=1 failures=0 total_us=1491.500 min_us=1491.500 max_us=1491.500 bytes=20 buckets=0,0,0,1,0,0
telemetry_metric device=0 name=log_flush count=1 failures=0 total_us=25.800 min_us=25.800 max_us=25.800 bytes=0 buckets=0,1,0,0,0,0
device_destroy ptr=00dbd078 device=1
application_admission_final phase=device active_roots=0 waiting_roots=0 admitted_roots=0 promotions=0 vetoes=0 first_veto=0 enabled=0
telemetry_presentation phase=create_before device=0 thread=736 focus_window=00090066 device_window=00090066 width=64 height=64 format=22 count=1 msaa=0 quality=0 swap_effect=1 windowed=1 auto_depth=0 depth_format=0 flags=00000000 refresh=0 interval=2147483648
create_device adapter=0 flags=00000050 width=64 height=64 format=22 windowed=1 msaa=0 interval=2147483648
telemetry_presentation phase=create_after device=0 thread=736 focus_window=00090066 device_window=00090066 width=64 height=64 format=22 count=1 msaa=0 quality=0 swap_effect=1 windowed=1 auto_depth=0 depth_format=0 flags=00000000 refresh=0 interval=2147483648
create_device_result hr=00000000
capture_caps result=00000000 streams=16 vs_float_count=256 ps_version=ffff0300
device_hooked ptr=00dffef0 device=2 ex=0
ownership_copy_depth phase=create_after device=2 frame=0 result=00000000 status=00000001 requested=0 available=0 source_bound=0 copy_valid=0 generation=0 source_epoch=0 copy_epoch=0 source_width=0 source_height=0 source_format=0 source_type=0 source_usage=0 source_pool=0 source_msaa=0 source_quality=0
telemetry_first_present device=2 frame=0 qpc=9496466551799 since_start_us=1395199.700 capture=0 reset_count=0
telemetry_window_context device=2 frame=0 render_thread=736 window_thread=736 gui_ok=1 gui_active=00000000 gui_focus=00000000 gui_capture=00000000 clip_ok=1 clip=-1512,0,5120,1440 monitor_ok=1 monitor=0,0,5120,1440 work=0,31,5120,1440
telemetry_window device=2 frame=0 qpc=9496466551960 window=00090066 foreground=00000000 thread_focus=00000000 iconic=0 visible=1 style=14cf0000 exstyle=00000100 window_rect=80,80,240,240 client_rect=0,0,152,126
telemetry_cursor_poll device=2 frame=0 qpc=9496466551960 flags=1 cursor=00000000 x=854 y=416
telemetry_present_window device=2 frame=0 override=00000000 device_window=00090066 result=00000000
frame_end device=2 frame=0 draws=0 capture=0 present=00000000
telemetry_presentation phase=reset_before device=2 thread=736 focus_window=00090066 device_window=00090066 width=64 height=64 format=22 count=1 msaa=0 quality=0 swap_effect=1 windowed=1 auto_depth=0 depth_format=0 flags=00000000 refresh=0 interval=2147483648
reset_begin ptr=00dffef0 device=2
telemetry_presentation phase=reset_after device=2 thread=736 focus_window=00090066 device_window=00090066 width=64 height=64 format=22 count=1 msaa=0 quality=0 swap_effect=1 windowed=1 auto_depth=0 depth_format=0 flags=00000000 refresh=0 interval=2147483648
ownership_copy_depth phase=reset_after device=2 frame=1 result=00000000 status=8876086c requested=0 available=0 source_bound=0 copy_valid=0 generation=0 source_epoch=0 copy_epoch=0 source_width=0 source_height=0 source_format=0 source_type=0 source_usage=0 source_pool=0 source_msaa=0 source_quality=0
telemetry_summary device=2 frame=1 reason=reset qpc=9496466615437 since_start_us=1401563.500 interval_us=17049.000 position_suppressed=0 cursor_changes_suppressed=0
telemetry_metric device=2 name=present_normal count=1 failures=0 total_us=25.300 min_us=25.300 max_us=25.300 bytes=0 buckets=0,1,0,0,0,0
telemetry_metric device=2 name=shader_ps_backend count=1 failures=0 total_us=9.700 min_us=9.700 max_us=9.700 bytes=0 buckets=1,0,0,0,0,0
telemetry_metric device=2 name=texture count=5 failures=2 total_us=16.800 min_us=0.700 max_us=7.400 bytes=0 buckets=5,0,0,0,0,0
telemetry_metric device=2 name=cube_texture count=1 failures=0 total_us=4.900 min_us=4.900 max_us=4.900 bytes=0 buckets=1,0,0,0,0,0
telemetry_metric device=2 name=volume_texture count=1 failures=0 total_us=3.400 min_us=3.400 max_us=3.400 bytes=0 buckets=1,0,0,0,0,0
telemetry_metric device=2 name=render_target count=1 failures=0 total_us=2.800 min_us=2.800 max_us=2.800 bytes=0 buckets=1,0,0,0,0,0
telemetry_metric device=2 name=depth_stencil count=1 failures=0 total_us=2.000 min_us=2.000 max_us=2.000 bytes=0 buckets=1,0,0,0,0,0
telemetry_metric device=2 name=vertex_buffer count=2 failures=0 total_us=9.800 min_us=4.000 max_us=5.800 bytes=128 buckets=2,0,0,0,0,0
telemetry_metric device=2 name=index_buffer count=1 failures=0 total_us=3.900 min_us=3.900 max_us=3.900 bytes=6 buckets=1,0,0,0,0,0
telemetry_metric device=2 name=reset count=1 failures=1 total_us=9.800 min_us=9.800 max_us=9.800 bytes=0 buckets=1,0,0,0,0,0
telemetry_metric device=2 name=log_flush count=1 failures=0 total_us=0.600 min_us=0.600 max_us=0.600 bytes=0 buckets=1,0,0,0,0,0
reset_end device=2 result=8876086c
telemetry_presentation phase=reset_before device=2 thread=736 focus_window=00090066 device_window=00090066 width=64 height=64 format=22 count=1 msaa=0 quality=0 swap_effect=1 windowed=1 auto_depth=0 depth_format=0 flags=00000000 refresh=0 interval=2147483648
reset_begin ptr=00dffef0 device=2
telemetry_presentation phase=reset_after device=2 thread=736 focus_window=00090066 device_window=00090066 width=64 height=64 format=22 count=1 msaa=0 quality=0 swap_effect=1 windowed=1 auto_depth=0 depth_format=0 flags=00000000 refresh=0 interval=2147483648
ownership_copy_depth phase=reset_after device=2 frame=1 result=00000000 status=00000001 requested=0 available=0 source_bound=0 copy_valid=0 generation=0 source_epoch=0 copy_epoch=0 source_width=0 source_height=0 source_format=0 source_type=0 source_usage=0 source_pool=0 source_msaa=0 source_quality=0
telemetry_summary device=2 frame=1 reason=reset qpc=9496466680668 since_start_us=1408086.600 interval_us=6523.100 position_suppressed=0 cursor_changes_suppressed=0
telemetry_metric device=2 name=reset count=1 failures=0 total_us=6264.500 min_us=6264.500 max_us=6264.500 bytes=0 buckets=0,0,0,1,0,0
telemetry_metric device=2 name=log_flush count=1 failures=0 total_us=0.300 min_us=0.300 max_us=0.300 bytes=0 buckets=1,0,0,0,0,0
reset_end device=2 result=00000000
telemetry_presentation phase=reset_before device=2 thread=736 focus_window=00090066 device_window=00090066 width=64 height=64 format=22 count=1 msaa=0 quality=0 swap_effect=1 windowed=1 auto_depth=0 depth_format=0 flags=00000000 refresh=0 interval=2147483648
reset_begin ptr=00dffef0 device=2
telemetry_presentation phase=reset_after device=2 thread=736 focus_window=00090066 device_window=00090066 width=64 height=64 format=22 count=1 msaa=0 quality=0 swap_effect=1 windowed=1 auto_depth=0 depth_format=0 flags=00000000 refresh=0 interval=2147483648
ownership_copy_depth phase=reset_after device=2 frame=1 result=00000000 status=00000001 requested=0 available=0 source_bound=0 copy_valid=0 generation=0 source_epoch=0 copy_epoch=0 source_width=0 source_height=0 source_format=0 source_type=0 source_usage=0 source_pool=0 source_msaa=0 source_quality=0
telemetry_summary device=2 frame=1 reason=reset qpc=9496466727472 since_start_us=1412767.000 interval_us=4680.400 position_suppressed=0 cursor_changes_suppressed=0
telemetry_metric device=2 name=reset count=1 failures=0 total_us=4452.000 min_us=4452.000 max_us=4452.000 bytes=0 buckets=0,0,0,1,0,0
telemetry_metric device=2 name=log_flush count=1 failures=0 total_us=0.500 min_us=0.500 max_us=0.500 bytes=0 buckets=1,0,0,0,0,0
reset_end device=2 result=00000000
telemetry_summary device=2 frame=1 reason=device_destroy qpc=9496466776899 since_start_us=1417709.700 interval_us=4942.700 position_suppressed=0 cursor_changes_suppressed=0
telemetry_metric device=2 name=texture count=1 failures=0 total_us=6.100 min_us=6.100 max_us=6.100 bytes=0 buckets=1,0,0,0,0,0
telemetry_metric device=2 name=log_flush count=1 failures=0 total_us=0.300 min_us=0.300 max_us=0.300 bytes=0 buckets=1,0,0,0,0,0
telemetry_summary device=0 frame=1 reason=device_destroy qpc=9496466777241 since_start_us=1417743.900 interval_us=36732.900 position_suppressed=0 cursor_changes_suppressed=0
telemetry_metric device=0 name=lock_wait count=89 failures=0 total_us=13.100 min_us=0.000 max_us=0.600 bytes=0 buckets=89,0,0,0,0,0
telemetry_metric device=0 name=create_device count=1 failures=0 total_us=2329.900 min_us=2329.900 max_us=2329.900 bytes=0 buckets=0,0,0,1,0,0
telemetry_metric device=0 name=shader_inspect count=1 failures=0 total_us=2.400 min_us=2.400 max_us=2.400 bytes=0 buckets=1,0,0,0,0,0
telemetry_metric device=0 name=shader_getfunction count=1 failures=0 total_us=0.900 min_us=0.900 max_us=0.900 bytes=0 buckets=1,0,0,0,0,0
telemetry_metric device=0 name=shader_hash count=1 failures=0 total_us=0.200 min_us=0.200 max_us=0.200 bytes=20 buckets=1,0,0,0,0,0
telemetry_metric device=0 name=log_flush count=1 failures=0 total_us=0.200 min_us=0.200 max_us=0.200 bytes=0 buckets=1,0,0,0,0,0
device_destroy ptr=00dffef0 device=2
application_admission_final phase=device active_roots=0 waiting_roots=0 admitted_roots=0 promotions=0 vetoes=0 first_veto=0 enabled=0
telemetry_presentation phase=create_before device=0 thread=736 focus_window=00090066 device_window=00090066 width=64 height=64 format=22 count=1 msaa=0 quality=0 swap_effect=1 windowed=1 auto_depth=0 depth_format=0 flags=00000000 refresh=0 interval=2147483648
create_device adapter=0 flags=00000040 width=64 height=64 format=22 windowed=1 msaa=0 interval=2147483648
telemetry_presentation phase=create_after device=0 thread=736 focus_window=00090066 device_window=00090066 width=64 height=64 format=22 count=1 msaa=0 quality=0 swap_effect=1 windowed=1 auto_depth=0 depth_format=0 flags=00000000 refresh=0 interval=2147483648
create_device_result hr=00000000
capture_caps result=00000000 streams=16 vs_float_count=256 ps_version=ffff0300
device_hooked ptr=00dffef0 device=3 ex=0
ownership_copy_depth phase=create_after device=3 frame=0 result=00000000 status=00000001 requested=0 available=0 source_bound=0 copy_valid=0 generation=0 source_epoch=0 copy_epoch=0 source_width=0 source_height=0 source_format=0 source_type=0 source_usage=0 source_pool=0 source_msaa=0 source_quality=0
telemetry_summary device=3 frame=0 reason=device_destroy qpc=9496466844317 since_start_us=1424451.500 interval_us=0.000 position_suppressed=0 cursor_changes_suppressed=0
telemetry_summary device=0 frame=0 reason=device_destroy qpc=9496466844893 since_start_us=1424509.100 interval_us=6765.200 position_suppressed=0 cursor_changes_suppressed=0
telemetry_metric device=0 name=lock_wait count=4 failures=0 total_us=1.200 min_us=0.200 max_us=0.400 bytes=0 buckets=4,0,0,0,0,0
telemetry_metric device=0 name=create_device count=1 failures=0 total_us=2764.100 min_us=2764.100 max_us=2764.100 bytes=0 buckets=0,0,0,1,0,0
telemetry_metric device=0 name=log_flush count=1 failures=0 total_us=0.100 min_us=0.100 max_us=0.100 bytes=0 buckets=1,0,0,0,0,0
device_destroy ptr=00dffef0 device=3
application_admission_final phase=device active_roots=0 waiting_roots=0 admitted_roots=0 promotions=0 vetoes=0 first_veto=0 enabled=0
application_admission_final phase=factory active_roots=0 waiting_roots=0 admitted_roots=0 promotions=0 vetoes=0 first_veto=0 enabled=0
