motion_capture_mode requested=0 enabled=0 reason=write_exclusion_unavailable scope=private_rigid_diagnostic temporal_consumer=0
motion_output_mode requested=0 scope=live_same_draw_diagnostic history_requires=object_trace,object_lifetime temporal_consumer=0 taa=0 taa_debug=0 jitter=0 jitter_samples=8 cut_median_px=48.000 cut_missing=0.250 rt_mode=perdraw frame_log=60 sentinel=auto camera_cut_deg=20.00 camera_log=300 state_shadow=1 scene_hook=0 hdr=0 taa_k=-1.00000 mip_bias=0
x3-modern-renderer version=0.4 schema=2 capture_start=1 capture_frames=0 pointer_bits=32
telemetry_start schema=1 qpc_frequency=10000000 qpc=9537308926272 anchor=proxy_initialize cpu_only=1 per_draw=0
application_admission_mode requested=1 enabled=1 live_replay=0 coverage_complete=0
ownership_mode requested=1 depth_copy_requested=0 depth_copy_enabled=0 scope=normal9 fallback=native
telemetry_span name=backend_load qpc_begin=9537308930997 qpc_end=9537308980319 thread=1164 success=1 error=0
backend path=C:\windows\system32\d3d9.dll
object_trace active=0 status=disabled recovery_required=0
camera_state active=0 status=disabled
scene_hook active=0 status=disabled
object_lifetime active=0 status=disabled recovery_required=0 baseline_complete=0 baseline_entries=0
telemetry_span name=direct3d_create9 qpc_begin=9537308983920 qpc_end=9537316922161 thread=1164 success=1
ownership_factory mode=wrapped native=0011ccc0 public=00118838 result=00000000
adapter description=NVIDIA GeForce 8800 GTX driver=nvd3dum.dll vendor=000010de device=00000191
telemetry_presentation phase=create_before device=0 thread=1164 focus_window=001a0060 device_window=001a0060 width=64 height=64 format=0 count=0 msaa=0 quality=0 swap_effect=1 windowed=1 auto_depth=0 depth_format=0 flags=00000000 refresh=0 interval=2147483648
create_device adapter=0 flags=00000040 width=64 height=64 format=0 windowed=1 msaa=0 interval=2147483648
telemetry_presentation phase=create_after device=0 thread=1164 focus_window=001a0060 device_window=001a0060 width=64 height=64 format=22 count=1 msaa=0 quality=0 swap_effect=1 windowed=1 auto_depth=0 depth_format=0 flags=00000000 refresh=0 interval=2147483648
create_device_result hr=00000000
capture_caps result=00000000 streams=16 vs_float_count=256 ps_version=ffff0300
device_hooked ptr=00d4f3f8 device=1 ex=0
ownership_copy_depth phase=create_after device=1 frame=0 result=00000000 status=00000001 requested=0 available=0 source_bound=0 copy_valid=0 generation=0 source_epoch=0 copy_epoch=0 source_width=0 source_height=0 source_format=0 source_type=0 source_usage=0 source_pool=0 source_msaa=0 source_quality=0
application_admission_final phase=factory active_roots=1 waiting_roots=0 admitted_roots=11 promotions=0 vetoes=0 first_veto=0 enabled=1
telemetry_summary device=1 frame=0 reason=device_destroy qpc=9537317084867 since_start_us=815859.500 interval_us=5439.500 position_suppressed=0 cursor_changes_suppressed=0
telemetry_metric device=1 name=texture count=1 failures=0 total_us=295.100 min_us=295.100 max_us=295.100 bytes=0 buckets=0,0,1,0,0,0
telemetry_summary device=0 frame=0 reason=device_destroy qpc=9537317085876 since_start_us=815960.400 interval_us=815960.400 position_suppressed=0 cursor_changes_suppressed=0
telemetry_metric device=0 name=lock_wait count=8 failures=0 total_us=2.800 min_us=0.100 max_us=0.600 bytes=0 buckets=8,0,0,0,0,0
telemetry_metric device=0 name=create_device count=1 failures=0 total_us=8340.200 min_us=8340.200 max_us=8340.200 bytes=0 buckets=0,0,0,1,0,0
device_destroy ptr=00d4f3f8 device=1
application_admission_final phase=device active_roots=0 waiting_roots=0 admitted_roots=11 promotions=0 vetoes=0 first_veto=0 enabled=1
telemetry_span name=direct3d_create9 qpc_begin=9537317093777 qpc_end=9537317958687 thread=1164 success=1
ownership_factory mode=wrapped native=0011ccc0 public=00118838 result=00000000
adapter description=NVIDIA GeForce 8800 GTX driver=nvd3dum.dll vendor=000010de device=00000191
telemetry_presentation phase=create_before device=0 thread=1164 focus_window=001a0060 device_window=001a0060 width=64 height=64 format=22 count=1 msaa=0 quality=0 swap_effect=1 windowed=1 auto_depth=0 depth_format=0 flags=00000000 refresh=0 interval=2147483648
create_device adapter=0 flags=00000040 width=64 height=64 format=22 windowed=1 msaa=0 interval=2147483648
telemetry_presentation phase=create_after device=0 thread=1164 focus_window=001a0060 device_window=001a0060 width=64 height=64 format=22 count=1 msaa=0 quality=0 swap_effect=1 windowed=1 auto_depth=0 depth_format=0 flags=00000000 refresh=0 interval=2147483648
create_device_result hr=00000000
capture_caps result=00000000 streams=16 vs_float_count=256 ps_version=ffff0300
device_hooked ptr=00d49bd8 device=2 ex=0
ownership_copy_depth phase=create_after device=2 frame=0 result=00000000 status=00000001 requested=0 available=0 source_bound=0 copy_valid=0 generation=0 source_epoch=0 copy_epoch=0 source_width=0 source_height=0 source_format=0 source_type=0 source_usage=0 source_pool=0 source_msaa=0 source_quality=0
application_admission_final phase=factory active_roots=1 waiting_roots=0 admitted_roots=22 promotions=0 vetoes=0 first_veto=0 enabled=1
telemetry_summary device=2 frame=0 reason=device_destroy qpc=9537317994509 since_start_us=906823.700 interval_us=1904.300 position_suppressed=0 cursor_changes_suppressed=0
telemetry_metric device=2 name=texture count=1 failures=0 total_us=5.300 min_us=5.300 max_us=5.300 bytes=0 buckets=1,0,0,0,0,0
telemetry_summary device=0 frame=0 reason=device_destroy qpc=9537317994783 since_start_us=906851.100 interval_us=90890.700 position_suppressed=0 cursor_changes_suppressed=0
telemetry_metric device=0 name=lock_wait count=8 failures=0 total_us=1.100 min_us=0.000 max_us=0.300 bytes=0 buckets=8,0,0,0,0,0
telemetry_metric device=0 name=create_device count=1 failures=0 total_us=1477.400 min_us=1477.400 max_us=1477.400 bytes=0 buckets=0,0,0,1,0,0
telemetry_metric device=0 name=log_flush count=1 failures=0 total_us=0.100 min_us=0.100 max_us=0.100 bytes=0 buckets=1,0,0,0,0,0
device_destroy ptr=00d49bd8 device=2
application_admission_final phase=device active_roots=0 waiting_roots=0 admitted_roots=22 promotions=0 vetoes=0 first_veto=0 enabled=1
telemetry_span name=direct3d_create9 qpc_begin=9537317999607 qpc_end=9537318829735 thread=1164 success=1
ownership_factory mode=wrapped native=0011ccc0 public=00118838 result=00000000
adapter description=NVIDIA GeForce 8800 GTX driver=nvd3dum.dll vendor=000010de device=00000191
telemetry_presentation phase=create_before device=0 thread=1164 focus_window=001a0060 device_window=001a0060 width=64 height=64 format=22 count=1 msaa=0 quality=0 swap_effect=1 windowed=1 auto_depth=0 depth_format=0 flags=00000000 refresh=0 interval=2147483648
create_device adapter=0 flags=00000040 width=64 height=64 format=22 windowed=1 msaa=0 interval=2147483648
telemetry_presentation phase=create_after device=0 thread=1164 focus_window=001a0060 device_window=001a0060 width=64 height=64 format=22 count=1 msaa=0 quality=0 swap_effect=1 windowed=1 auto_depth=0 depth_format=0 flags=00000000 refresh=0 interval=2147483648
create_device_result hr=00000000
capture_caps result=00000000 streams=16 vs_float_count=256 ps_version=ffff0300
device_hooked ptr=00d49bc0 device=3 ex=0
ownership_copy_depth phase=create_after device=3 frame=0 result=00000000 status=00000001 requested=0 available=0 source_bound=0 copy_valid=0 generation=0 source_epoch=0 copy_epoch=0 source_width=0 source_height=0 source_format=0 source_type=0 source_usage=0 source_pool=0 source_msaa=0 source_quality=0
application_admission_final phase=factory active_roots=1 waiting_roots=0 admitted_roots=33 promotions=0 vetoes=0 first_veto=0 enabled=1
telemetry_summary device=3 frame=0 reason=device_destroy qpc=9537318866047 since_start_us=993977.500 interval_us=1921.400 position_suppressed=0 cursor_changes_suppressed=0
telemetry_metric device=3 name=texture count=1 failures=0 total_us=7.600 min_us=7.600 max_us=7.600 bytes=0 buckets=1,0,0,0,0,0
telemetry_summary device=0 frame=0 reason=device_destroy qpc=9537318867014 since_start_us=994074.200 interval_us=87223.100 position_suppressed=0 cursor_changes_suppressed=0
telemetry_metric device=0 name=lock_wait count=8 failures=0 total_us=1.200 min_us=0.100 max_us=0.300 bytes=0 buckets=8,0,0,0,0,0
telemetry_metric device=0 name=create_device count=1 failures=0 total_us=1524.600 min_us=1524.600 max_us=1524.600 bytes=0 buckets=0,0,0,1,0,0
telemetry_metric device=0 name=log_flush count=1 failures=0 total_us=0.200 min_us=0.200 max_us=0.200 bytes=0 buckets=1,0,0,0,0,0
device_destroy ptr=00d49bc0 device=3
application_admission_final phase=device active_roots=0 waiting_roots=0 admitted_roots=33 promotions=0 vetoes=0 first_veto=0 enabled=1
telemetry_span name=direct3d_create9 qpc_begin=9537318871223 qpc_end=9537319703657 thread=1164 success=1
ownership_factory mode=wrapped native=0011ccc0 public=00118838 result=00000000
adapter description=NVIDIA GeForce 8800 GTX driver=nvd3dum.dll vendor=000010de device=00000191
telemetry_presentation phase=create_before device=0 thread=1164 focus_window=001a0060 device_window=001a0060 width=64 height=64 format=22 count=1 msaa=0 quality=0 swap_effect=1 windowed=1 auto_depth=0 depth_format=0 flags=00000000 refresh=0 interval=2147483648
create_device adapter=0 flags=00000040 width=64 height=64 format=22 windowed=1 msaa=0 interval=2147483648
telemetry_presentation phase=create_after device=0 thread=1164 focus_window=001a0060 device_window=001a0060 width=64 height=64 format=22 count=1 msaa=0 quality=0 swap_effect=1 windowed=1 auto_depth=0 depth_format=0 flags=00000000 refresh=0 interval=2147483648
create_device_result hr=00000000
capture_caps result=00000000 streams=16 vs_float_count=256 ps_version=ffff0300
device_hooked ptr=00d49bc0 device=4 ex=0
ownership_copy_depth phase=create_after device=4 frame=0 result=00000000 status=00000001 requested=0 available=0 source_bound=0 copy_valid=0 generation=0 source_epoch=0 copy_epoch=0 source_width=0 source_height=0 source_format=0 source_type=0 source_usage=0 source_pool=0 source_msaa=0 source_quality=0
application_admission_final phase=factory active_roots=1 waiting_roots=0 admitted_roots=44 promotions=0 vetoes=0 first_veto=0 enabled=1
telemetry_summary device=4 frame=0 reason=device_destroy qpc=9537319740229 since_start_us=1081395.700 interval_us=1802.100 position_suppressed=0 cursor_changes_suppressed=0
telemetry_metric device=4 name=texture count=1 failures=0 total_us=5.900 min_us=5.900 max_us=5.900 bytes=0 buckets=1,0,0,0,0,0
telemetry_summary device=0 frame=0 reason=device_destroy qpc=9537319740472 since_start_us=1081420.000 interval_us=87345.800 position_suppressed=0 cursor_changes_suppressed=0
telemetry_metric device=0 name=lock_wait count=8 failures=0 total_us=1.300 min_us=0.100 max_us=0.400 bytes=0 buckets=8,0,0,0,0,0
telemetry_metric device=0 name=create_device count=1 failures=0 total_us=1671.600 min_us=1671.600 max_us=1671.600 bytes=0 buckets=0,0,0,1,0,0
telemetry_metric device=0 name=log_flush count=1 failures=0 total_us=0.200 min_us=0.200 max_us=0.200 bytes=0 buckets=1,0,0,0,0,0
device_destroy ptr=00d49bc0 device=4
application_admission_final phase=device active_roots=0 waiting_roots=0 admitted_roots=44 promotions=0 vetoes=0 first_veto=0 enabled=1
telemetry_span name=direct3d_create9 qpc_begin=9537319744695 qpc_end=9537320584917 thread=1164 success=1
ownership_factory mode=wrapped native=0011ccc0 public=00118838 result=00000000
adapter description=NVIDIA GeForce 8800 GTX driver=nvd3dum.dll vendor=000010de device=00000191
telemetry_presentation phase=create_before device=0 thread=1164 focus_window=001a0060 device_window=001a0060 width=64 height=64 format=22 count=1 msaa=0 quality=0 swap_effect=1 windowed=1 auto_depth=0 depth_format=0 flags=00000000 refresh=0 interval=2147483648
create_device adapter=0 flags=00000040 width=64 height=64 format=22 windowed=1 msaa=0 interval=2147483648
telemetry_presentation phase=create_after device=0 thread=1164 focus_window=001a0060 device_window=001a0060 width=64 height=64 format=22 count=1 msaa=0 quality=0 swap_effect=1 windowed=1 auto_depth=0 depth_format=0 flags=00000000 refresh=0 interval=2147483648
create_device_result hr=00000000
capture_caps result=00000000 streams=16 vs_float_count=256 ps_version=ffff0300
device_hooked ptr=00d49bc0 device=5 ex=0
ownership_copy_depth phase=create_after device=5 frame=0 result=00000000 status=00000001 requested=0 available=0 source_bound=0 copy_valid=0 generation=0 source_epoch=0 copy_epoch=0 source_width=0 source_height=0 source_format=0 source_type=0 source_usage=0 source_pool=0 source_msaa=0 source_quality=0
application_admission_final phase=factory active_roots=1 waiting_roots=0 admitted_roots=55 promotions=0 vetoes=0 first_veto=0 enabled=1
telemetry_summary device=5 frame=0 reason=device_destroy qpc=9537320620198 since_start_us=1169392.600 interval_us=1863.200 position_suppressed=0 cursor_changes_suppressed=0
telemetry_metric device=5 name=texture count=1 failures=0 total_us=5.300 min_us=5.300 max_us=5.300 bytes=0 buckets=1,0,0,0,0,0
telemetry_summary device=0 frame=0 reason=device_destroy qpc=9537320620455 since_start_us=1169418.300 interval_us=87998.300 position_suppressed=0 cursor_changes_suppressed=0
telemetry_metric device=0 name=lock_wait count=8 failures=0 total_us=1.200 min_us=0.100 max_us=0.300 bytes=0 buckets=8,0,0,0,0,0
telemetry_metric device=0 name=create_device count=1 failures=0 total_us=1478.000 min_us=1478.000 max_us=1478.000 bytes=0 buckets=0,0,0,1,0,0
telemetry_metric device=0 name=log_flush count=1 failures=0 total_us=0.200 min_us=0.200 max_us=0.200 bytes=0 buckets=1,0,0,0,0,0
device_destroy ptr=00d49bc0 device=5
application_admission_final phase=device active_roots=0 waiting_roots=0 admitted_roots=55 promotions=0 vetoes=0 first_veto=0 enabled=1
telemetry_span name=direct3d_create9 qpc_begin=9537320625557 qpc_end=9537321473973 thread=1164 success=1
ownership_factory mode=wrapped native=0011ccc0 public=00118838 result=00000000
adapter description=NVIDIA GeForce 8800 GTX driver=nvd3dum.dll vendor=000010de device=00000191
telemetry_presentation phase=create_before device=0 thread=1164 focus_window=001a0060 device_window=001a0060 width=64 height=64 format=22 count=1 msaa=0 quality=0 swap_effect=1 windowed=1 auto_depth=0 depth_format=0 flags=00000000 refresh=0 interval=2147483648
create_device adapter=0 flags=00000040 width=64 height=64 format=22 windowed=1 msaa=0 interval=2147483648
telemetry_presentation phase=create_after device=0 thread=1164 focus_window=001a0060 device_window=001a0060 width=64 height=64 format=22 count=1 msaa=0 quality=0 swap_effect=1 windowed=1 auto_depth=0 depth_format=0 flags=00000000 refresh=0 interval=2147483648
create_device_result hr=00000000
capture_caps result=00000000 streams=16 vs_float_count=256 ps_version=ffff0300
device_hooked ptr=00d49bc0 device=6 ex=0
ownership_copy_depth phase=create_after device=6 frame=0 result=00000000 status=00000001 requested=0 available=0 source_bound=0 copy_valid=0 generation=0 source_epoch=0 copy_epoch=0 source_width=0 source_height=0 source_format=0 source_type=0 source_usage=0 source_pool=0 source_msaa=0 source_quality=0
application_admission_final phase=factory active_roots=1 waiting_roots=0 admitted_roots=66 promotions=0 vetoes=0 first_veto=0 enabled=1
telemetry_summary device=6 frame=0 reason=device_destroy qpc=9537321508852 since_start_us=1258258.000 interval_us=1804.800 position_suppressed=0 cursor_changes_suppressed=0
telemetry_metric device=6 name=texture count=1 failures=0 total_us=5.700 min_us=5.700 max_us=5.700 bytes=0 buckets=1,0,0,0,0,0
telemetry_summary device=0 frame=0 reason=device_destroy qpc=9537321509118 since_start_us=1258284.600 interval_us=88866.300 position_suppressed=0 cursor_changes_suppressed=0
telemetry_metric device=0 name=lock_wait count=8 failures=0 total_us=0.900 min_us=0.000 max_us=0.200 bytes=0 buckets=8,0,0,0,0,0
telemetry_metric device=0 name=create_device count=1 failures=0 total_us=1492.200 min_us=1492.200 max_us=1492.200 bytes=0 buckets=0,0,0,1,0,0
telemetry_metric device=0 name=log_flush count=1 failures=0 total_us=0.100 min_us=0.100 max_us=0.100 bytes=0 buckets=1,0,0,0,0,0
device_destroy ptr=00d49bc0 device=6
application_admission_final phase=device active_roots=0 waiting_roots=0 admitted_roots=66 promotions=0 vetoes=0 first_veto=0 enabled=1
telemetry_span name=direct3d_create9 qpc_begin=9537321513286 qpc_end=9537322342002 thread=1164 success=1
ownership_factory mode=wrapped native=0011ccc0 public=00118838 result=00000000
adapter description=NVIDIA GeForce 8800 GTX driver=nvd3dum.dll vendor=000010de device=00000191
telemetry_presentation phase=create_before device=0 thread=1164 focus_window=001a0060 device_window=001a0060 width=64 height=64 format=22 count=1 msaa=0 quality=0 swap_effect=1 windowed=1 auto_depth=0 depth_format=0 flags=00000000 refresh=0 interval=2147483648
create_device adapter=0 flags=00000040 width=64 height=64 format=22 windowed=1 msaa=0 interval=2147483648
telemetry_presentation phase=create_after device=0 thread=1164 focus_window=001a0060 device_window=001a0060 width=64 height=64 format=22 count=1 msaa=0 quality=0 swap_effect=1 windowed=1 auto_depth=0 depth_format=0 flags=00000000 refresh=0 interval=2147483648
create_device_result hr=00000000
capture_caps result=00000000 streams=16 vs_float_count=256 ps_version=ffff0300
device_hooked ptr=00d49bc0 device=7 ex=0
ownership_copy_depth phase=create_after device=7 frame=0 result=00000000 status=00000001 requested=0 available=0 source_bound=0 copy_valid=0 generation=0 source_epoch=0 copy_epoch=0 source_width=0 source_height=0 source_format=0 source_type=0 source_usage=0 source_pool=0 source_msaa=0 source_quality=0
application_admission_final phase=factory active_roots=1 waiting_roots=0 admitted_roots=77 promotions=0 vetoes=0 first_veto=0 enabled=1
telemetry_summary device=7 frame=0 reason=device_destroy qpc=9537322377747 since_start_us=1345147.500 interval_us=1872.800 position_suppressed=0 cursor_changes_suppressed=0
telemetry_metric device=7 name=texture count=1 failures=0 total_us=6.700 min_us=6.700 max_us=6.700 bytes=0 buckets=1,0,0,0,0,0
telemetry_summary device=0 frame=0 reason=device_destroy qpc=9537322378032 since_start_us=1345176.000 interval_us=86891.400 position_suppressed=0 cursor_changes_suppressed=0
telemetry_metric device=0 name=lock_wait count=8 failures=0 total_us=1.300 min_us=0.000 max_us=0.300 bytes=0 buckets=8,0,0,0,0,0
telemetry_metric device=0 name=create_device count=1 failures=0 total_us=1512.200 min_us=1512.200 max_us=1512.200 bytes=0 buckets=0,0,0,1,0,0
telemetry_metric device=0 name=log_flush count=1 failures=0 total_us=0.200 min_us=0.200 max_us=0.200 bytes=0 buckets=1,0,0,0,0,0
device_destroy ptr=00d49bc0 device=7
application_admission_final phase=device active_roots=0 waiting_roots=0 admitted_roots=77 promotions=0 vetoes=0 first_veto=0 enabled=1
telemetry_span name=direct3d_create9 qpc_begin=9537322382283 qpc_end=9537323223334 thread=1164 success=1
ownership_factory mode=wrapped native=0011ccc0 public=00118838 result=00000000
adapter description=NVIDIA GeForce 8800 GTX driver=nvd3dum.dll vendor=000010de device=00000191
telemetry_presentation phase=create_before device=0 thread=1164 focus_window=001a0060 device_window=001a0060 width=64 height=64 format=22 count=1 msaa=0 quality=0 swap_effect=1 windowed=1 auto_depth=0 depth_format=0 flags=00000000 refresh=0 interval=2147483648
create_device adapter=0 flags=00000040 width=64 height=64 format=22 windowed=1 msaa=0 interval=2147483648
telemetry_presentation phase=create_after device=0 thread=1164 focus_window=001a0060 device_window=001a0060 width=64 height=64 format=22 count=1 msaa=0 quality=0 swap_effect=1 windowed=1 auto_depth=0 depth_format=0 flags=00000000 refresh=0 interval=2147483648
create_device_result hr=00000000
capture_caps result=00000000 streams=16 vs_float_count=256 ps_version=ffff0300
device_hooked ptr=00d49bc0 device=8 ex=0
ownership_copy_depth phase=create_after device=8 frame=0 result=00000000 status=00000001 requested=0 available=0 source_bound=0 copy_valid=0 generation=0 source_epoch=0 copy_epoch=0 source_width=0 source_height=0 source_format=0 source_type=0 source_usage=0 source_pool=0 source_msaa=0 source_quality=0
application_admission_final phase=factory active_roots=1 waiting_roots=0 admitted_roots=88 promotions=0 vetoes=0 first_veto=0 enabled=1
telemetry_summary device=8 frame=0 reason=device_destroy qpc=9537323258922 since_start_us=1433265.000 interval_us=1857.500 position_suppressed=0 cursor_changes_suppressed=0
telemetry_metric device=8 name=texture count=1 failures=0 total_us=5.800 min_us=5.800 max_us=5.800 bytes=0 buckets=1,0,0,0,0,0
telemetry_summary device=0 frame=0 reason=device_destroy qpc=9537323259227 since_start_us=1433295.500 interval_us=88119.500 position_suppressed=0 cursor_changes_suppressed=0
telemetry_metric device=0 name=lock_wait count=8 failures=0 total_us=1.100 min_us=0.100 max_us=0.200 bytes=0 buckets=8,0,0,0,0,0
telemetry_metric device=0 name=create_device count=1 failures=0 total_us=1502.100 min_us=1502.100 max_us=1502.100 bytes=0 buckets=0,0,0,1,0,0
telemetry_metric device=0 name=log_flush count=1 failures=0 total_us=0.200 min_us=0.200 max_us=0.200 bytes=0 buckets=1,0,0,0,0,0
device_destroy ptr=00d49bc0 device=8
application_admission_final phase=device active_roots=0 waiting_roots=0 admitted_roots=88 promotions=0 vetoes=0 first_veto=0 enabled=1
telemetry_span name=direct3d_create9 qpc_begin=9537323263139 qpc_end=9537324098144 thread=1164 success=1
ownership_factory mode=wrapped native=0011ccc0 public=001188f8 result=00000000
adapter description=NVIDIA GeForce 8800 GTX driver=nvd3dum.dll vendor=000010de device=00000191
telemetry_presentation phase=create_before device=0 thread=1164 focus_window=001a0060 device_window=001a0060 width=64 height=64 format=22 count=1 msaa=0 quality=0 swap_effect=1 windowed=1 auto_depth=0 depth_format=0 flags=00000000 refresh=0 interval=2147483648
create_device adapter=0 flags=00000040 width=64 height=64 format=22 windowed=1 msaa=0 interval=2147483648
telemetry_presentation phase=create_after device=0 thread=1164 focus_window=001a0060 device_window=001a0060 width=64 height=64 format=22 count=1 msaa=0 quality=0 swap_effect=1 windowed=1 auto_depth=0 depth_format=0 flags=00000000 refresh=0 interval=2147483648
create_device_result hr=00000000
capture_caps result=00000000 streams=16 vs_float_count=256 ps_version=ffff0300
device_hooked ptr=00d49bc0 device=9 ex=0
ownership_copy_depth phase=create_after device=9 frame=0 result=00000000 status=00000001 requested=0 available=0 source_bound=0 copy_valid=0 generation=0 source_epoch=0 copy_epoch=0 source_width=0 source_height=0 source_format=0 source_type=0 source_usage=0 source_pool=0 source_msaa=0 source_quality=0
application_admission_final phase=factory active_roots=1 waiting_roots=0 admitted_roots=99 promotions=0 vetoes=0 first_veto=0 enabled=1
telemetry_summary device=9 frame=0 reason=device_destroy qpc=9537324135381 since_start_us=1520910.900 interval_us=1999.300 position_suppressed=0 cursor_changes_suppressed=0
telemetry_metric device=9 name=texture count=1 failures=0 total_us=6.400 min_us=6.400 max_us=6.400 bytes=0 buckets=1,0,0,0,0,0
telemetry_summary device=0 frame=0 reason=device_destroy qpc=9537324135637 since_start_us=1520936.500 interval_us=87641.000 position_suppressed=0 cursor_changes_suppressed=0
telemetry_metric device=0 name=lock_wait count=8 failures=0 total_us=1.300 min_us=0.100 max_us=0.300 bytes=0 buckets=8,0,0,0,0,0
telemetry_metric device=0 name=create_device count=1 failures=0 total_us=1519.400 min_us=1519.400 max_us=1519.400 bytes=0 buckets=0,0,0,1,0,0
telemetry_metric device=0 name=log_flush count=1 failures=0 total_us=0.100 min_us=0.100 max_us=0.100 bytes=0 buckets=1,0,0,0,0,0
device_destroy ptr=00d49bc0 device=9
application_admission_final phase=device active_roots=0 waiting_roots=0 admitted_roots=99 promotions=0 vetoes=0 first_veto=0 enabled=1
telemetry_span name=direct3d_create9 qpc_begin=9537324139990 qpc_end=9537324969061 thread=1164 success=1
ownership_factory mode=wrapped native=0011ccc0 public=001188f8 result=00000000
adapter description=NVIDIA GeForce 8800 GTX driver=nvd3dum.dll vendor=000010de device=00000191
telemetry_presentation phase=create_before device=0 thread=1164 focus_window=001a0060 device_window=001a0060 width=64 height=64 format=22 count=1 msaa=0 quality=0 swap_effect=1 windowed=1 auto_depth=0 depth_format=0 flags=00000000 refresh=0 interval=2147483648
create_device adapter=0 flags=00000040 width=64 height=64 format=22 windowed=1 msaa=0 interval=2147483648
telemetry_presentation phase=create_after device=0 thread=1164 focus_window=001a0060 device_window=001a0060 width=64 height=64 format=22 count=1 msaa=0 quality=0 swap_effect=1 windowed=1 auto_depth=0 depth_format=0 flags=00000000 refresh=0 interval=2147483648
create_device_result hr=00000000
capture_caps result=00000000 streams=16 vs_float_count=256 ps_version=ffff0300
device_hooked ptr=00d49bc0 device=10 ex=0
ownership_copy_depth phase=create_after device=10 frame=0 result=00000000 status=00000001 requested=0 available=0 source_bound=0 copy_valid=0 generation=0 source_epoch=0 copy_epoch=0 source_width=0 source_height=0 source_format=0 source_type=0 source_usage=0 source_pool=0 source_msaa=0 source_quality=0
application_admission_final phase=factory active_roots=1 waiting_roots=0 admitted_roots=110 promotions=0 vetoes=0 first_veto=0 enabled=1
telemetry_summary device=10 frame=0 reason=device_destroy qpc=9537325006008 since_start_us=1607973.600 interval_us=1829.500 position_suppressed=0 cursor_changes_suppressed=0
telemetry_metric device=10 name=texture count=1 failures=0 total_us=5.800 min_us=5.800 max_us=5.800 bytes=0 buckets=1,0,0,0,0,0
telemetry_summary device=0 frame=0 reason=device_destroy qpc=9537325006280 since_start_us=1608000.800 interval_us=87064.300 position_suppressed=0 cursor_changes_suppressed=0
telemetry_metric device=0 name=lock_wait count=8 failures=0 total_us=1.000 min_us=0.000 max_us=0.400 bytes=0 buckets=8,0,0,0,0,0
telemetry_metric device=0 name=create_device count=1 failures=0 total_us=1656.700 min_us=1656.700 max_us=1656.700 bytes=0 buckets=0,0,0,1,0,0
telemetry_metric device=0 name=log_flush count=1 failures=0 total_us=0.200 min_us=0.200 max_us=0.200 bytes=0 buckets=1,0,0,0,0,0
device_destroy ptr=00d49bc0 device=10
application_admission_final phase=device active_roots=0 waiting_roots=0 admitted_roots=110 promotions=0 vetoes=0 first_veto=0 enabled=1
telemetry_span name=direct3d_create9 qpc_begin=9537325010417 qpc_end=9537325836462 thread=1164 success=1
ownership_factory mode=wrapped native=0011ccc0 public=001188f8 result=00000000
adapter description=NVIDIA GeForce 8800 GTX driver=nvd3dum.dll vendor=000010de device=00000191
telemetry_presentation phase=create_before device=0 thread=1164 focus_window=001a0060 device_window=001a0060 width=64 height=64 format=22 count=1 msaa=0 quality=0 swap_effect=1 windowed=1 auto_depth=0 depth_format=0 flags=00000000 refresh=0 interval=2147483648
create_device adapter=0 flags=00000040 width=64 height=64 format=22 windowed=1 msaa=0 interval=2147483648
telemetry_presentation phase=create_after device=0 thread=1164 focus_window=001a0060 device_window=001a0060 width=64 height=64 format=22 count=1 msaa=0 quality=0 swap_effect=1 windowed=1 auto_depth=0 depth_format=0 flags=00000000 refresh=0 interval=2147483648
create_device_result hr=00000000
capture_caps result=00000000 streams=16 vs_float_count=256 ps_version=ffff0300
device_hooked ptr=00c6db90 device=11 ex=0
ownership_copy_depth phase=create_after device=11 frame=0 result=00000000 status=00000001 requested=0 available=0 source_bound=0 copy_valid=0 generation=0 source_epoch=0 copy_epoch=0 source_width=0 source_height=0 source_format=0 source_type=0 source_usage=0 source_pool=0 source_msaa=0 source_quality=0
application_admission_final phase=factory active_roots=1 waiting_roots=0 admitted_roots=121 promotions=0 vetoes=0 first_veto=0 enabled=1
telemetry_summary device=11 frame=0 reason=device_destroy qpc=9537325871050 since_start_us=1694477.800 interval_us=1792.500 position_suppressed=0 cursor_changes_suppressed=0
telemetry_metric device=11 name=texture count=1 failures=0 total_us=5.600 min_us=5.600 max_us=5.600 bytes=0 buckets=1,0,0,0,0,0
telemetry_summary device=0 frame=0 reason=device_destroy qpc=9537325871318 since_start_us=1694504.600 interval_us=86503.800 position_suppressed=0 cursor_changes_suppressed=0
telemetry_metric device=0 name=lock_wait count=8 failures=0 total_us=1.100 min_us=0.000 max_us=0.300 bytes=0 buckets=8,0,0,0,0,0
telemetry_metric device=0 name=create_device count=1 failures=0 total_us=1485.700 min_us=1485.700 max_us=1485.700 bytes=0 buckets=0,0,0,1,0,0
telemetry_metric device=0 name=log_flush count=1 failures=0 total_us=0.100 min_us=0.100 max_us=0.100 bytes=0 buckets=1,0,0,0,0,0
device_destroy ptr=00c6db90 device=11
application_admission_final phase=device active_roots=0 waiting_roots=0 admitted_roots=121 promotions=0 vetoes=0 first_veto=0 enabled=1
telemetry_span name=direct3d_create9 qpc_begin=9537325875470 qpc_end=9537326708607 thread=1164 success=1
ownership_factory mode=wrapped native=0011ccc0 public=001188f8 result=00000000
adapter description=NVIDIA GeForce 8800 GTX driver=nvd3dum.dll vendor=000010de device=00000191
telemetry_presentation phase=create_before device=0 thread=1164 focus_window=001a0060 device_window=001a0060 width=64 height=64 format=22 count=1 msaa=0 quality=0 swap_effect=1 windowed=1 auto_depth=0 depth_format=0 flags=00000000 refresh=0 interval=2147483648
create_device adapter=0 flags=00000040 width=64 height=64 format=22 windowed=1 msaa=0 interval=2147483648
telemetry_presentation phase=create_after device=0 thread=1164 focus_window=001a0060 device_window=001a0060 width=64 height=64 format=22 count=1 msaa=0 quality=0 swap_effect=1 windowed=1 auto_depth=0 depth_format=0 flags=00000000 refresh=0 interval=2147483648
create_device_result hr=00000000
capture_caps result=00000000 streams=16 vs_float_count=256 ps_version=ffff0300
device_hooked ptr=00c6df08 device=12 ex=0
ownership_copy_depth phase=create_after device=12 frame=0 result=00000000 status=00000001 requested=0 available=0 source_bound=0 copy_valid=0 generation=0 source_epoch=0 copy_epoch=0 source_width=0 source_height=0 source_format=0 source_type=0 source_usage=0 source_pool=0 source_msaa=0 source_quality=0
application_admission_final phase=factory active_roots=1 waiting_roots=0 admitted_roots=132 promotions=0 vetoes=0 first_veto=0 enabled=1
telemetry_summary device=12 frame=0 reason=device_destroy qpc=9537326744177 since_start_us=1781790.500 interval_us=1851.500 position_suppressed=0 cursor_changes_suppressed=0
telemetry_metric device=12 name=texture count=1 failures=0 total_us=5.700 min_us=5.700 max_us=5.700 bytes=0 buckets=1,0,0,0,0,0
telemetry_summary device=0 frame=0 reason=device_destroy qpc=9537326744439 since_start_us=1781816.700 interval_us=87312.100 position_suppressed=0 cursor_changes_suppressed=0
telemetry_metric device=0 name=lock_wait count=8 failures=0 total_us=1.000 min_us=0.000 max_us=0.300 bytes=0 buckets=8,0,0,0,0,0
telemetry_metric device=0 name=create_device count=1 failures=0 total_us=1508.700 min_us=1508.700 max_us=1508.700 bytes=0 buckets=0,0,0,1,0,0
telemetry_metric device=0 name=log_flush count=1 failures=0 total_us=0.200 min_us=0.200 max_us=0.200 bytes=0 buckets=1,0,0,0,0,0
device_destroy ptr=00c6df08 device=12
application_admission_final phase=device active_roots=0 waiting_roots=0 admitted_roots=132 promotions=0 vetoes=0 first_veto=0 enabled=1
telemetry_span name=direct3d_create9 qpc_begin=9537326748726 qpc_end=9537327585534 thread=1164 success=1
ownership_factory mode=wrapped native=0011ccc0 public=00118838 result=00000000
adapter description=NVIDIA GeForce 8800 GTX driver=nvd3dum.dll vendor=000010de device=00000191
telemetry_presentation phase=create_before device=0 thread=1164 focus_window=001a0060 device_window=001a0060 width=64 height=64 format=22 count=1 msaa=0 quality=0 swap_effect=1 windowed=1 auto_depth=0 depth_format=0 flags=00000000 refresh=0 interval=2147483648
create_device adapter=0 flags=00000040 width=64 height=64 format=22 windowed=1 msaa=0 interval=2147483648
telemetry_presentation phase=create_after device=0 thread=1164 focus_window=001a0060 device_window=001a0060 width=64 height=64 format=22 count=1 msaa=0 quality=0 swap_effect=1 windowed=1 auto_depth=0 depth_format=0 flags=00000000 refresh=0 interval=2147483648
create_device_result hr=00000000
capture_caps result=00000000 streams=16 vs_float_count=256 ps_version=ffff0300
device_hooked ptr=00c6df08 device=13 ex=0
ownership_copy_depth phase=create_after device=13 frame=0 result=00000000 status=00000001 requested=0 available=0 source_bound=0 copy_valid=0 generation=0 source_epoch=0 copy_epoch=0 source_width=0 source_height=0 source_format=0 source_type=0 source_usage=0 source_pool=0 source_msaa=0 source_quality=0
application_admission_final phase=factory active_roots=1 waiting_roots=0 admitted_roots=143 promotions=0 vetoes=0 first_veto=0 enabled=1
telemetry_summary device=13 frame=0 reason=device_destroy qpc=9537327623215 since_start_us=1869694.300 interval_us=2111.300 position_suppressed=0 cursor_changes_suppressed=0
telemetry_metric device=13 name=texture count=1 failures=0 total_us=5.700 min_us=5.700 max_us=5.700 bytes=0 buckets=1,0,0,0,0,0
telemetry_summary device=0 frame=0 reason=device_destroy qpc=9537327623478 since_start_us=1869720.600 interval_us=87903.900 position_suppressed=0 cursor_changes_suppressed=0
telemetry_metric device=0 name=lock_wait count=8 failures=0 total_us=1.200 min_us=0.000 max_us=0.400 bytes=0 buckets=8,0,0,0,0,0
telemetry_metric device=0 name=create_device count=1 failures=0 total_us=1479.500 min_us=1479.500 max_us=1479.500 bytes=0 buckets=0,0,0,1,0,0
telemetry_metric device=0 name=log_flush count=1 failures=0 total_us=0.200 min_us=0.200 max_us=0.200 bytes=0 buckets=1,0,0,0,0,0
device_destroy ptr=00c6df08 device=13
application_admission_final phase=device active_roots=0 waiting_roots=0 admitted_roots=143 promotions=0 vetoes=0 first_veto=0 enabled=1
telemetry_span name=direct3d_create9 qpc_begin=9537327627875 qpc_end=9537328473807 thread=1164 success=1
ownership_factory mode=wrapped native=0011ccc0 public=00118838 result=00000000
adapter description=NVIDIA GeForce 8800 GTX driver=nvd3dum.dll vendor=000010de device=00000191
telemetry_presentation phase=create_before device=0 thread=1164 focus_window=001a0060 device_window=001a0060 width=64 height=64 format=22 count=1 msaa=0 quality=0 swap_effect=1 windowed=1 auto_depth=0 depth_format=0 flags=00000000 refresh=0 interval=2147483648
create_device adapter=0 flags=00000040 width=64 height=64 format=22 windowed=1 msaa=0 interval=2147483648
telemetry_presentation phase=create_after device=0 thread=1164 focus_window=001a0060 device_window=001a0060 width=64 height=64 format=22 count=1 msaa=0 quality=0 swap_effect=1 windowed=1 auto_depth=0 depth_format=0 flags=00000000 refresh=0 interval=2147483648
create_device_result hr=00000000
capture_caps result=00000000 streams=16 vs_float_count=256 ps_version=ffff0300
device_hooked ptr=00c6df08 device=14 ex=0
ownership_copy_depth phase=create_after device=14 frame=0 result=00000000 status=00000001 requested=0 available=0 source_bound=0 copy_valid=0 generation=0 source_epoch=0 copy_epoch=0 source_width=0 source_height=0 source_format=0 source_type=0 source_usage=0 source_pool=0 source_msaa=0 source_quality=0
application_admission_final phase=factory active_roots=1 waiting_roots=0 admitted_roots=154 promotions=0 vetoes=0 first_veto=0 enabled=1
telemetry_summary device=14 frame=0 reason=device_destroy qpc=9537328508623 since_start_us=1958235.100 interval_us=1708.900 position_suppressed=0 cursor_changes_suppressed=0
telemetry_metric device=14 name=texture count=1 failures=0 total_us=5.700 min_us=5.700 max_us=5.700 bytes=0 buckets=1,0,0,0,0,0
telemetry_summary device=0 frame=0 reason=device_destroy qpc=9537328508880 since_start_us=1958260.800 interval_us=88540.200 position_suppressed=0 cursor_changes_suppressed=0
telemetry_metric device=0 name=lock_wait count=8 failures=0 total_us=1.000 min_us=0.000 max_us=0.300 bytes=0 buckets=8,0,0,0,0,0
telemetry_metric device=0 name=create_device count=1 failures=0 total_us=1582.600 min_us=1582.600 max_us=1582.600 bytes=0 buckets=0,0,0,1,0,0
telemetry_metric device=0 name=log_flush count=1 failures=0 total_us=0.100 min_us=0.100 max_us=0.100 bytes=0 buckets=1,0,0,0,0,0
device_destroy ptr=00c6df08 device=14
application_admission_final phase=device active_roots=0 waiting_roots=0 admitted_roots=154 promotions=0 vetoes=0 first_veto=0 enabled=1
telemetry_span name=direct3d_create9 qpc_begin=9537328512935 qpc_end=9537329352116 thread=1164 success=1
ownership_factory mode=wrapped native=0011ccc0 public=001188f8 result=00000000
adapter description=NVIDIA GeForce 8800 GTX driver=nvd3dum.dll vendor=000010de device=00000191
telemetry_presentation phase=create_before device=0 thread=1164 focus_window=001a0060 device_window=001a0060 width=64 height=64 format=22 count=1 msaa=0 quality=0 swap_effect=1 windowed=1 auto_depth=0 depth_format=0 flags=00000000 refresh=0 interval=2147483648
create_device adapter=0 flags=00000040 width=64 height=64 format=22 windowed=1 msaa=0 interval=2147483648
telemetry_presentation phase=create_after device=0 thread=1164 focus_window=001a0060 device_window=001a0060 width=64 height=64 format=22 count=1 msaa=0 quality=0 swap_effect=1 windowed=1 auto_depth=0 depth_format=0 flags=00000000 refresh=0 interval=2147483648
create_device_result hr=00000000
capture_caps result=00000000 streams=16 vs_float_count=256 ps_version=ffff0300
device_hooked ptr=00c6dec8 device=15 ex=0
ownership_copy_depth phase=create_after device=15 frame=0 result=00000000 status=00000001 requested=0 available=0 source_bound=0 copy_valid=0 generation=0 source_epoch=0 copy_epoch=0 source_width=0 source_height=0 source_format=0 source_type=0 source_usage=0 source_pool=0 source_msaa=0 source_quality=0
application_admission_final phase=factory active_roots=1 waiting_roots=0 admitted_roots=165 promotions=0 vetoes=0 first_veto=0 enabled=1
telemetry_summary device=15 frame=0 reason=device_destroy qpc=9537329387939 since_start_us=2046166.700 interval_us=1905.300 position_suppressed=0 cursor_changes_suppressed=0
telemetry_metric device=15 name=texture count=1 failures=0 total_us=6.000 min_us=6.000 max_us=6.000 bytes=0 buckets=1,0,0,0,0,0
telemetry_summary device=0 frame=0 reason=device_destroy qpc=9537329388189 since_start_us=2046191.700 interval_us=87930.900 position_suppressed=0 cursor_changes_suppressed=0
telemetry_metric device=0 name=lock_wait count=8 failures=0 total_us=1.300 min_us=0.100 max_us=0.300 bytes=0 buckets=8,0,0,0,0,0
telemetry_metric device=0 name=create_device count=1 failures=0 total_us=1491.500 min_us=1491.500 max_us=1491.500 bytes=0 buckets=0,0,0,1,0,0
telemetry_metric device=0 name=log_flush count=1 failures=0 total_us=0.100 min_us=0.100 max_us=0.100 bytes=0 buckets=1,0,0,0,0,0
device_destroy ptr=00c6dec8 device=15
application_admission_final phase=device active_roots=0 waiting_roots=0 admitted_roots=165 promotions=0 vetoes=0 first_veto=0 enabled=1
telemetry_span name=direct3d_create9 qpc_begin=9537329392637 qpc_end=9537330239087 thread=1164 success=1
ownership_factory mode=wrapped native=0011ccc0 public=00118838 result=00000000
adapter description=NVIDIA GeForce 8800 GTX driver=nvd3dum.dll vendor=000010de device=00000191
telemetry_presentation phase=create_before device=0 thread=1164 focus_window=001a0060 device_window=001a0060 width=64 height=64 format=22 count=1 msaa=0 quality=0 swap_effect=1 windowed=1 auto_depth=0 depth_format=0 flags=00000000 refresh=0 interval=2147483648
create_device adapter=0 flags=00000040 width=64 height=64 format=22 windowed=1 msaa=0 interval=2147483648
telemetry_presentation phase=create_after device=0 thread=1164 focus_window=001a0060 device_window=001a0060 width=64 height=64 format=22 count=1 msaa=0 quality=0 swap_effect=1 windowed=1 auto_depth=0 depth_format=0 flags=00000000 refresh=0 interval=2147483648
create_device_result hr=00000000
capture_caps result=00000000 streams=16 vs_float_count=256 ps_version=ffff0300
device_hooked ptr=00c6df08 device=16 ex=0
ownership_copy_depth phase=create_after device=16 frame=0 result=00000000 status=00000001 requested=0 available=0 source_bound=0 copy_valid=0 generation=0 source_epoch=0 copy_epoch=0 source_width=0 source_height=0 source_format=0 source_type=0 source_usage=0 source_pool=0 source_msaa=0 source_quality=0
application_admission_final phase=factory active_roots=1 waiting_roots=0 admitted_roots=176 promotions=0 vetoes=0 first_veto=0 enabled=1
telemetry_summary device=16 frame=0 reason=device_destroy qpc=9537330274271 since_start_us=2134799.900 interval_us=1855.000 position_suppressed=0 cursor_changes_suppressed=0
telemetry_metric device=16 name=texture count=1 failures=0 total_us=5.500 min_us=5.500 max_us=5.500 bytes=0 buckets=1,0,0,0,0,0
telemetry_summary device=0 frame=0 reason=device_destroy qpc=9537330274551 since_start_us=2134827.900 interval_us=88636.200 position_suppressed=0 cursor_changes_suppressed=0
telemetry_metric device=0 name=lock_wait count=8 failures=0 total_us=1.000 min_us=0.000 max_us=0.400 bytes=0 buckets=8,0,0,0,0,0
telemetry_metric device=0 name=create_device count=1 failures=0 total_us=1457.800 min_us=1457.800 max_us=1457.800 bytes=0 buckets=0,0,0,1,0,0
telemetry_metric device=0 name=log_flush count=1 failures=0 total_us=0.200 min_us=0.200 max_us=0.200 bytes=0 buckets=1,0,0,0,0,0
device_destroy ptr=00c6df08 device=16
application_admission_final phase=device active_roots=0 waiting_roots=0 admitted_roots=176 promotions=0 vetoes=0 first_veto=0 enabled=1
