x3-modern-renderer version=0.3 schema=2 capture_start=1 capture_frames=1 pointer_bits=32
telemetry_start schema=1 qpc_frequency=10000000 qpc=7916154984786 anchor=proxy_initialize cpu_only=1
loading_trace disabled=fingerprint_mismatch hash=3b9bd7a4f94e36b4 bytes=252544
telemetry_span name=backend_load qpc_begin=7916154994374 qpc_end=7916155877639 thread=336 success=1 error=0
backend path=C:\windows\system32\d3d9.dll
telemetry_span name=direct3d_create9 qpc_begin=7916155878919 qpc_end=7916161087144 thread=336 success=1
adapter description=NVIDIA GeForce 8800 GTX driver=nvd3dum.dll vendor=000010de device=00000191
telemetry_presentation phase=create_before device=0 thread=336 focus_window=00040056 device_window=00040056 width=64 height=64 format=0 count=0 msaa=0 quality=0 swap_effect=1 windowed=1 auto_depth=0 depth_format=0 flags=00000000 refresh=0 interval=2147483648
create_device adapter=0 flags=00000040 width=64 height=64 format=0 windowed=1 msaa=0 interval=2147483648
telemetry_presentation phase=create_after device=0 thread=336 focus_window=00040056 device_window=00040056 width=64 height=64 format=22 count=1 msaa=0 quality=0 swap_effect=1 windowed=1 auto_depth=0 depth_format=0 flags=00000000 refresh=0 interval=2147483648
create_device_result hr=00000000
capture_caps result=00000000 streams=16 vs_float_count=256 ps_version=ffff0300
device_hooked ptr=00113180 device=1 ex=0
telemetry_summary device=0 frame=0 reason=interval qpc=7916172794395 since_start_us=1780960.875 interval_us=1780960.875 position_suppressed=0 cursor_changes_suppressed=0
telemetry_metric device=0 name=lock_wait count=5 failures=0 total_us=4.400 min_us=0.100 max_us=1.600 bytes=0 buckets=5,0,0,0,0,0
telemetry_metric device=0 name=create_device count=1 failures=0 total_us=56977.699 min_us=56977.699 max_us=56977.699 bytes=0 buckets=0,0,0,0,1,0
telemetry_summary device=1 frame=0 reason=interval qpc=7916172823254 since_start_us=1783846.750 interval_us=1104072.875 position_suppressed=0 cursor_changes_suppressed=0
telemetry_metric device=1 name=texture count=3 failures=1 total_us=312.200 min_us=2.800 max_us=270.500 bytes=0 buckets=1,1,1,0,0,0
telemetry_cursor_api device=1 frame=0 op=properties hotspot=0,0 surface=001176d0 result=00000000
telemetry_cursor_api device=1 frame=0 op=position x=-749 y=715 flags=0
telemetry_first_present device=1 frame=0 qpc=7916173001614 since_start_us=1801682.750 capture=0 reset_count=0
telemetry_window_context device=1 frame=0 render_thread=336 window_thread=336 gui_ok=1 gui_active=00000000 gui_focus=00000000 gui_capture=00000000 clip_ok=1 clip=-1512,0,5120,1440 monitor_ok=1 monitor=0,0,5120,1440 work=0,31,5120,1440
telemetry_window device=1 frame=0 qpc=7916173014022 window=00040056 foreground=00000000 thread_focus=00000000 iconic=0 visible=1 style=14cf0000 exstyle=00000100 window_rect=80,80,240,240 client_rect=0,0,152,126
telemetry_cursor_poll device=1 frame=0 qpc=7916173014022 flags=1 cursor=00000000 x=-749 y=715
telemetry_present_window device=1 frame=0 override=00000000 device_window=00040056 result=00000000
frame_end device=1 frame=0 draws=0 capture=0 present=00000000
frame_begin device=1 frame=1
capture_event device=1 frame=1 seq=1 after_draw=0 op=set_rt result=00000000 qpc=7916173027582
set_rt index=0 result=00000000 ptr=00117610
resource identity=1 ptr=00117610 type=1
surface role=binding ptr=00117610 identity=1 width=64 height=64 format=22 usage=1 msaa=0 container=0 container_type=0 container_result=80004002
capture_event device=1 frame=1 seq=2 after_draw=0 op=set_depth result=00000000 qpc=7916173035048
set_depth ptr=00117650 result=00000000
resource identity=2 ptr=00117650 type=1
surface role=depth_binding ptr=00117650 identity=2 width=64 height=64 format=80 usage=2 msaa=0 container=0 container_type=0 container_result=80004002
capture_event device=1 frame=1 seq=3 after_draw=0 op=clear result=00000000 qpc=7916173039457
clear flags=3 color=ff2468ac z=1 stencil=0 rect_count=0 rect_ptr=00000000
surface role=clear_rt0 ptr=00117610 identity=1 width=64 height=64 format=22 usage=1 msaa=0 container=0 container_type=0 container_result=80004002
surface role=clear_depth ptr=00117650 identity=2 width=64 height=64 format=80 usage=2 msaa=0 container=0 container_type=0 container_result=80004002
capture_event device=1 frame=1 seq=4 after_draw=0 op=clear result=00000000 qpc=7916173043076
clear flags=2 color=00000000 z=0.5 stencil=0 rect_count=0 rect_ptr=00000000
surface role=clear_rt0 ptr=00117610 identity=1 width=64 height=64 format=22 usage=1 msaa=0 container=0 container_type=0 container_result=80004002
surface role=clear_depth ptr=00117650 identity=2 width=64 height=64 format=80 usage=2 msaa=0 container=0 container_type=0 container_result=80004002
capture_event device=1 frame=1 seq=5 after_draw=0 op=set_depth result=00000000 qpc=7916173043829
set_depth ptr=00000000 result=00000000
surface role=depth_binding ptr=0 identity=0
capture_event device=1 frame=1 seq=6 after_draw=0 op=set_rt result=8876086c qpc=7916173044380
set_rt index=0 result=8876086c ptr=00000000
capture_event device=1 frame=1 seq=7 after_draw=0 op=stretch_rect result=00000000 qpc=7916173115221
stretch_rect source=00117610 dest=001175d0 filter=0 source_rect_null=1 dest_rect_null=1
surface role=stretch_source ptr=00117610 identity=1 width=64 height=64 format=22 usage=1 msaa=0 container=0 container_type=0 container_result=80004002
resource identity=3 ptr=001175d0 type=1
surface role=stretch_dest ptr=001175d0 identity=3 width=64 height=64 format=22 usage=1 msaa=0 container=0 container_type=0 container_result=80004002
capture_event device=1 frame=1 seq=8 after_draw=0 op=set_rt result=00000000 qpc=7916173116055
set_rt index=0 result=00000000 ptr=001175d0
surface role=binding ptr=001175d0 identity=3 width=64 height=64 format=22 usage=1 msaa=0 container=0 container_type=0 container_result=80004002
shader kind=ps id=c294f234bcdafae7 bytes=20 dumped=1
capture_event device=1 frame=1 seq=9 after_draw=0 op=draw_begin result=00000000 qpc=7916173155928
draw device=1 frame=1 index=1 kind=up topology=4 primitives=1 vs=0000000000000000 ps=c294f234bcdafae7
geometry source=user_memory
surface role=rt0 ptr=001175d0 identity=3 width=64 height=64 format=22 usage=1 msaa=0 container=0 container_type=0 container_result=80004002
state id=7 value=0
state id=14 value=1
state id=23 value=4
state id=15 value=0
state id=24 value=0
state id=25 value=8
state id=27 value=0
state id=19 value=2
state id=20 value=1
state id=171 value=1
state id=22 value=1
state id=168 value=15
state id=194 value=0
state id=206 value=0
viewport x=0 y=0 w=64 h=64 minz=0 maxz=1
sampler stage=0 state=6 value=1
sampler stage=0 state=5 value=1
sampler stage=0 state=7 value=0
sampler stage=0 state=10 value=1
sampler stage=0 state=11 value=0
sampler stage=1 state=6 value=1
sampler stage=1 state=5 value=1
sampler stage=1 state=7 value=0
sampler stage=1 state=10 value=1
sampler stage=1 state=11 value=0
sampler stage=2 state=6 value=1
sampler stage=2 state=5 value=1
sampler stage=2 state=7 value=0
sampler stage=2 state=10 value=1
sampler stage=2 state=11 value=0
sampler stage=3 state=6 value=1
sampler stage=3 state=5 value=1
sampler stage=3 state=7 value=0
sampler stage=3 state=10 value=1
sampler stage=3 state=11 value=0
sampler stage=4 state=6 value=1
sampler stage=4 state=5 value=1
sampler stage=4 state=7 value=0
sampler stage=4 state=10 value=1
sampler stage=4 state=11 value=0
sampler stage=5 state=6 value=1
sampler stage=5 state=5 value=1
sampler stage=5 state=7 value=0
sampler stage=5 state=10 value=1
sampler stage=5 state=11 value=0
sampler stage=6 state=6 value=1
sampler stage=6 state=5 value=1
sampler stage=6 state=7 value=0
sampler stage=6 state=10 value=1
sampler stage=6 state=11 value=0
sampler stage=7 state=6 value=1
sampler stage=7 state=5 value=1
sampler stage=7 state=7 value=0
sampler stage=7 state=10 value=1
sampler stage=7 state=11 value=0
sampler stage=8 state=6 value=1
sampler stage=8 state=5 value=1
sampler stage=8 state=7 value=0
sampler stage=8 state=10 value=1
sampler stage=8 state=11 value=0
sampler stage=9 state=6 value=1
sampler stage=9 state=5 value=1
sampler stage=9 state=7 value=0
sampler stage=9 state=10 value=1
sampler stage=9 state=11 value=0
sampler stage=10 state=6 value=1
sampler stage=10 state=5 value=1
sampler stage=10 state=7 value=0
sampler stage=10 state=10 value=1
sampler stage=10 state=11 value=0
sampler stage=11 state=6 value=1
sampler stage=11 state=5 value=1
sampler stage=11 state=7 value=0
sampler stage=11 state=10 value=1
sampler stage=11 state=11 value=0
sampler stage=12 state=6 value=1
sampler stage=12 state=5 value=1
sampler stage=12 state=7 value=0
sampler stage=12 state=10 value=1
sampler stage=12 state=11 value=0
sampler stage=13 state=6 value=1
sampler stage=13 state=5 value=1
sampler stage=13 state=7 value=0
sampler stage=13 state=10 value=1
sampler stage=13 state=11 value=0
sampler stage=14 state=6 value=1
sampler stage=14 state=5 value=1
sampler stage=14 state=7 value=0
sampler stage=14 state=10 value=1
sampler stage=14 state=11 value=0
sampler stage=15 state=6 value=1
sampler stage=15 state=5 value=1
sampler stage=15 state=7 value=0
sampler stage=15 state=10 value=1
sampler stage=15 state=11 value=0
vertex_element stream=0 offset=0 type=3 method=0 usage=9 index=0
vertex_element stream=0 offset=16 type=4 method=0 usage=10 index=0
vertex_element stream=255 offset=0 type=17 method=0 usage=0 index=0
transform state=256 row=0 values=1,0,0,0
transform state=256 row=1 values=0,1,0,0
transform state=256 row=2 values=0,0,1,0
transform state=256 row=3 values=0,0,0,1
transform state=2 row=0 values=1,0,0,0
transform state=2 row=1 values=0,1,0,0
transform state=2 row=2 values=0,0,1,0
transform state=2 row=3 values=0,0,0,1
transform state=3 row=0 values=1,0,0,0
transform state=3 row=1 values=0,1,0,0
transform state=3 row=2 values=0,0,1,0
transform state=3 row=3 values=0,0,0,1
constants kind=vs type=f count=256 result=00000000 encoding=sparse_zero
constants kind=vs type=i count=16 result=00000000 encoding=full
constant kind=vs type=i reg=0 values=0,0,0,0
constant kind=vs type=i reg=1 values=0,0,0,0
constant kind=vs type=i reg=2 values=0,0,0,0
constant kind=vs type=i reg=3 values=0,0,0,0
constant kind=vs type=i reg=4 values=0,0,0,0
constant kind=vs type=i reg=5 values=0,0,0,0
constant kind=vs type=i reg=6 values=0,0,0,0
constant kind=vs type=i reg=7 values=0,0,0,0
constant kind=vs type=i reg=8 values=0,0,0,0
constant kind=vs type=i reg=9 values=0,0,0,0
constant kind=vs type=i reg=10 values=0,0,0,0
constant kind=vs type=i reg=11 values=0,0,0,0
constant kind=vs type=i reg=12 values=0,0,0,0
constant kind=vs type=i reg=13 values=0,0,0,0
constant kind=vs type=i reg=14 values=0,0,0,0
constant kind=vs type=i reg=15 values=0,0,0,0
constants kind=vs type=b count=16 result=00000000 encoding=full
constant kind=vs type=b reg=0 values=0
constant kind=vs type=b reg=1 values=0
constant kind=vs type=b reg=2 values=0
constant kind=vs type=b reg=3 values=0
constant kind=vs type=b reg=4 values=0
constant kind=vs type=b reg=5 values=0
constant kind=vs type=b reg=6 values=0
constant kind=vs type=b reg=7 values=0
constant kind=vs type=b reg=8 values=0
constant kind=vs type=b reg=9 values=0
constant kind=vs type=b reg=10 values=0
constant kind=vs type=b reg=11 values=0
constant kind=vs type=b reg=12 values=0
constant kind=vs type=b reg=13 values=0
constant kind=vs type=b reg=14 values=0
constant kind=vs type=b reg=15 values=0
constants kind=ps type=f count=224 result=00000000 encoding=sparse_zero
constant kind=ps type=f reg=0 bits=3e4ccccd,3f19999a,3f666666,3f800000
constants kind=ps type=i count=16 result=00000000 encoding=full
constant kind=ps type=i reg=0 values=0,0,0,0
constant kind=ps type=i reg=1 values=0,0,0,0
constant kind=ps type=i reg=2 values=0,0,0,0
constant kind=ps type=i reg=3 values=0,0,0,0
constant kind=ps type=i reg=4 values=0,0,0,0
constant kind=ps type=i reg=5 values=0,0,0,0
constant kind=ps type=i reg=6 values=0,0,0,0
constant kind=ps type=i reg=7 values=0,0,0,0
constant kind=ps type=i reg=8 values=0,0,0,0
constant kind=ps type=i reg=9 values=0,0,0,0
constant kind=ps type=i reg=10 values=0,0,0,0
constant kind=ps type=i reg=11 values=0,0,0,0
constant kind=ps type=i reg=12 values=0,0,0,0
constant kind=ps type=i reg=13 values=0,0,0,0
constant kind=ps type=i reg=14 values=0,0,0,0
constant kind=ps type=i reg=15 values=0,0,0,0
constants kind=ps type=b count=16 result=00000000 encoding=full
constant kind=ps type=b reg=0 values=0
constant kind=ps type=b reg=1 values=0
constant kind=ps type=b reg=2 values=0
constant kind=ps type=b reg=3 values=0
constant kind=ps type=b reg=4 values=0
constant kind=ps type=b reg=5 values=0
constant kind=ps type=b reg=6 values=0
constant kind=ps type=b reg=7 values=0
constant kind=ps type=b reg=8 values=0
constant kind=ps type=b reg=9 values=0
constant kind=ps type=b reg=10 values=0
constant kind=ps type=b reg=11 values=0
constant kind=ps type=b reg=12 values=0
constant kind=ps type=b reg=13 values=0
constant kind=ps type=b reg=14 values=0
constant kind=ps type=b reg=15 values=0
draw_args vertex_ptr=0032feb0 stride=20
draw_result device=1 frame=1 index=1 result=00000000
frame_end device=1 frame=1 draws=1 capture=1 present=00000000
telemetry_presentation phase=reset_before device=1 thread=336 focus_window=00040056 device_window=00040056 width=64 height=64 format=22 count=1 msaa=0 quality=0 swap_effect=1 windowed=1 auto_depth=0 depth_format=0 flags=00000000 refresh=0 interval=2147483648
reset_begin ptr=00113180 device=1
telemetry_presentation phase=reset_after device=1 thread=336 focus_window=00040056 device_window=00040056 width=64 height=64 format=22 count=1 msaa=0 quality=0 swap_effect=1 windowed=1 auto_depth=0 depth_format=0 flags=00000000 refresh=0 interval=2147483648
telemetry_summary device=1 frame=2 reason=reset qpc=7916173459679 since_start_us=1847489.250 interval_us=63642.500 position_suppressed=299 cursor_changes_suppressed=1
telemetry_metric device=1 name=present_normal count=1 failures=0 total_us=294.200 min_us=294.200 max_us=294.200 bytes=0 buckets=0,0,1,0,0,0
telemetry_metric device=1 name=present_capture count=1 failures=0 total_us=20.500 min_us=20.500 max_us=20.500 bytes=0 buckets=0,1,0,0,0,0
telemetry_metric device=1 name=frame_capture count=1 failures=0 total_us=22211.102 min_us=22211.102 max_us=22211.102 bytes=0 buckets=0,0,0,0,1,0
telemetry_metric device=1 name=draw_backend count=1 failures=0 total_us=3507.900 min_us=3507.900 max_us=3507.900 bytes=0 buckets=0,0,0,1,0,0
telemetry_metric device=1 name=capture_cpu count=9 failures=0 total_us=3374.800 min_us=6.000 max_us=2809.700 bytes=0 buckets=2,4,2,1,0,0
telemetry_metric device=1 name=snapshot count=1 failures=0 total_us=1545.600 min_us=1545.600 max_us=1545.600 bytes=0 buckets=0,0,0,1,0,0
telemetry_metric device=1 name=shader_ps_backend count=1 failures=0 total_us=735.600 min_us=735.600 max_us=735.600 bytes=0 buckets=0,0,1,0,0,0
telemetry_metric device=1 name=cube_texture count=1 failures=0 total_us=308.300 min_us=308.300 max_us=308.300 bytes=0 buckets=0,0,1,0,0,0
telemetry_metric device=1 name=volume_texture count=1 failures=0 total_us=222.900 min_us=222.900 max_us=222.900 bytes=0 buckets=0,0,1,0,0,0
telemetry_metric device=1 name=render_target count=1 failures=0 total_us=246.500 min_us=246.500 max_us=246.500 bytes=0 buckets=0,0,1,0,0,0
telemetry_metric device=1 name=depth_stencil count=1 failures=0 total_us=50.300 min_us=50.300 max_us=50.300 bytes=0 buckets=0,1,0,0,0,0
telemetry_metric device=1 name=vertex_buffer count=1 failures=0 total_us=413.200 min_us=413.200 max_us=413.200 bytes=64 buckets=0,0,1,0,0,0
telemetry_metric device=1 name=index_buffer count=1 failures=0 total_us=127.900 min_us=127.900 max_us=127.900 bytes=12 buckets=0,0,1,0,0,0
telemetry_metric device=1 name=reset count=1 failures=0 total_us=21726.100 min_us=21726.100 max_us=21726.100 bytes=0 buckets=0,0,0,0,1,0
telemetry_metric device=1 name=log_flush count=3 failures=0 total_us=4.800 min_us=0.700 max_us=3.300 bytes=0 buckets=3,0,0,0,0,0
telemetry_metric device=1 name=cursor_properties count=1 failures=0 total_us=2216.700 min_us=2216.700 max_us=2216.700 bytes=0 buckets=0,0,0,1,0,0
telemetry_metric device=1 name=cursor_position count=300 failures=0 total_us=6211.500 min_us=8.500 max_us=162.500 bytes=0 buckets=18,280,2,0,0,0
telemetry_metric device=1 name=cursor_show count=3 failures=0 total_us=215.100 min_us=30.100 max_us=144.200 bytes=0 buckets=0,2,1,0,0,0
reset_end device=1 result=00000000
telemetry_first_present device=1 frame=2 qpc=7916173462252 since_start_us=1847746.500 capture=0 reset_count=1
telemetry_summary device=1 frame=3 reason=device_destroy qpc=7916173583825 since_start_us=1859903.875 interval_us=12414.600 position_suppressed=0 cursor_changes_suppressed=0
telemetry_metric device=1 name=present_normal count=1 failures=0 total_us=18.400 min_us=18.400 max_us=18.400 bytes=0 buckets=0,1,0,0,0,0
telemetry_metric device=1 name=log_flush count=2 failures=0 total_us=0.800 min_us=0.200 max_us=0.600 bytes=0 buckets=2,0,0,0,0,0
telemetry_summary device=0 frame=3 reason=device_destroy qpc=7916173584685 since_start_us=1859989.875 interval_us=79029.000 position_suppressed=0 cursor_changes_suppressed=0
telemetry_metric device=0 name=lock_wait count=339 failures=0 total_us=890.200 min_us=0.000 max_us=438.900 bytes=0 buckets=337,0,2,0,0,0
telemetry_metric device=0 name=shader_inspect count=2 failures=0 total_us=1766.500 min_us=3.300 max_us=1763.200 bytes=0 buckets=1,0,0,1,0,0
telemetry_metric device=0 name=shader_getfunction count=2 failures=0 total_us=211.200 min_us=0.900 max_us=210.300 bytes=0 buckets=1,0,1,0,0,0
telemetry_metric device=0 name=shader_hash count=2 failures=0 total_us=0.700 min_us=0.200 max_us=0.500 bytes=40 buckets=2,0,0,0,0,0
telemetry_metric device=0 name=shader_dump count=1 failures=0 total_us=1533.000 min_us=1533.000 max_us=1533.000 bytes=20 buckets=0,0,0,1,0,0
telemetry_metric device=0 name=log_flush count=1 failures=0 total_us=196.100 min_us=196.100 max_us=196.100 bytes=0 buckets=0,0,1,0,0,0
device_destroy ptr=00113180 device=1
