-- Configuring done (0.4s)
-- Generating done (0.2s)
-- Build files have been written to: /Users/asvetl/x3-mod/build
[  0%] Building CXX object CMakeFiles/gpu_sync_timing_fixture.dir/verification/probe/gpu_sync_timing_fixture.cpp.obj
[  1%] Baking spatial-fog family fields
[  3%] Building CXX object CMakeFiles/window_mode_fixture.dir/verification/probe/window_mode_fixture.cpp.obj
[  3%] Refreshing compiled-in source commit
source commit: 8f03c306c25536e5af7782edc21af428080b74e7
[  3%] Built target x3m_source_commit
[  4%] Building CXX object CMakeFiles/gpu_sync_timing_fixture.dir/src/renderer/gpu_sync_timing.cpp.obj
[  4%] Building CXX object CMakeFiles/window_mode_fixture.dir/src/proxy/window_mode.cpp.obj
[  5%] Linking CXX executable window_mode_fixture.exe
[  5%] Building CXX object CMakeFiles/cursor_reassert_fixture.dir/verification/probe/cursor_reassert_fixture.cpp.obj
[  6%] Linking CXX executable gpu_sync_timing_fixture.exe
[  6%] Built target window_mode_fixture
[  7%] Building CXX object CMakeFiles/d3d11_interop_fixture.dir/verification/probe/d3d11_interop_fixture.cpp.obj
[  7%] Built target gpu_sync_timing_fixture
[  8%] Building CXX object CMakeFiles/cursor_reassert_fixture.dir/src/proxy/cursor_reassert.cpp.obj
[  9%] Building CXX object CMakeFiles/cursor_reassert_fixture.dir/src/proxy/window_trace.cpp.obj
[  9%] Building CXX object CMakeFiles/cursor_reassert_fixture.dir/src/proxy/loading_trace_light.cpp.obj
[ 10%] Building CXX object CMakeFiles/gpu_backend_ab_fixture.dir/verification/probe/gpu_backend_ab_fixture.cpp.obj
[ 11%] Linking CXX executable cursor_reassert_fixture.exe
[ 11%] Built target cursor_reassert_fixture
[ 11%] Building CXX object CMakeFiles/occlusion_cull_fixture.dir/verification/probe/occlusion_cull_fixture.cpp.obj
[ 12%] Linking CXX executable d3d11_interop_fixture.exe
[ 12%] Built target d3d11_interop_fixture
[ 13%] Building CXX object CMakeFiles/occlusion_cull_fixture.dir/src/renderer/occlusion_cull_pass.cpp.obj
[ 14%] Building CXX object CMakeFiles/d3d9_backend_smoke_fixture.dir/verification/probe/d3d9_backend_smoke_fixture.cpp.obj
[ 15%] Linking CXX executable gpu_backend_ab_fixture.exe
[ 16%] Linking CXX executable occlusion_cull_fixture.exe
[ 16%] Built target occlusion_cull_fixture
[ 16%] Built target gpu_backend_ab_fixture
[ 17%] Linking CXX executable d3d9_backend_smoke_fixture.exe
[ 17%] Built target d3d9_backend_smoke_fixture
{"output": "/Users/asvetl/x3-mod/build/generated/fog_field", "packet_bytes": 34142200, "profiles": 14, "seconds": 21.771066083}
[ 17%] Built target x3m_fog_field_assets
[ 17%] Building compositor CPU boundary
[ 18%] Packaging compositor SEH (GNU/no-SafeSEH, narrow CRT import)
[ 19%] Building CXX object CMakeFiles/fog_family_file_fixture.dir/verification/probe/fog_family_file_fixture.cpp.obj
[ 19%] Building CXX object CMakeFiles/fog_family_file_fixture.dir/src/renderer/fog_field_assets.cpp.obj
/Users/asvetl/x3-mod/build/compositor_bridge
[ 19%] Building CXX object CMakeFiles/d3d9.dir/src/renderer/bloom_pass.cpp.obj
[ 20%] Building CXX object CMakeFiles/d3d9.dir/src/proxy/compositor_owner.cpp.obj
[ 21%] Building CXX object CMakeFiles/d3d9.dir/src/proxy/loader.cpp.obj
[ 22%] Building CXX object CMakeFiles/d3d9.dir/src/proxy/config.cpp.obj
[ 23%] Building CXX object CMakeFiles/d3d9.dir/src/proxy/capture.cpp.obj
[ 23%] Building CXX object CMakeFiles/d3d9.dir/src/proxy/session_log.cpp.obj
[ 24%] Building CXX object CMakeFiles/d3d9.dir/src/proxy/proxy_identity.cpp.obj
[ 25%] Building CXX object CMakeFiles/d3d9.dir/src/proxy/capture_state.cpp.obj
[ 26%] Linking CXX executable fog_family_file_fixture.exe
[ 26%] Built target fog_family_file_fixture
[ 27%] Building CXX object CMakeFiles/d3d9.dir/src/proxy/comparison_notice.cpp.obj
[ 27%] Building CXX object CMakeFiles/d3d9.dir/src/proxy/motion_capture.cpp.obj
[ 28%] Building CXX object CMakeFiles/d3d9.dir/src/ownership/execution_state.cpp.obj
[ 29%] Building CXX object CMakeFiles/d3d9.dir/src/ownership/application_admission.cpp.obj
[ 29%] Building CXX object CMakeFiles/d3d9.dir/src/ownership/application_admission_abi.cpp.obj
[ 30%] Building CXX object CMakeFiles/d3d9.dir/src/proxy/scene_capture.cpp.obj
[ 31%] Building CXX object CMakeFiles/d3d9.dir/src/proxy/object_trace.cpp.obj
[ 32%] Building CXX object CMakeFiles/d3d9.dir/src/proxy/scene_hook.cpp.obj
[ 32%] Building CXX object CMakeFiles/d3d9.dir/src/proxy/camera_state.cpp.obj
[ 33%] Building CXX object CMakeFiles/d3d9.dir/src/proxy/sun_light_poll.cpp.obj
[ 34%] Building CXX object CMakeFiles/d3d9.dir/src/proxy/chase_camera.cpp.obj
[ 35%] Building CXX object CMakeFiles/d3d9.dir/src/proxy/chase_aim_trace.cpp.obj
[ 35%] Building CXX object CMakeFiles/d3d9.dir/src/proxy/chase_fire.cpp.obj
[ 36%] Building CXX object CMakeFiles/d3d9.dir/src/proxy/telemetry.cpp.obj
[ 37%] Building CXX object CMakeFiles/d3d9.dir/src/proxy/engine_memory.cpp.obj
[ 37%] Building CXX object CMakeFiles/d3d9.dir/src/proxy/fade_region.cpp.obj
[ 38%] Building CXX object CMakeFiles/d3d9.dir/src/proxy/chase_transition.cpp.obj
[ 39%] Building CXX object CMakeFiles/d3d9.dir/src/proxy/chase_lead.cpp.obj
[ 40%] Building CXX object CMakeFiles/d3d9.dir/src/proxy/game_phases.cpp.obj
[ 40%] Building CXX object CMakeFiles/d3d9.dir/src/proxy/voice_dmo_fallback.cpp.obj
[ 41%] Building CXX object CMakeFiles/d3d9.dir/src/proxy/terran_station_lod.cpp.obj
[ 42%] Building CXX object CMakeFiles/d3d9.dir/src/proxy/lod_occlusion.cpp.obj
[ 42%] Building CXX object CMakeFiles/d3d9.dir/src/proxy/engine_effects_patch.cpp.obj
[ 43%] Building CXX object CMakeFiles/d3d9.dir/src/proxy/fov.cpp.obj
[ 44%] Building CXX object CMakeFiles/d3d9.dir/src/proxy/ui_scale.cpp.obj
[ 45%] Building CXX object CMakeFiles/d3d9.dir/src/proxy/text_density.cpp.obj
[ 45%] Building CXX object CMakeFiles/d3d9.dir/src/proxy/sun_flare_fix.cpp.obj
[ 46%] Building CXX object CMakeFiles/d3d9.dir/src/proxy/dust_leak_fix.cpp.obj
[ 47%] Building CXX object CMakeFiles/d3d9.dir/src/proxy/point_light_admission.cpp.obj
[ 48%] Building CXX object CMakeFiles/d3d9.dir/src/proxy/cull_census.cpp.obj
[ 48%] Building CXX object CMakeFiles/d3d9.dir/src/proxy/scene_graph_census.cpp.obj
[ 49%] Building CXX object CMakeFiles/d3d9.dir/src/proxy/cull_small_parts.cpp.obj
[ 50%] Building CXX object CMakeFiles/d3d9.dir/src/proxy/engine_far_jets.cpp.obj
[ 50%] Building CXX object CMakeFiles/d3d9.dir/src/proxy/lens_flare_cull.cpp.obj
[ 51%] Building CXX object CMakeFiles/d3d9.dir/src/proxy/occlusion_engine_cull.cpp.obj
[ 52%] Building CXX object CMakeFiles/d3d9.dir/src/proxy/engine_effects.cpp.obj
[ 53%] Building CXX object CMakeFiles/d3d9.dir/src/proxy/frame_timing.cpp.obj
[ 53%] Building CXX object CMakeFiles/d3d9.dir/src/proxy/frame_phases.cpp.obj
[ 54%] Building CXX object CMakeFiles/d3d9.dir/src/proxy/pass_phases.cpp.obj
[ 55%] Building CXX object CMakeFiles/d3d9.dir/src/proxy/residual_phases.cpp.obj
[ 56%] Building CXX object CMakeFiles/d3d9.dir/src/proxy/submit_phases.cpp.obj
[ 56%] Building CXX object CMakeFiles/d3d9.dir/src/proxy/light_phases.cpp.obj
[ 57%] Building CXX object CMakeFiles/d3d9.dir/src/proxy/loop_phases.cpp.obj
[ 58%] Building CXX object CMakeFiles/d3d9.dir/src/proxy/lean_stub.cpp.obj
[ 58%] Building CXX object CMakeFiles/d3d9.dir/src/proxy/media_cue.cpp.obj
[ 59%] Building CXX object CMakeFiles/d3d9.dir/src/proxy/collide_box_cull.cpp.obj
[ 61%] Building CXX object CMakeFiles/d3d9.dir/src/proxy/collide_narrow_census.cpp.obj
[ 61%] Building CXX object CMakeFiles/d3d9.dir/src/proxy/pause_key_only.cpp.obj
[ 61%] Building CXX object CMakeFiles/d3d9.dir/src/proxy/collide_sat_sse2.cpp.obj
[ 62%] Building CXX object CMakeFiles/d3d9.dir/src/proxy/collide_memo.cpp.obj
[ 63%] Building CXX object CMakeFiles/d3d9.dir/src/proxy/music_keep.cpp.obj
[ 64%] Building CXX object CMakeFiles/d3d9.dir/src/proxy/run_in_background.cpp.obj
[ 64%] Building CXX object CMakeFiles/d3d9.dir/src/proxy/collide_query_phases.cpp.obj
[ 65%] Building CXX object CMakeFiles/d3d9.dir/src/proxy/sun_occlusion.cpp.obj
[ 66%] Building CXX object CMakeFiles/d3d9.dir/src/proxy/window_mode.cpp.obj
[ 66%] Building CXX object CMakeFiles/d3d9.dir/src/proxy/window_trace.cpp.obj
[ 67%] Building CXX object CMakeFiles/d3d9.dir/src/proxy/cursor_reassert.cpp.obj
[ 68%] Building CXX object CMakeFiles/d3d9.dir/src/proxy/loading_trace.cpp.obj
[ 69%] Building CXX object CMakeFiles/d3d9.dir/src/proxy/loading_trace_light.cpp.obj
[ 69%] Building CXX object CMakeFiles/d3d9.dir/src/proxy/gz_buffer.cpp.obj
[ 70%] Building CXX object CMakeFiles/d3d9.dir/src/proxy/crypt_cache.cpp.obj
[ 71%] Building CXX object CMakeFiles/d3d9.dir/src/proxy/sampling_profiler.cpp.obj
[ 71%] Building CXX object CMakeFiles/d3d9.dir/src/ownership/d3d9_ownership.cpp.obj
[ 72%] Building CXX object CMakeFiles/d3d9.dir/src/proxy/engine_patch.cpp.obj
[ 73%] Building CXX object CMakeFiles/d3d9.dir/src/proxy/loading_probes.cpp.obj
[ 74%] Building CXX object CMakeFiles/d3d9.dir/src/proxy/resource_reader.cpp.obj
[ 74%] Building CXX object CMakeFiles/d3d9.dir/src/proxy/resource_reader_core.cpp.obj
[ 75%] Building CXX object CMakeFiles/d3d9.dir/src/ownership/finite_buffer_evidence.cpp.obj
[ 76%] Building CXX object CMakeFiles/d3d9.dir/src/ownership/portable_managed_upload.cpp.obj
[ 77%] Building CXX object CMakeFiles/d3d9.dir/src/proxy/draw_input.cpp.obj
[ 77%] Building CXX object CMakeFiles/d3d9.dir/src/proxy/object_lifetime.cpp.obj
[ 78%] Building CXX object CMakeFiles/d3d9.dir/src/proxy/mesh_adjacency_fast.cpp.obj
[ 79%] Building CXX object CMakeFiles/d3d9.dir/src/renderer/temporal_pass.cpp.obj
[ 79%] Building CXX object CMakeFiles/d3d9.dir/src/renderer/hdr_pass.cpp.obj
[ 80%] Building CXX object CMakeFiles/d3d9.dir/src/renderer/exposure.cpp.obj
[ 81%] Building CXX object CMakeFiles/d3d9.dir/src/renderer/material_radiance.cpp.obj
[ 82%] Building CXX object CMakeFiles/d3d9.dir/src/renderer/engine_plumes_pass.cpp.obj
[ 82%] Building CXX object CMakeFiles/d3d9.dir/src/renderer/engine_ribbons_pass.cpp.obj
[ 83%] Building CXX object CMakeFiles/d3d9.dir/src/renderer/engine_shimmer_pass.cpp.obj
[ 84%] Building CXX object CMakeFiles/d3d9.dir/src/renderer/gpu_sync_timing.cpp.obj
[ 85%] Building CXX object CMakeFiles/d3d9.dir/src/renderer/fog_pass.cpp.obj
[ 85%] Building CXX object CMakeFiles/d3d9.dir/src/fog/fog_density_cache.cpp.obj
[ 86%] Building CXX object CMakeFiles/d3d9.dir/src/fog/fog_density_generator.cpp.obj
[ 87%] Building CXX object CMakeFiles/d3d9.dir/src/renderer/shadow_replay_pass.cpp.obj
[ 87%] Building CXX object CMakeFiles/d3d9.dir/src/renderer/sun_shadow_apply_pass.cpp.obj
[ 88%] Building CXX object CMakeFiles/d3d9.dir/src/renderer/sun_occlusion_pass.cpp.obj
[ 89%] Building CXX object CMakeFiles/d3d9.dir/src/renderer/lens_visibility_variant.cpp.obj
[ 90%] Building CXX object CMakeFiles/d3d9.dir/src/renderer/occlusion_cull_pass.cpp.obj
[ 90%] Building CXX object CMakeFiles/d3d9.dir/src/renderer/motion_history.cpp.obj
[ 91%] Building CXX object CMakeFiles/d3d9.dir/src/renderer/rigid_position.cpp.obj
[ 92%] Building CXX object CMakeFiles/d3d9.dir/src/renderer/shader_population.cpp.obj
[ 92%] Building CXX object CMakeFiles/d3d9.dir/src/renderer/material_motion.cpp.obj
[ 93%] Building CXX object CMakeFiles/d3d9.dir/src/renderer/linear_material.cpp.obj
[ 94%] Building CXX object CMakeFiles/d3d9.dir/src/renderer/linear_emission.cpp.obj
[ 95%] Building CXX object CMakeFiles/d3d9.dir/src/renderer/linear_emission_sm1.cpp.obj
[ 95%] Building CXX object CMakeFiles/d3d9.dir/src/renderer/linear_emission_pass.cpp.obj
[ 96%] Building CXX object CMakeFiles/d3d9.dir/src/renderer/motion_row_history.cpp.obj
[ 97%] Building CXX object CMakeFiles/d3d9.dir/src/proxy/motion_output.cpp.obj
[ 98%] Building CXX object CMakeFiles/d3d9.dir/src/renderer/rigid_motion.cpp.obj
[ 98%] Building CXX object CMakeFiles/d3d9.dir/src/renderer/rigid_replay_program.cpp.obj
[ 99%] Building CXX object CMakeFiles/d3d9.dir/src/renderer/fog_field_assets.cpp.obj
[100%] Building RC object CMakeFiles/d3d9.dir/generated/fog_field/fog_field_assets.rc.res
[100%] Linking CXX shared library d3d9.dll
[100%] Built target d3d9
